<testsuites id="" name="" tests="1123" failures="0" skipped="1123" errors="0" time="2.165554">
<testsuite name="activity-log.spec.ts" timestamp="2026-01-31T09:54:13.067Z" hostname="chromium" tests="14" failures="0" skipped="14" time="0" errors="0">
<testcase name="Activity Log Panel › should open activity log panel" classname="activity-log.spec.ts" time="0">
<skipped>
</skipped>
</testcase>
<testcase name="Activity Log Panel › should display activity log panel via toolbar" classname="activity-log.spec.ts" time="0">
<skipped>
</skipped>
</testcase>
<testcase name="Activity Log Panel › should toggle activity panel visibility" classname="activity-log.spec.ts" time="0">
<skipped>
</skipped>
</testcase>
<testcase name="Activity Log Panel › should display log entries or empty state" classname="activity-log.spec.ts" time="0">
<skipped>
</skipped>
</testcase>
<testcase name="Activity Log Panel › should display level filter" classname="activity-log.spec.ts" time="0">
<skipped>
</skipped>
</testcase>
<testcase name="Activity Log Panel › should display category filter" classname="activity-log.spec.ts" time="0">
<skipped>
</skipped>
</testcase>
<testcase name="Activity Log Panel › should have refresh functionality" classname="activity-log.spec.ts" time="0">
<skipped>
</skipped>
</testcase>
<testcase name="Activity Log Panel › should display log entry details" classname="activity-log.spec.ts" time="0">
<skipped>
</skipped>
</testcase>
<testcase name="Activity Log Panel › should support pagination when many logs exist" classname="activity-log.spec.ts" time="0">
<skipped>
</skipped>
</testcase>
<testcase name="Activity Log Filtering › should filter logs by error level" classname="activity-log.spec.ts" time="0">
<skipped>
</skipped>
</testcase>
<testcase name="Activity Log Filtering › should filter logs by info level" classname="activity-log.spec.ts" time="0">
<skipped>
</skipped>
</testcase>
<testcase name="Activity Log Filtering › should filter logs by proxy category" classname="activity-log.spec.ts" time="0">
<skipped>
</skipped>
</testcase>
<testcase name="Activity Log Filtering › should filter logs by automation category" classname="activity-log.spec.ts" time="0">
<skipped>
</skipped>
</testcase>
<testcase name="Activity Log Filtering › should show all logs when filter is cleared" classname="activity-log.spec.ts" time="0">
<skipped>
</skipped>
</testcase>
</testsuite>
<testsuite name="automation.spec.ts" timestamp="2026-01-31T09:54:13.067Z" hostname="chromium" tests="12" failures="0" skipped="12" time="0" errors="0">
<testcase name="Automation › should display automation panel" classname="automation.spec.ts" time="0">
<skipped>
</skipped>
</testcase>
<testcase name="Automation › should show search engine selector with all options" classname="automation.spec.ts" time="0">
<skipped>
</skipped>
</testcase>
<testcase name="Automation › should add keyword using button" classname="automation.spec.ts" time="0">
<skipped>
</skipped>
</testcase>
<testcase name="Automation › should add keyword using Enter key" classname="automation.spec.ts" time="0">
<skipped>
</skipped>
</testcase>
<testcase name="Automation › should add target domain using button" classname="automation.spec.ts" time="0">
<skipped>
</skipped>
</testcase>
<testcase name="Automation › should add target domain using Enter key" classname="automation.spec.ts" time="0">
<skipped>
</skipped>
</testcase>
<testcase name="Automation › should show start button" classname="automation.spec.ts" time="0">
<skipped>
</skipped>
</testcase>
<testcase name="Automation › should disable start button when no keywords" classname="automation.spec.ts" time="0">
<skipped>
</skipped>
</testcase>
<testcase name="Automation › should enable start button when keywords added" classname="automation.spec.ts" time="0">
<skipped>
</skipped>
</testcase>
<testcase name="Automation › should change search engine" classname="automation.spec.ts" time="0">
<skipped>
</skipped>
</testcase>
<testcase name="Automation › should display keyword count" classname="automation.spec.ts" time="0">
<skipped>
</skipped>
</testcase>
<testcase name="Automation › should display domain count" classname="automation.spec.ts" time="0">
<skipped>
</skipped>
</testcase>
</testsuite>
<testsuite name="captcha-detection.spec.ts" timestamp="2026-01-31T09:54:13.067Z" hostname="chromium" tests="10" failures="0" skipped="10" time="0" errors="0">
<testcase name="Captcha Detection › should display automation panel for captcha-aware automation" classname="captcha-detection.spec.ts" time="0">
<skipped>
</skipped>
</testcase>
<testcase name="Captcha Detection › should allow search engine selection for captcha handling" classname="captcha-detection.spec.ts" time="0">
<skipped>
</skipped>
</testcase>
<testcase name="Captcha Detection › should setup automation that may encounter captchas" classname="captcha-detection.spec.ts" time="0">
<skipped>
</skipped>
</testcase>
<testcase name="Captcha Detection › should have start/stop controls for captcha-interrupted automation" classname="captcha-detection.spec.ts" time="0">
<skipped>
</skipped>
</testcase>
<testcase name="Captcha Detection › should display keyword list that may trigger captchas" classname="captcha-detection.spec.ts" time="0">
<skipped>
</skipped>
</testcase>
<testcase name="Captcha Detection › should support domain targeting for captcha avoidance" classname="captcha-detection.spec.ts" time="0">
<skipped>
</skipped>
</testcase>
<testcase name="Captcha Detection › should verify automation panel has all required elements" classname="captcha-detection.spec.ts" time="0">
<skipped>
</skipped>
</testcase>
<testcase name="Captcha Detection › should allow keyword removal for captcha rate management" classname="captcha-detection.spec.ts" time="0">
<skipped>
</skipped>
</testcase>
<testcase name="Captcha Detection › should display address bar for manual captcha solving navigation" classname="captcha-detection.spec.ts" time="0">
<skipped>
</skipped>
</testcase>
<testcase name="Captcha Detection › should have navigation controls for captcha page handling" classname="captcha-detection.spec.ts" time="0">
<skipped>
</skipped>
</testcase>
</testsuite>
<testsuite name="circuit-breaker.spec.ts" timestamp="2026-01-31T09:54:13.067Z" hostname="chromium" tests="10" failures="0" skipped="10" time="0" errors="0">
<testcase name="Circuit Breaker › should display proxy failure statistics" classname="circuit-breaker.spec.ts" time="0">
<skipped>
</skipped>
</testcase>
<testcase name="Circuit Breaker › should display active proxy count for circuit breaker decisions" classname="circuit-breaker.spec.ts" time="0">
<skipped>
</skipped>
</testcase>
<testcase name="Circuit Breaker › should have failure-aware rotation strategy for circuit breaker" classname="circuit-breaker.spec.ts" time="0">
<skipped>
</skipped>
</testcase>
<testcase name="Circuit Breaker › should display proxy list with status indicators" classname="circuit-breaker.spec.ts" time="0">
<skipped>
</skipped>
</testcase>
<testcase name="Circuit Breaker › should display total proxy count for circuit breaker pool" classname="circuit-breaker.spec.ts" time="0">
<skipped>
</skipped>
</testcase>
<testcase name="Circuit Breaker › should allow adding proxies to circuit breaker pool" classname="circuit-breaker.spec.ts" time="0">
<skipped>
</skipped>
</testcase>
<testcase name="Circuit Breaker › should display all three status categories for circuit breaker" classname="circuit-breaker.spec.ts" time="0">
<skipped>
</skipped>
</testcase>
<testcase name="Circuit Breaker › should support switching between rotation strategies for resilience" classname="circuit-breaker.spec.ts" time="0">
<skipped>
</skipped>
</testcase>
<testcase name="Circuit Breaker › should maintain circuit breaker configuration after panel toggle" classname="circuit-breaker.spec.ts" time="0">
<skipped>
</skipped>
</testcase>
<testcase name="Circuit Breaker › should display empty state when no proxies in circuit breaker pool" classname="circuit-breaker.spec.ts" time="0">
<skipped>
</skipped>
</testcase>
</testsuite>
<testsuite name="creator-support.spec.ts" timestamp="2026-01-31T09:54:13.067Z" hostname="chromium" tests="7" failures="0" skipped="7" time="0" errors="0">
<testcase name="Creator Support Flow › should be able to add creator URL as target domain" classname="creator-support.spec.ts" time="0">
<skipped>
</skipped>
</testcase>
<testcase name="Creator Support Flow › should be able to add multiple creator domains" classname="creator-support.spec.ts" time="0">
<skipped>
</skipped>
</testcase>
<testcase name="Creator Support Flow › should setup automation for creator support" classname="creator-support.spec.ts" time="0">
<skipped>
</skipped>
</testcase>
<testcase name="Creator Support Flow › should be able to start creator support automation" classname="creator-support.spec.ts" time="0">
<skipped>
</skipped>
</testcase>
<testcase name="Creator Support Flow › should validate creator domain format" classname="creator-support.spec.ts" time="0">
<skipped>
</skipped>
</testcase>
<testcase name="Creator Support Flow › should display creator support statistics after setup" classname="creator-support.spec.ts" time="0">
<skipped>
</skipped>
</testcase>
<testcase name="Creator Support Flow › should be able to remove creator from list" classname="creator-support.spec.ts" time="0">
<skipped>
</skipped>
</testcase>
</testsuite>
<testsuite name="database-migration-004.spec.ts" timestamp="2026-01-31T09:54:13.067Z" hostname="chromium" tests="14" failures="0" skipped="14" time="0" errors="0">
<testcase name="Database Migration 004 @smoke @database › Migration Execution › should start app successfully with migration 004 applied" classname="database-migration-004.spec.ts" time="0">
<skipped>
</skipped>
</testcase>
<testcase name="Database Migration 004 @smoke @database › Migration Execution › should execute migration without blocking UI" classname="database-migration-004.spec.ts" time="0">
<skipped>
</skipped>
</testcase>
<testcase name="Database Migration 004 @smoke @database › Migration Execution › should handle concurrent migrations gracefully" classname="database-migration-004.spec.ts" time="0">
<skipped>
</skipped>
</testcase>
<testcase name="Database Migration 004 @smoke @database › Index Verification › should load proxy list efficiently with idx_search_tasks_proxy_id" classname="database-migration-004.spec.ts" time="0">
<skipped>
</skipped>
</testcase>
<testcase name="Database Migration 004 @smoke @database › Index Verification › should load usage stats efficiently with idx_proxy_usage_composite" classname="database-migration-004.spec.ts" time="0">
<skipped>
</skipped>
</testcase>
<testcase name="Database Migration 004 @smoke @database › Index Verification › should load activity logs efficiently with idx_activity_logs_composite" classname="database-migration-004.spec.ts" time="0">
<skipped>
</skipped>
</testcase>
<testcase name="Database Migration 004 @smoke @database › Index Verification › should handle rotation events with idx_rotation_events_composite" classname="database-migration-004.spec.ts" time="0">
<skipped>
</skipped>
</testcase>
<testcase name="Database Migration 004 @smoke @database › Index Verification › should perform sticky session lookups efficiently" classname="database-migration-004.spec.ts" time="0">
<skipped>
</skipped>
</testcase>
<testcase name="Database Migration 004 @smoke @database › Data Integrity › should preserve proxy data after migration" classname="database-migration-004.spec.ts" time="0">
<skipped>
</skipped>
</testcase>
<testcase name="Database Migration 004 @smoke @database › Data Integrity › should preserve automation tasks after migration" classname="database-migration-004.spec.ts" time="0">
<skipped>
</skipped>
</testcase>
<testcase name="Database Migration 004 @smoke @database › Data Integrity › should preserve activity logs after migration" classname="database-migration-004.spec.ts" time="0">
<skipped>
</skipped>
</testcase>
<testcase name="Database Migration 004 @smoke @database › Data Integrity › should maintain referential integrity across tables" classname="database-migration-004.spec.ts" time="0">
<skipped>
</skipped>
</testcase>
<testcase name="Database Migration 004 @smoke @database › Rollback Safety › should handle database operations without crashes" classname="database-migration-004.spec.ts" time="0">
<skipped>
</skipped>
</testcase>
<testcase name="Database Migration 004 @smoke @database › Rollback Safety › should recover gracefully from simulated failures" classname="database-migration-004.spec.ts" time="0">
<skipped>
</skipped>
</testcase>
</testsuite>
<testsuite name="encryption-migration.spec.ts" timestamp="2026-01-31T09:54:13.067Z" hostname="chromium" tests="11" failures="0" skipped="11" time="0" errors="0">
<testcase name="Encryption Migration @smoke @security › Automatic Encryption Migration › should display encryption status indicator on dashboard" classname="encryption-migration.spec.ts" time="0">
<skipped>
</skipped>
</testcase>
<testcase name="Encryption Migration @smoke @security › Automatic Encryption Migration › should initialize encryption service on app start" classname="encryption-migration.spec.ts" time="0">
<skipped>
</skipped>
</testcase>
<testcase name="Encryption Migration @smoke @security › Automatic Encryption Migration › should handle encryption migration transparently" classname="encryption-migration.spec.ts" time="0">
<skipped>
</skipped>
</testcase>
<testcase name="Encryption Migration @smoke @security › Credential Accessibility › should access proxy credentials after migration" classname="encryption-migration.spec.ts" time="0">
<skipped>
</skipped>
</testcase>
<testcase name="Encryption Migration @smoke @security › Credential Accessibility › should encrypt new credentials using AES-256-GCM" classname="encryption-migration.spec.ts" time="0">
<skipped>
</skipped>
</testcase>
<testcase name="Encryption Migration @smoke @security › Credential Accessibility › should maintain credential integrity across sessions" classname="encryption-migration.spec.ts" time="0">
<skipped>
</skipped>
</testcase>
<testcase name="Encryption Migration @smoke @security › Fallback Encryption › should handle encryption gracefully when safeStorage unavailable" classname="encryption-migration.spec.ts" time="0">
<skipped>
</skipped>
</testcase>
<testcase name="Encryption Migration @smoke @security › Fallback Encryption › should use fallback encryption on unsupported platforms" classname="encryption-migration.spec.ts" time="0">
<skipped>
</skipped>
</testcase>
<testcase name="Encryption Migration @smoke @security › Security Event Logging › should log encryption-related security events" classname="encryption-migration.spec.ts" time="0">
<skipped>
</skipped>
</testcase>
<testcase name="Encryption Migration @smoke @security › Security Event Logging › should not expose sensitive data in logs" classname="encryption-migration.spec.ts" time="0">
<skipped>
</skipped>
</testcase>
<testcase name="Encryption Migration @smoke @security › Security Event Logging › should log migration events on upgrade" classname="encryption-migration.spec.ts" time="0">
<skipped>
</skipped>
</testcase>
</testsuite>
<testsuite name="error-handling.spec.ts" timestamp="2026-01-31T09:54:13.067Z" hostname="chromium" tests="16" failures="0" skipped="16" time="0" errors="0">
<testcase name="Input Validation › should not add empty keyword" classname="error-handling.spec.ts" time="0">
<skipped>
</skipped>
</testcase>
<testcase name="Input Validation › should not add empty domain" classname="error-handling.spec.ts" time="0">
<skipped>
</skipped>
</testcase>
<testcase name="Input Validation › should trim whitespace from keyword input" classname="error-handling.spec.ts" time="0">
<skipped>
</skipped>
</testcase>
<testcase name="Input Validation › should handle special characters in keyword" classname="error-handling.spec.ts" time="0">
<skipped>
</skipped>
</testcase>
<testcase name="Input Validation › should validate domain format" classname="error-handling.spec.ts" time="0">
<skipped>
</skipped>
</testcase>
<testcase name="Empty States › should display empty state when no proxies configured" classname="error-handling.spec.ts" time="0">
<skipped>
</skipped>
</testcase>
<testcase name="Empty States › should display empty keywords state" classname="error-handling.spec.ts" time="0">
<skipped>
</skipped>
</testcase>
<testcase name="Empty States › should display empty domains state" classname="error-handling.spec.ts" time="0">
<skipped>
</skipped>
</testcase>
<testcase name="Button States › should disable start button when no keywords" classname="error-handling.spec.ts" time="0">
<skipped>
</skipped>
</testcase>
<testcase name="Button States › should enable start button when keywords added" classname="error-handling.spec.ts" time="0">
<skipped>
</skipped>
</testcase>
<testcase name="Button States › should disable start button when all keywords removed" classname="error-handling.spec.ts" time="0">
<skipped>
</skipped>
</testcase>
<testcase name="State Persistence › should maintain privacy settings after panel toggle" classname="error-handling.spec.ts" time="0">
<skipped>
</skipped>
</testcase>
<testcase name="State Persistence › should maintain proxy strategy after panel switch" classname="error-handling.spec.ts" time="0">
<skipped>
</skipped>
</testcase>
<testcase name="State Persistence › should maintain automation config after panel switch" classname="error-handling.spec.ts" time="0">
<skipped>
</skipped>
</testcase>
<testcase name="UI Recovery › should recover from rapid panel switching" classname="error-handling.spec.ts" time="0">
<skipped>
</skipped>
</testcase>
<testcase name="UI Recovery › should handle rapid add/remove operations" classname="error-handling.spec.ts" time="0">
<skipped>
</skipped>
</testcase>
</testsuite>
<testsuite name="magic-ui-components.spec.ts" timestamp="2026-01-31T09:54:13.067Z" hostname="chromium" tests="22" failures="0" skipped="22" time="0" errors="0">
<testcase name="Magic UI Components @smoke @ui › Particles Background › should render particles canvas on dashboard" classname="magic-ui-components.spec.ts" time="0">
<skipped>
</skipped>
</testcase>
<testcase name="Magic UI Components @smoke @ui › Particles Background › should have working canvas context" classname="magic-ui-components.spec.ts" time="0">
<skipped>
</skipped>
</testcase>
<testcase name="Magic UI Components @smoke @ui › Particles Background › should animate particles smoothly" classname="magic-ui-components.spec.ts" time="0">
<skipped>
</skipped>
</testcase>
<testcase name="Magic UI Components @smoke @ui › BorderBeam Component › should display BorderBeam on active proxy card" classname="magic-ui-components.spec.ts" time="0">
<skipped>
</skipped>
</testcase>
<testcase name="Magic UI Components @smoke @ui › BorderBeam Component › should animate BorderBeam continuously" classname="magic-ui-components.spec.ts" time="0">
<skipped>
</skipped>
</testcase>
<testcase name="Magic UI Components @smoke @ui › Confetti Component › should trigger confetti on automation success" classname="magic-ui-components.spec.ts" time="0">
<skipped>
</skipped>
</testcase>
<testcase name="Magic UI Components @smoke @ui › Confetti Component › should render confetti particles correctly" classname="magic-ui-components.spec.ts" time="0">
<skipped>
</skipped>
</testcase>
<testcase name="Magic UI Components @smoke @ui › AnimatedList Component › should render AnimatedList in activity log" classname="magic-ui-components.spec.ts" time="0">
<skipped>
</skipped>
</testcase>
<testcase name="Magic UI Components @smoke @ui › AnimatedList Component › should animate list items on entry" classname="magic-ui-components.spec.ts" time="0">
<skipped>
</skipped>
</testcase>
<testcase name="Magic UI Components @smoke @ui › AnimatedList Component › should support smooth scrolling in lists" classname="magic-ui-components.spec.ts" time="0">
<skipped>
</skipped>
</testcase>
<testcase name="Magic UI Components @smoke @ui › Animation Settings Panel › should display animation settings in settings panel" classname="magic-ui-components.spec.ts" time="0">
<skipped>
</skipped>
</testcase>
<testcase name="Magic UI Components @smoke @ui › Animation Settings Panel › should toggle animations on/off" classname="magic-ui-components.spec.ts" time="0">
<skipped>
</skipped>
</testcase>
<testcase name="Magic UI Components @smoke @ui › Animation Settings Panel › should persist animation preferences" classname="magic-ui-components.spec.ts" time="0">
<skipped>
</skipped>
</testcase>
<testcase name="Magic UI Components @smoke @ui › Animation Settings Panel › should have individual component toggles" classname="magic-ui-components.spec.ts" time="0">
<skipped>
</skipped>
</testcase>
<testcase name="Magic UI Components @smoke @ui › Reduced Motion Support › should respect prefers-reduced-motion" classname="magic-ui-components.spec.ts" time="0">
<skipped>
</skipped>
</testcase>
<testcase name="Magic UI Components @smoke @ui › Reduced Motion Support › should disable particles when reduced motion is set" classname="magic-ui-components.spec.ts" time="0">
<skipped>
</skipped>
</testcase>
<testcase name="Magic UI Components @smoke @ui › Reduced Motion Support › should show reduced motion indicator when active" classname="magic-ui-components.spec.ts" time="0">
<skipped>
</skipped>
</testcase>
<testcase name="Magic UI Components @smoke @ui › Reduced Motion Support › should allow manual override of reduced motion" classname="magic-ui-components.spec.ts" time="0">
<skipped>
</skipped>
</testcase>
<testcase name="Magic UI Components @smoke @ui › Additional Magic UI Components › should render NeonGradientCard correctly" classname="magic-ui-components.spec.ts" time="0">
<skipped>
</skipped>
</testcase>
<testcase name="Magic UI Components @smoke @ui › Additional Magic UI Components › should render NumberTicker with animations" classname="magic-ui-components.spec.ts" time="0">
<skipped>
</skipped>
</testcase>
<testcase name="Magic UI Components @smoke @ui › Additional Magic UI Components › should render ShimmerButton with effect" classname="magic-ui-components.spec.ts" time="0">
<skipped>
</skipped>
</testcase>
<testcase name="Magic UI Components @smoke @ui › Additional Magic UI Components › should render PulsatingButton correctly" classname="magic-ui-components.spec.ts" time="0">
<skipped>
</skipped>
</testcase>
</testsuite>
<testsuite name="magic-ui-ux.spec.ts" timestamp="2026-01-31T09:54:13.067Z" hostname="chromium" tests="17" failures="0" skipped="17" time="0" errors="0">
<testcase name="BorderBeam Visual Tests @smoke › user sees BorderBeam on proxy connect" classname="magic-ui-ux.spec.ts" time="0">
<skipped>
</skipped>
</testcase>
<testcase name="BorderBeam Visual Tests @smoke › BorderBeam animation is smooth" classname="magic-ui-ux.spec.ts" time="0">
<skipped>
</skipped>
</testcase>
<testcase name="Activity Log Animation Tests › activity log animates smoothly" classname="magic-ui-ux.spec.ts" time="0">
<skipped>
</skipped>
</testcase>
<testcase name="Activity Log Animation Tests › new log entries animate in from top" classname="magic-ui-ux.spec.ts" time="0">
<skipped>
</skipped>
</testcase>
<testcase name="Confetti Animation Tests › confetti shows on automation success" classname="magic-ui-ux.spec.ts" time="0">
<skipped>
</skipped>
</testcase>
<testcase name="Confetti Animation Tests › confetti cleanup after animation" classname="magic-ui-ux.spec.ts" time="0">
<skipped>
</skipped>
</testcase>
<testcase name="Animation Settings Tests › animations can be disabled in settings" classname="magic-ui-ux.spec.ts" time="0">
<skipped>
</skipped>
</testcase>
<testcase name="Animation Settings Tests › prefers-reduced-motion is respected" classname="magic-ui-ux.spec.ts" time="0">
<skipped>
</skipped>
</testcase>
<testcase name="Animation Settings Tests › animations resume when reduced-motion disabled" classname="magic-ui-ux.spec.ts" time="0">
<skipped>
</skipped>
</testcase>
<testcase name="NeonGradientCard Visual Tests › neon gradient card renders with glow effect" classname="magic-ui-ux.spec.ts" time="0">
<skipped>
</skipped>
</testcase>
<testcase name="Particles Background Tests › particles render in dashboard background" classname="magic-ui-ux.spec.ts" time="0">
<skipped>
</skipped>
</testcase>
<testcase name="Particles Background Tests › particles do not interfere with UI interactions" classname="magic-ui-ux.spec.ts" time="0">
<skipped>
</skipped>
</testcase>
<testcase name="Animation Performance Tests › page maintains responsive interactions with animations" classname="magic-ui-ux.spec.ts" time="0">
<skipped>
</skipped>
</testcase>
<testcase name="Animation Performance Tests › animations do not cause layout shifts" classname="magic-ui-ux.spec.ts" time="0">
<skipped>
</skipped>
</testcase>
<testcase name="Animation Accessibility Tests @a11y › animated elements have appropriate ARIA attributes" classname="magic-ui-ux.spec.ts" time="0">
<skipped>
</skipped>
</testcase>
<testcase name="Animation Accessibility Tests @a11y › page is navigable with keyboard during animations" classname="magic-ui-ux.spec.ts" time="0">
<skipped>
</skipped>
</testcase>
<testcase name="Visual Regression Tests › capture baseline screenshots" classname="magic-ui-ux.spec.ts" time="0">
<properties>
<property name="skip" value="">
</property>
</properties>
<skipped>
</skipped>
</testcase>
</testsuite>
<testsuite name="navigation.spec.ts" timestamp="2026-01-31T09:54:13.067Z" hostname="chromium" tests="10" failures="0" skipped="10" time="0" errors="0">
<testcase name="Navigation &amp; UI › should display main UI elements" classname="navigation.spec.ts" time="0">
<skipped>
</skipped>
</testcase>
<testcase name="Navigation &amp; UI › should display all toolbar buttons" classname="navigation.spec.ts" time="0">
<skipped>
</skipped>
</testcase>
<testcase name="Navigation &amp; UI › should switch between panels" classname="navigation.spec.ts" time="0">
<skipped>
</skipped>
</testcase>
<testcase name="Navigation &amp; UI › should open activity log panel" classname="navigation.spec.ts" time="0">
<skipped>
</skipped>
</testcase>
<testcase name="Navigation &amp; UI › should open stats panel" classname="navigation.spec.ts" time="0">
<skipped>
</skipped>
</testcase>
<testcase name="Navigation &amp; UI › should open settings panel" classname="navigation.spec.ts" time="0">
<skipped>
</skipped>
</testcase>
<testcase name="Navigation &amp; UI › should close panel when clicking same button" classname="navigation.spec.ts" time="0">
<skipped>
</skipped>
</testcase>
<testcase name="Navigation &amp; UI › should show navigation controls" classname="navigation.spec.ts" time="0">
<skipped>
</skipped>
</testcase>
<testcase name="Navigation &amp; UI › should display proxy status indicator" classname="navigation.spec.ts" time="0">
<skipped>
</skipped>
</testcase>
<testcase name="Navigation &amp; UI › should display tab bar with new tab button" classname="navigation.spec.ts" time="0">
<skipped>
</skipped>
</testcase>
</testsuite>
<testsuite name="performance-benchmarks.spec.ts" timestamp="2026-01-31T09:54:13.067Z" hostname="chromium" tests="16" failures="0" skipped="16" time="0" errors="0">
<testcase name="Performance Benchmarks @performance › Application Load Performance › should load application within threshold" classname="performance-benchmarks.spec.ts" time="0">
<skipped>
</skipped>
</testcase>
<testcase name="Performance Benchmarks @performance › Application Load Performance › should achieve DOMContentLoaded within 3 seconds" classname="performance-benchmarks.spec.ts" time="0">
<skipped>
</skipped>
</testcase>
<testcase name="Performance Benchmarks @performance › Application Load Performance › should have no long tasks blocking main thread" classname="performance-benchmarks.spec.ts" time="0">
<skipped>
</skipped>
</testcase>
<testcase name="Performance Benchmarks @performance › Database Query Performance › should load proxy list within threshold" classname="performance-benchmarks.spec.ts" time="0">
<skipped>
</skipped>
</testcase>
<testcase name="Performance Benchmarks @performance › Database Query Performance › should load activity log within threshold" classname="performance-benchmarks.spec.ts" time="0">
<skipped>
</skipped>
</testcase>
<testcase name="Performance Benchmarks @performance › Database Query Performance › should handle stats panel queries efficiently" classname="performance-benchmarks.spec.ts" time="0">
<skipped>
</skipped>
</testcase>
<testcase name="Performance Benchmarks @performance › Database Query Performance › should maintain performance with multiple panel switches" classname="performance-benchmarks.spec.ts" time="0">
<skipped>
</skipped>
</testcase>
<testcase name="Performance Benchmarks @performance › UI Animation Performance › should maintain 30+ FPS during animations" classname="performance-benchmarks.spec.ts" time="0">
<skipped>
</skipped>
</testcase>
<testcase name="Performance Benchmarks @performance › UI Animation Performance › should not cause layout thrashing" classname="performance-benchmarks.spec.ts" time="0">
<skipped>
</skipped>
</testcase>
<testcase name="Performance Benchmarks @performance › UI Animation Performance › should handle reduced motion efficiently" classname="performance-benchmarks.spec.ts" time="0">
<skipped>
</skipped>
</testcase>
<testcase name="Performance Benchmarks @performance › Proxy Rotation Performance › should handle rotation strategy changes quickly" classname="performance-benchmarks.spec.ts" time="0">
<skipped>
</skipped>
</testcase>
<testcase name="Performance Benchmarks @performance › Proxy Rotation Performance › should load proxy stats efficiently" classname="performance-benchmarks.spec.ts" time="0">
<skipped>
</skipped>
</testcase>
<testcase name="Performance Benchmarks @performance › Memory Usage › should stay within memory threshold" classname="performance-benchmarks.spec.ts" time="0">
<skipped>
</skipped>
</testcase>
<testcase name="Performance Benchmarks @performance › Memory Usage › should not leak memory on panel navigation" classname="performance-benchmarks.spec.ts" time="0">
<skipped>
</skipped>
</testcase>
<testcase name="Performance Benchmarks @performance › Bundle Performance › should load critical resources quickly" classname="performance-benchmarks.spec.ts" time="0">
<skipped>
</skipped>
</testcase>
<testcase name="Performance Benchmarks @performance › Bundle Performance › should have efficient first paint" classname="performance-benchmarks.spec.ts" time="0">
<skipped>
</skipped>
</testcase>
</testsuite>
<testsuite name="privacy-protection.spec.ts" timestamp="2026-01-31T09:54:13.067Z" hostname="chromium" tests="14" failures="0" skipped="14" time="0" errors="0">
<testcase name="Privacy Protection › should display privacy panel" classname="privacy-protection.spec.ts" time="0">
<skipped>
</skipped>
</testcase>
<testcase name="Privacy Protection › should show all privacy sections" classname="privacy-protection.spec.ts" time="0">
<skipped>
</skipped>
</testcase>
<testcase name="Privacy Protection › should toggle canvas fingerprint protection" classname="privacy-protection.spec.ts" time="0">
<skipped>
</skipped>
</testcase>
<testcase name="Privacy Protection › should toggle WebGL fingerprint protection" classname="privacy-protection.spec.ts" time="0">
<skipped>
</skipped>
</testcase>
<testcase name="Privacy Protection › should toggle audio fingerprint protection" classname="privacy-protection.spec.ts" time="0">
<skipped>
</skipped>
</testcase>
<testcase name="Privacy Protection › should toggle navigator spoofing" classname="privacy-protection.spec.ts" time="0">
<skipped>
</skipped>
</testcase>
<testcase name="Privacy Protection › should toggle WebRTC leak protection" classname="privacy-protection.spec.ts" time="0">
<skipped>
</skipped>
</testcase>
<testcase name="Privacy Protection › should toggle tracker blocking" classname="privacy-protection.spec.ts" time="0">
<skipped>
</skipped>
</testcase>
<testcase name="Privacy Protection › should toggle timezone spoofing" classname="privacy-protection.spec.ts" time="0">
<skipped>
</skipped>
</testcase>
<testcase name="Privacy Protection › should show all fingerprint options" classname="privacy-protection.spec.ts" time="0">
<skipped>
</skipped>
</testcase>
<testcase name="Privacy Protection › should show WebRTC and tracker options" classname="privacy-protection.spec.ts" time="0">
<skipped>
</skipped>
</testcase>
<testcase name="Privacy Protection › should show timezone spoofing option" classname="privacy-protection.spec.ts" time="0">
<skipped>
</skipped>
</testcase>
<testcase name="Privacy Protection › should be able to enable all protections" classname="privacy-protection.spec.ts" time="0">
<skipped>
</skipped>
</testcase>
<testcase name="Privacy Protection › should be able to disable all protections" classname="privacy-protection.spec.ts" time="0">
<skipped>
</skipped>
</testcase>
</testsuite>
<testsuite name="privacy-verification.spec.ts" timestamp="2026-01-31T09:54:13.067Z" hostname="chromium" tests="6" failures="0" skipped="6" time="0" errors="0">
<testcase name="Privacy Verification › should enable fingerprint spoofing and verify settings persist" classname="privacy-verification.spec.ts" time="0">
<skipped>
</skipped>
</testcase>
<testcase name="Privacy Verification › should verify WebRTC leak prevention is configurable" classname="privacy-verification.spec.ts" time="0">
<skipped>
</skipped>
</testcase>
<testcase name="Privacy Verification › should verify tracker blocking functionality" classname="privacy-verification.spec.ts" time="0">
<skipped>
</skipped>
</testcase>
<testcase name="Privacy Verification › should enable all privacy protections simultaneously" classname="privacy-verification.spec.ts" time="0">
<skipped>
</skipped>
</testcase>
<testcase name="Privacy Verification › should toggle individual protections without affecting others" classname="privacy-verification.spec.ts" time="0">
<skipped>
</skipped>
</testcase>
<testcase name="Privacy Verification › should display privacy protection status indicators" classname="privacy-verification.spec.ts" time="0">
<skipped>
</skipped>
</testcase>
</testsuite>
<testsuite name="proxy-management.spec.ts" timestamp="2026-01-31T09:54:13.067Z" hostname="chromium" tests="7" failures="0" skipped="7" time="0" errors="0">
<testcase name="Proxy Management › should display proxy panel" classname="proxy-management.spec.ts" time="0">
<skipped>
</skipped>
</testcase>
<testcase name="Proxy Management › should display add proxy button" classname="proxy-management.spec.ts" time="0">
<skipped>
</skipped>
</testcase>
<testcase name="Proxy Management › should display proxy list or empty state" classname="proxy-management.spec.ts" time="0">
<skipped>
</skipped>
</testcase>
<testcase name="Proxy Management › should show proxy statistics" classname="proxy-management.spec.ts" time="0">
<skipped>
</skipped>
</testcase>
<testcase name="Proxy Management › should change rotation strategy" classname="proxy-management.spec.ts" time="0">
<skipped>
</skipped>
</testcase>
<testcase name="Proxy Management › should toggle proxy panel visibility" classname="proxy-management.spec.ts" time="0">
<skipped>
</skipped>
</testcase>
<testcase name="Proxy Management › should display all rotation strategy options" classname="proxy-management.spec.ts" time="0">
<skipped>
</skipped>
</testcase>
</testsuite>
<testsuite name="proxy-rotation.spec.ts" timestamp="2026-01-31T09:54:13.067Z" hostname="chromium" tests="12" failures="0" skipped="12" time="0" errors="0">
<testcase name="Proxy Rotation › should display rotation strategy selector" classname="proxy-rotation.spec.ts" time="0">
<skipped>
</skipped>
</testcase>
<testcase name="Proxy Rotation › should have all rotation strategy options available" classname="proxy-rotation.spec.ts" time="0">
<skipped>
</skipped>
</testcase>
<testcase name="Proxy Rotation › should change to Round Robin strategy" classname="proxy-rotation.spec.ts" time="0">
<skipped>
</skipped>
</testcase>
<testcase name="Proxy Rotation › should change to Random strategy" classname="proxy-rotation.spec.ts" time="0">
<skipped>
</skipped>
</testcase>
<testcase name="Proxy Rotation › should change to Least Used strategy" classname="proxy-rotation.spec.ts" time="0">
<skipped>
</skipped>
</testcase>
<testcase name="Proxy Rotation › should change to Fastest strategy" classname="proxy-rotation.spec.ts" time="0">
<skipped>
</skipped>
</testcase>
<testcase name="Proxy Rotation › should change to Failure Aware strategy" classname="proxy-rotation.spec.ts" time="0">
<skipped>
</skipped>
</testcase>
<testcase name="Proxy Rotation › should change to Weighted strategy" classname="proxy-rotation.spec.ts" time="0">
<skipped>
</skipped>
</testcase>
<testcase name="Proxy Rotation › should cycle through all rotation strategies" classname="proxy-rotation.spec.ts" time="0">
<skipped>
</skipped>
</testcase>
<testcase name="Proxy Rotation › should maintain rotation strategy after panel toggle" classname="proxy-rotation.spec.ts" time="0">
<skipped>
</skipped>
</testcase>
<testcase name="Proxy Rotation › should display proxy statistics relevant to rotation" classname="proxy-rotation.spec.ts" time="0">
<skipped>
</skipped>
</testcase>
<testcase name="Proxy Rotation › should display Add Proxy button for expanding rotation pool" classname="proxy-rotation.spec.ts" time="0">
<skipped>
</skipped>
</testcase>
</testsuite>
<testsuite name="scheduling-system.spec.ts" timestamp="2026-01-31T09:54:13.067Z" hostname="chromium" tests="10" failures="0" skipped="10" time="0" errors="0">
<testcase name="Scheduling System › should display automation panel for scheduling" classname="scheduling-system.spec.ts" time="0">
<skipped>
</skipped>
</testcase>
<testcase name="Scheduling System › should setup automation task that can be scheduled" classname="scheduling-system.spec.ts" time="0">
<skipped>
</skipped>
</testcase>
<testcase name="Scheduling System › should configure search engine for scheduled task" classname="scheduling-system.spec.ts" time="0">
<skipped>
</skipped>
</testcase>
<testcase name="Scheduling System › should display task counts for scheduling overview" classname="scheduling-system.spec.ts" time="0">
<skipped>
</skipped>
</testcase>
<testcase name="Scheduling System › should support multiple target domains for scheduled execution" classname="scheduling-system.spec.ts" time="0">
<skipped>
</skipped>
</testcase>
<testcase name="Scheduling System › should have start button for immediate execution" classname="scheduling-system.spec.ts" time="0">
<skipped>
</skipped>
</testcase>
<testcase name="Scheduling System › should display automation controls for schedule management" classname="scheduling-system.spec.ts" time="0">
<skipped>
</skipped>
</testcase>
<testcase name="Scheduling System › should allow removal of scheduled keywords" classname="scheduling-system.spec.ts" time="0">
<skipped>
</skipped>
</testcase>
<testcase name="Scheduling System › should allow removal of scheduled domains" classname="scheduling-system.spec.ts" time="0">
<skipped>
</skipped>
</testcase>
<testcase name="Scheduling System › should maintain schedule configuration across panel switches" classname="scheduling-system.spec.ts" time="0">
<skipped>
</skipped>
</testcase>
</testsuite>
<testsuite name="security-fixes-validation.spec.ts" timestamp="2026-01-31T09:54:13.067Z" hostname="chromium" tests="17" failures="0" skipped="17" time="0" errors="0">
<testcase name="Security Fixes Validation @smoke @security › WebRTC Protection (IP Leak Prevention) › should block WebRTC by default" classname="security-fixes-validation.spec.ts" time="0">
<skipped>
</skipped>
</testcase>
<testcase name="Security Fixes Validation @smoke @security › WebRTC Protection (IP Leak Prevention) › should prevent RTCPeerConnection IP leaks" classname="security-fixes-validation.spec.ts" time="0">
<skipped>
</skipped>
</testcase>
<testcase name="Security Fixes Validation @smoke @security › WebRTC Protection (IP Leak Prevention) › should block getUserMedia to prevent device fingerprinting" classname="security-fixes-validation.spec.ts" time="0">
<skipped>
</skipped>
</testcase>
<testcase name="Security Fixes Validation @smoke @security › WebRTC Protection (IP Leak Prevention) › should prevent enumerateDevices fingerprinting" classname="security-fixes-validation.spec.ts" time="0">
<skipped>
</skipped>
</testcase>
<testcase name="Security Fixes Validation @smoke @security › Tracker Blocker (ReDoS Prevention) › should block trackers without ReDoS vulnerability" classname="security-fixes-validation.spec.ts" time="0">
<skipped>
</skipped>
</testcase>
<testcase name="Security Fixes Validation @smoke @security › Tracker Blocker (ReDoS Prevention) › should handle malicious URLs without hanging" classname="security-fixes-validation.spec.ts" time="0">
<skipped>
</skipped>
</testcase>
<testcase name="Security Fixes Validation @smoke @security › Tracker Blocker (ReDoS Prevention) › should handle exponential backtracking patterns safely" classname="security-fixes-validation.spec.ts" time="0">
<skipped>
</skipped>
</testcase>
<testcase name="Security Fixes Validation @smoke @security › Session URL Validation (SSRF Prevention) › should reject internal network URLs" classname="security-fixes-validation.spec.ts" time="0">
<skipped>
</skipped>
</testcase>
<testcase name="Security Fixes Validation @smoke @security › Session URL Validation (SSRF Prevention) › should reject file:// protocol URLs" classname="security-fixes-validation.spec.ts" time="0">
<skipped>
</skipped>
</testcase>
<testcase name="Security Fixes Validation @smoke @security › Session URL Validation (SSRF Prevention) › should reject DNS rebinding attempts" classname="security-fixes-validation.spec.ts" time="0">
<skipped>
</skipped>
</testcase>
<testcase name="Security Fixes Validation @smoke @security › Credential Encryption (safeStorage) › should use secure credential storage" classname="security-fixes-validation.spec.ts" time="0">
<skipped>
</skipped>
</testcase>
<testcase name="Security Fixes Validation @smoke @security › Credential Encryption (safeStorage) › should not expose credentials in DOM" classname="security-fixes-validation.spec.ts" time="0">
<skipped>
</skipped>
</testcase>
<testcase name="Security Fixes Validation @smoke @security › Credential Encryption (safeStorage) › should mask passwords in proxy configuration" classname="security-fixes-validation.spec.ts" time="0">
<skipped>
</skipped>
</testcase>
<testcase name="Security Fixes Validation @smoke @security › Credential Encryption (safeStorage) › should clear sensitive data on logout/close" classname="security-fixes-validation.spec.ts" time="0">
<skipped>
</skipped>
</testcase>
<testcase name="Security Fixes Validation @smoke @security › Additional Security Checks › should set secure HTTP headers" classname="security-fixes-validation.spec.ts" time="0">
<skipped>
</skipped>
</testcase>
<testcase name="Security Fixes Validation @smoke @security › Additional Security Checks › should sanitize user input" classname="security-fixes-validation.spec.ts" time="0">
<skipped>
</skipped>
</testcase>
<testcase name="Security Fixes Validation @smoke @security › Additional Security Checks › should prevent prototype pollution" classname="security-fixes-validation.spec.ts" time="0">
<skipped>
</skipped>
</testcase>
</testsuite>
<testsuite name="session-isolation.spec.ts" timestamp="2026-01-31T09:54:13.067Z" hostname="chromium" tests="10" failures="0" skipped="10" time="0" errors="0">
<testcase name="Session Isolation › should display tab bar with initial tab" classname="session-isolation.spec.ts" time="0">
<skipped>
</skipped>
</testcase>
<testcase name="Session Isolation › should have new tab button functional" classname="session-isolation.spec.ts" time="0">
<skipped>
</skipped>
</testcase>
<testcase name="Session Isolation › should display proxy status for current session" classname="session-isolation.spec.ts" time="0">
<skipped>
</skipped>
</testcase>
<testcase name="Session Isolation › should be able to configure proxy for session" classname="session-isolation.spec.ts" time="0">
<skipped>
</skipped>
</testcase>
<testcase name="Session Isolation › should verify session panel can be toggled" classname="session-isolation.spec.ts" time="0">
<skipped>
</skipped>
</testcase>
<testcase name="Session Isolation › should display session statistics" classname="session-isolation.spec.ts" time="0">
<skipped>
</skipped>
</testcase>
<testcase name="Session Isolation › should maintain UI state across panel switches" classname="session-isolation.spec.ts" time="0">
<skipped>
</skipped>
</testcase>
<testcase name="Session Isolation › should display address bar for navigation" classname="session-isolation.spec.ts" time="0">
<skipped>
</skipped>
</testcase>
<testcase name="Session Isolation › should have navigation controls for session" classname="session-isolation.spec.ts" time="0">
<skipped>
</skipped>
</testcase>
<testcase name="Session Isolation › should support multiple rotation strategies for session isolation" classname="session-isolation.spec.ts" time="0">
<skipped>
</skipped>
</testcase>
</testsuite>
<testsuite name="stats-panel.spec.ts" timestamp="2026-01-31T09:54:13.067Z" hostname="chromium" tests="13" failures="0" skipped="13" time="0" errors="0">
<testcase name="Stats Panel › should open stats panel" classname="stats-panel.spec.ts" time="0">
<skipped>
</skipped>
</testcase>
<testcase name="Stats Panel › should display stats panel via toolbar" classname="stats-panel.spec.ts" time="0">
<skipped>
</skipped>
</testcase>
<testcase name="Stats Panel › should toggle stats panel visibility" classname="stats-panel.spec.ts" time="0">
<skipped>
</skipped>
</testcase>
<testcase name="Stats Panel › should display statistics content" classname="stats-panel.spec.ts" time="0">
<skipped>
</skipped>
</testcase>
<testcase name="Stats Panel › should display numeric statistics" classname="stats-panel.spec.ts" time="0">
<skipped>
</skipped>
</testcase>
<testcase name="Stats Panel › should display proxy-related statistics" classname="stats-panel.spec.ts" time="0">
<skipped>
</skipped>
</testcase>
<testcase name="Stats Panel › should display automation-related statistics" classname="stats-panel.spec.ts" time="0">
<skipped>
</skipped>
</testcase>
<testcase name="Stats Panel › should render charts if present" classname="stats-panel.spec.ts" time="0">
<skipped>
</skipped>
</testcase>
<testcase name="Stats Panel › should have refresh capability" classname="stats-panel.spec.ts" time="0">
<skipped>
</skipped>
</testcase>
<testcase name="Stats Panel Sections › should display session statistics section" classname="stats-panel.spec.ts" time="0">
<skipped>
</skipped>
</testcase>
<testcase name="Stats Panel Sections › should display privacy statistics section" classname="stats-panel.spec.ts" time="0">
<skipped>
</skipped>
</testcase>
<testcase name="Stats Panel Sections › should display time-based metrics" classname="stats-panel.spec.ts" time="0">
<skipped>
</skipped>
</testcase>
<testcase name="Stats Panel Sections › should maintain stats after panel switching" classname="stats-panel.spec.ts" time="0">
<skipped>
</skipped>
</testcase>
</testsuite>
<testsuite name="tab-management.spec.ts" timestamp="2026-01-31T09:54:13.067Z" hostname="chromium" tests="15" failures="0" skipped="15" time="0" errors="0">
<testcase name="Tab Management › should display tab bar with initial tab" classname="tab-management.spec.ts" time="0">
<skipped>
</skipped>
</testcase>
<testcase name="Tab Management › should display new tab button" classname="tab-management.spec.ts" time="0">
<skipped>
</skipped>
</testcase>
<testcase name="Tab Management › should create new tab when clicking new tab button" classname="tab-management.spec.ts" time="0">
<skipped>
</skipped>
</testcase>
<testcase name="Tab Management › should create multiple tabs" classname="tab-management.spec.ts" time="0">
<skipped>
</skipped>
</testcase>
<testcase name="Tab Management › should switch to tab when clicking on it" classname="tab-management.spec.ts" time="0">
<skipped>
</skipped>
</testcase>
<testcase name="Tab Management › should display close button on tabs" classname="tab-management.spec.ts" time="0">
<skipped>
</skipped>
</testcase>
<testcase name="Tab Management › should close tab when clicking close button" classname="tab-management.spec.ts" time="0">
<skipped>
</skipped>
</testcase>
<testcase name="Tab Management › should not close last remaining tab" classname="tab-management.spec.ts" time="0">
<skipped>
</skipped>
</testcase>
<testcase name="Tab Management › should display tab title" classname="tab-management.spec.ts" time="0">
<skipped>
</skipped>
</testcase>
<testcase name="Tab Management › should show proxy status for each tab session" classname="tab-management.spec.ts" time="0">
<skipped>
</skipped>
</testcase>
<testcase name="Tab Management › should maintain tab state when switching panels" classname="tab-management.spec.ts" time="0">
<skipped>
</skipped>
</testcase>
<testcase name="Tab Isolation › should display proxy configuration per tab" classname="tab-management.spec.ts" time="0">
<skipped>
</skipped>
</testcase>
<testcase name="Tab Isolation › should support different rotation strategies for session isolation" classname="tab-management.spec.ts" time="0">
<skipped>
</skipped>
</testcase>
<testcase name="Tab Isolation › should display address bar for tab navigation" classname="tab-management.spec.ts" time="0">
<skipped>
</skipped>
</testcase>
<testcase name="Tab Isolation › should have navigation controls for tab browsing" classname="tab-management.spec.ts" time="0">
<skipped>
</skipped>
</testcase>
</testsuite>
<testsuite name="activity-log.spec.ts" timestamp="2026-01-31T09:54:13.067Z" hostname="firefox" tests="14" failures="0" skipped="14" time="0" errors="0">
<testcase name="Activity Log Panel › should open activity log panel" classname="activity-log.spec.ts" time="0">
<skipped>
</skipped>
</testcase>
<testcase name="Activity Log Panel › should display activity log panel via toolbar" classname="activity-log.spec.ts" time="0">
<skipped>
</skipped>
</testcase>
<testcase name="Activity Log Panel › should toggle activity panel visibility" classname="activity-log.spec.ts" time="0">
<skipped>
</skipped>
</testcase>
<testcase name="Activity Log Panel › should display log entries or empty state" classname="activity-log.spec.ts" time="0">
<skipped>
</skipped>
</testcase>
<testcase name="Activity Log Panel › should display level filter" classname="activity-log.spec.ts" time="0">
<skipped>
</skipped>
</testcase>
<testcase name="Activity Log Panel › should display category filter" classname="activity-log.spec.ts" time="0">
<skipped>
</skipped>
</testcase>
<testcase name="Activity Log Panel › should have refresh functionality" classname="activity-log.spec.ts" time="0">
<skipped>
</skipped>
</testcase>
<testcase name="Activity Log Panel › should display log entry details" classname="activity-log.spec.ts" time="0">
<skipped>
</skipped>
</testcase>
<testcase name="Activity Log Panel › should support pagination when many logs exist" classname="activity-log.spec.ts" time="0">
<skipped>
</skipped>
</testcase>
<testcase name="Activity Log Filtering › should filter logs by error level" classname="activity-log.spec.ts" time="0">
<skipped>
</skipped>
</testcase>
<testcase name="Activity Log Filtering › should filter logs by info level" classname="activity-log.spec.ts" time="0">
<skipped>
</skipped>
</testcase>
<testcase name="Activity Log Filtering › should filter logs by proxy category" classname="activity-log.spec.ts" time="0">
<skipped>
</skipped>
</testcase>
<testcase name="Activity Log Filtering › should filter logs by automation category" classname="activity-log.spec.ts" time="0">
<skipped>
</skipped>
</testcase>
<testcase name="Activity Log Filtering › should show all logs when filter is cleared" classname="activity-log.spec.ts" time="0">
<skipped>
</skipped>
</testcase>
</testsuite>
<testsuite name="automation.spec.ts" timestamp="2026-01-31T09:54:13.067Z" hostname="firefox" tests="12" failures="0" skipped="12" time="0" errors="0">
<testcase name="Automation › should display automation panel" classname="automation.spec.ts" time="0">
<skipped>
</skipped>
</testcase>
<testcase name="Automation › should show search engine selector with all options" classname="automation.spec.ts" time="0">
<skipped>
</skipped>
</testcase>
<testcase name="Automation › should add keyword using button" classname="automation.spec.ts" time="0">
<skipped>
</skipped>
</testcase>
<testcase name="Automation › should add keyword using Enter key" classname="automation.spec.ts" time="0">
<skipped>
</skipped>
</testcase>
<testcase name="Automation › should add target domain using button" classname="automation.spec.ts" time="0">
<skipped>
</skipped>
</testcase>
<testcase name="Automation › should add target domain using Enter key" classname="automation.spec.ts" time="0">
<skipped>
</skipped>
</testcase>
<testcase name="Automation › should show start button" classname="automation.spec.ts" time="0">
<skipped>
</skipped>
</testcase>
<testcase name="Automation › should disable start button when no keywords" classname="automation.spec.ts" time="0">
<skipped>
</skipped>
</testcase>
<testcase name="Automation › should enable start button when keywords added" classname="automation.spec.ts" time="0">
<skipped>
</skipped>
</testcase>
<testcase name="Automation › should change search engine" classname="automation.spec.ts" time="0">
<skipped>
</skipped>
</testcase>
<testcase name="Automation › should display keyword count" classname="automation.spec.ts" time="0">
<skipped>
</skipped>
</testcase>
<testcase name="Automation › should display domain count" classname="automation.spec.ts" time="0">
<skipped>
</skipped>
</testcase>
</testsuite>
<testsuite name="captcha-detection.spec.ts" timestamp="2026-01-31T09:54:13.067Z" hostname="firefox" tests="10" failures="0" skipped="10" time="0" errors="0">
<testcase name="Captcha Detection › should display automation panel for captcha-aware automation" classname="captcha-detection.spec.ts" time="0">
<skipped>
</skipped>
</testcase>
<testcase name="Captcha Detection › should allow search engine selection for captcha handling" classname="captcha-detection.spec.ts" time="0">
<skipped>
</skipped>
</testcase>
<testcase name="Captcha Detection › should setup automation that may encounter captchas" classname="captcha-detection.spec.ts" time="0">
<skipped>
</skipped>
</testcase>
<testcase name="Captcha Detection › should have start/stop controls for captcha-interrupted automation" classname="captcha-detection.spec.ts" time="0">
<skipped>
</skipped>
</testcase>
<testcase name="Captcha Detection › should display keyword list that may trigger captchas" classname="captcha-detection.spec.ts" time="0">
<skipped>
</skipped>
</testcase>
<testcase name="Captcha Detection › should support domain targeting for captcha avoidance" classname="captcha-detection.spec.ts" time="0">
<skipped>
</skipped>
</testcase>
<testcase name="Captcha Detection › should verify automation panel has all required elements" classname="captcha-detection.spec.ts" time="0">
<skipped>
</skipped>
</testcase>
<testcase name="Captcha Detection › should allow keyword removal for captcha rate management" classname="captcha-detection.spec.ts" time="0">
<skipped>
</skipped>
</testcase>
<testcase name="Captcha Detection › should display address bar for manual captcha solving navigation" classname="captcha-detection.spec.ts" time="0">
<skipped>
</skipped>
</testcase>
<testcase name="Captcha Detection › should have navigation controls for captcha page handling" classname="captcha-detection.spec.ts" time="0">
<skipped>
</skipped>
</testcase>
</testsuite>
<testsuite name="circuit-breaker.spec.ts" timestamp="2026-01-31T09:54:13.067Z" hostname="firefox" tests="10" failures="0" skipped="10" time="0" errors="0">
<testcase name="Circuit Breaker › should display proxy failure statistics" classname="circuit-breaker.spec.ts" time="0">
<skipped>
</skipped>
</testcase>
<testcase name="Circuit Breaker › should display active proxy count for circuit breaker decisions" classname="circuit-breaker.spec.ts" time="0">
<skipped>
</skipped>
</testcase>
<testcase name="Circuit Breaker › should have failure-aware rotation strategy for circuit breaker" classname="circuit-breaker.spec.ts" time="0">
<skipped>
</skipped>
</testcase>
<testcase name="Circuit Breaker › should display proxy list with status indicators" classname="circuit-breaker.spec.ts" time="0">
<skipped>
</skipped>
</testcase>
<testcase name="Circuit Breaker › should display total proxy count for circuit breaker pool" classname="circuit-breaker.spec.ts" time="0">
<skipped>
</skipped>
</testcase>
<testcase name="Circuit Breaker › should allow adding proxies to circuit breaker pool" classname="circuit-breaker.spec.ts" time="0">
<skipped>
</skipped>
</testcase>
<testcase name="Circuit Breaker › should display all three status categories for circuit breaker" classname="circuit-breaker.spec.ts" time="0">
<skipped>
</skipped>
</testcase>
<testcase name="Circuit Breaker › should support switching between rotation strategies for resilience" classname="circuit-breaker.spec.ts" time="0">
<skipped>
</skipped>
</testcase>
<testcase name="Circuit Breaker › should maintain circuit breaker configuration after panel toggle" classname="circuit-breaker.spec.ts" time="0">
<skipped>
</skipped>
</testcase>
<testcase name="Circuit Breaker › should display empty state when no proxies in circuit breaker pool" classname="circuit-breaker.spec.ts" time="0">
<skipped>
</skipped>
</testcase>
</testsuite>
<testsuite name="creator-support.spec.ts" timestamp="2026-01-31T09:54:13.067Z" hostname="firefox" tests="7" failures="0" skipped="7" time="0" errors="0">
<testcase name="Creator Support Flow › should be able to add creator URL as target domain" classname="creator-support.spec.ts" time="0">
<skipped>
</skipped>
</testcase>
<testcase name="Creator Support Flow › should be able to add multiple creator domains" classname="creator-support.spec.ts" time="0">
<skipped>
</skipped>
</testcase>
<testcase name="Creator Support Flow › should setup automation for creator support" classname="creator-support.spec.ts" time="0">
<skipped>
</skipped>
</testcase>
<testcase name="Creator Support Flow › should be able to start creator support automation" classname="creator-support.spec.ts" time="0">
<skipped>
</skipped>
</testcase>
<testcase name="Creator Support Flow › should validate creator domain format" classname="creator-support.spec.ts" time="0">
<skipped>
</skipped>
</testcase>
<testcase name="Creator Support Flow › should display creator support statistics after setup" classname="creator-support.spec.ts" time="0">
<skipped>
</skipped>
</testcase>
<testcase name="Creator Support Flow › should be able to remove creator from list" classname="creator-support.spec.ts" time="0">
<skipped>
</skipped>
</testcase>
</testsuite>
<testsuite name="database-migration-004.spec.ts" timestamp="2026-01-31T09:54:13.067Z" hostname="firefox" tests="14" failures="0" skipped="14" time="0" errors="0">
<testcase name="Database Migration 004 @smoke @database › Migration Execution › should start app successfully with migration 004 applied" classname="database-migration-004.spec.ts" time="0">
<skipped>
</skipped>
</testcase>
<testcase name="Database Migration 004 @smoke @database › Migration Execution › should execute migration without blocking UI" classname="database-migration-004.spec.ts" time="0">
<skipped>
</skipped>
</testcase>
<testcase name="Database Migration 004 @smoke @database › Migration Execution › should handle concurrent migrations gracefully" classname="database-migration-004.spec.ts" time="0">
<skipped>
</skipped>
</testcase>
<testcase name="Database Migration 004 @smoke @database › Index Verification › should load proxy list efficiently with idx_search_tasks_proxy_id" classname="database-migration-004.spec.ts" time="0">
<skipped>
</skipped>
</testcase>
<testcase name="Database Migration 004 @smoke @database › Index Verification › should load usage stats efficiently with idx_proxy_usage_composite" classname="database-migration-004.spec.ts" time="0">
<skipped>
</skipped>
</testcase>
<testcase name="Database Migration 004 @smoke @database › Index Verification › should load activity logs efficiently with idx_activity_logs_composite" classname="database-migration-004.spec.ts" time="0">
<skipped>
</skipped>
</testcase>
<testcase name="Database Migration 004 @smoke @database › Index Verification › should handle rotation events with idx_rotation_events_composite" classname="database-migration-004.spec.ts" time="0">
<skipped>
</skipped>
</testcase>
<testcase name="Database Migration 004 @smoke @database › Index Verification › should perform sticky session lookups efficiently" classname="database-migration-004.spec.ts" time="0">
<skipped>
</skipped>
</testcase>
<testcase name="Database Migration 004 @smoke @database › Data Integrity › should preserve proxy data after migration" classname="database-migration-004.spec.ts" time="0">
<skipped>
</skipped>
</testcase>
<testcase name="Database Migration 004 @smoke @database › Data Integrity › should preserve automation tasks after migration" classname="database-migration-004.spec.ts" time="0">
<skipped>
</skipped>
</testcase>
<testcase name="Database Migration 004 @smoke @database › Data Integrity › should preserve activity logs after migration" classname="database-migration-004.spec.ts" time="0">
<skipped>
</skipped>
</testcase>
<testcase name="Database Migration 004 @smoke @database › Data Integrity › should maintain referential integrity across tables" classname="database-migration-004.spec.ts" time="0">
<skipped>
</skipped>
</testcase>
<testcase name="Database Migration 004 @smoke @database › Rollback Safety › should handle database operations without crashes" classname="database-migration-004.spec.ts" time="0">
<skipped>
</skipped>
</testcase>
<testcase name="Database Migration 004 @smoke @database › Rollback Safety › should recover gracefully from simulated failures" classname="database-migration-004.spec.ts" time="0">
<skipped>
</skipped>
</testcase>
</testsuite>
<testsuite name="encryption-migration.spec.ts" timestamp="2026-01-31T09:54:13.067Z" hostname="firefox" tests="11" failures="0" skipped="11" time="0" errors="0">
<testcase name="Encryption Migration @smoke @security › Automatic Encryption Migration › should display encryption status indicator on dashboard" classname="encryption-migration.spec.ts" time="0">
<skipped>
</skipped>
</testcase>
<testcase name="Encryption Migration @smoke @security › Automatic Encryption Migration › should initialize encryption service on app start" classname="encryption-migration.spec.ts" time="0">
<skipped>
</skipped>
</testcase>
<testcase name="Encryption Migration @smoke @security › Automatic Encryption Migration › should handle encryption migration transparently" classname="encryption-migration.spec.ts" time="0">
<skipped>
</skipped>
</testcase>
<testcase name="Encryption Migration @smoke @security › Credential Accessibility › should access proxy credentials after migration" classname="encryption-migration.spec.ts" time="0">
<skipped>
</skipped>
</testcase>
<testcase name="Encryption Migration @smoke @security › Credential Accessibility › should encrypt new credentials using AES-256-GCM" classname="encryption-migration.spec.ts" time="0">
<skipped>
</skipped>
</testcase>
<testcase name="Encryption Migration @smoke @security › Credential Accessibility › should maintain credential integrity across sessions" classname="encryption-migration.spec.ts" time="0">
<skipped>
</skipped>
</testcase>
<testcase name="Encryption Migration @smoke @security › Fallback Encryption › should handle encryption gracefully when safeStorage unavailable" classname="encryption-migration.spec.ts" time="0">
<skipped>
</skipped>
</testcase>
<testcase name="Encryption Migration @smoke @security › Fallback Encryption › should use fallback encryption on unsupported platforms" classname="encryption-migration.spec.ts" time="0">
<skipped>
</skipped>
</testcase>
<testcase name="Encryption Migration @smoke @security › Security Event Logging › should log encryption-related security events" classname="encryption-migration.spec.ts" time="0">
<skipped>
</skipped>
</testcase>
<testcase name="Encryption Migration @smoke @security › Security Event Logging › should not expose sensitive data in logs" classname="encryption-migration.spec.ts" time="0">
<skipped>
</skipped>
</testcase>
<testcase name="Encryption Migration @smoke @security › Security Event Logging › should log migration events on upgrade" classname="encryption-migration.spec.ts" time="0">
<skipped>
</skipped>
</testcase>
</testsuite>
<testsuite name="error-handling.spec.ts" timestamp="2026-01-31T09:54:13.067Z" hostname="firefox" tests="16" failures="0" skipped="16" time="0" errors="0">
<testcase name="Input Validation › should not add empty keyword" classname="error-handling.spec.ts" time="0">
<skipped>
</skipped>
</testcase>
<testcase name="Input Validation › should not add empty domain" classname="error-handling.spec.ts" time="0">
<skipped>
</skipped>
</testcase>
<testcase name="Input Validation › should trim whitespace from keyword input" classname="error-handling.spec.ts" time="0">
<skipped>
</skipped>
</testcase>
<testcase name="Input Validation › should handle special characters in keyword" classname="error-handling.spec.ts" time="0">
<skipped>
</skipped>
</testcase>
<testcase name="Input Validation › should validate domain format" classname="error-handling.spec.ts" time="0">
<skipped>
</skipped>
</testcase>
<testcase name="Empty States › should display empty state when no proxies configured" classname="error-handling.spec.ts" time="0">
<skipped>
</skipped>
</testcase>
<testcase name="Empty States › should display empty keywords state" classname="error-handling.spec.ts" time="0">
<skipped>
</skipped>
</testcase>
<testcase name="Empty States › should display empty domains state" classname="error-handling.spec.ts" time="0">
<skipped>
</skipped>
</testcase>
<testcase name="Button States › should disable start button when no keywords" classname="error-handling.spec.ts" time="0">
<skipped>
</skipped>
</testcase>
<testcase name="Button States › should enable start button when keywords added" classname="error-handling.spec.ts" time="0">
<skipped>
</skipped>
</testcase>
<testcase name="Button States › should disable start button when all keywords removed" classname="error-handling.spec.ts" time="0">
<skipped>
</skipped>
</testcase>
<testcase name="State Persistence › should maintain privacy settings after panel toggle" classname="error-handling.spec.ts" time="0">
<skipped>
</skipped>
</testcase>
<testcase name="State Persistence › should maintain proxy strategy after panel switch" classname="error-handling.spec.ts" time="0">
<skipped>
</skipped>
</testcase>
<testcase name="State Persistence › should maintain automation config after panel switch" classname="error-handling.spec.ts" time="0">
<skipped>
</skipped>
</testcase>
<testcase name="UI Recovery › should recover from rapid panel switching" classname="error-handling.spec.ts" time="0">
<skipped>
</skipped>
</testcase>
<testcase name="UI Recovery › should handle rapid add/remove operations" classname="error-handling.spec.ts" time="0">
<skipped>
</skipped>
</testcase>
</testsuite>
<testsuite name="magic-ui-components.spec.ts" timestamp="2026-01-31T09:54:13.067Z" hostname="firefox" tests="22" failures="0" skipped="22" time="0" errors="0">
<testcase name="Magic UI Components @smoke @ui › Particles Background › should render particles canvas on dashboard" classname="magic-ui-components.spec.ts" time="0">
<skipped>
</skipped>
</testcase>
<testcase name="Magic UI Components @smoke @ui › Particles Background › should have working canvas context" classname="magic-ui-components.spec.ts" time="0">
<skipped>
</skipped>
</testcase>
<testcase name="Magic UI Components @smoke @ui › Particles Background › should animate particles smoothly" classname="magic-ui-components.spec.ts" time="0">
<skipped>
</skipped>
</testcase>
<testcase name="Magic UI Components @smoke @ui › BorderBeam Component › should display BorderBeam on active proxy card" classname="magic-ui-components.spec.ts" time="0">
<skipped>
</skipped>
</testcase>
<testcase name="Magic UI Components @smoke @ui › BorderBeam Component › should animate BorderBeam continuously" classname="magic-ui-components.spec.ts" time="0">
<skipped>
</skipped>
</testcase>
<testcase name="Magic UI Components @smoke @ui › Confetti Component › should trigger confetti on automation success" classname="magic-ui-components.spec.ts" time="0">
<skipped>
</skipped>
</testcase>
<testcase name="Magic UI Components @smoke @ui › Confetti Component › should render confetti particles correctly" classname="magic-ui-components.spec.ts" time="0">
<skipped>
</skipped>
</testcase>
<testcase name="Magic UI Components @smoke @ui › AnimatedList Component › should render AnimatedList in activity log" classname="magic-ui-components.spec.ts" time="0">
<skipped>
</skipped>
</testcase>
<testcase name="Magic UI Components @smoke @ui › AnimatedList Component › should animate list items on entry" classname="magic-ui-components.spec.ts" time="0">
<skipped>
</skipped>
</testcase>
<testcase name="Magic UI Components @smoke @ui › AnimatedList Component › should support smooth scrolling in lists" classname="magic-ui-components.spec.ts" time="0">
<skipped>
</skipped>
</testcase>
<testcase name="Magic UI Components @smoke @ui › Animation Settings Panel › should display animation settings in settings panel" classname="magic-ui-components.spec.ts" time="0">
<skipped>
</skipped>
</testcase>
<testcase name="Magic UI Components @smoke @ui › Animation Settings Panel › should toggle animations on/off" classname="magic-ui-components.spec.ts" time="0">
<skipped>
</skipped>
</testcase>
<testcase name="Magic UI Components @smoke @ui › Animation Settings Panel › should persist animation preferences" classname="magic-ui-components.spec.ts" time="0">
<skipped>
</skipped>
</testcase>
<testcase name="Magic UI Components @smoke @ui › Animation Settings Panel › should have individual component toggles" classname="magic-ui-components.spec.ts" time="0">
<skipped>
</skipped>
</testcase>
<testcase name="Magic UI Components @smoke @ui › Reduced Motion Support › should respect prefers-reduced-motion" classname="magic-ui-components.spec.ts" time="0">
<skipped>
</skipped>
</testcase>
<testcase name="Magic UI Components @smoke @ui › Reduced Motion Support › should disable particles when reduced motion is set" classname="magic-ui-components.spec.ts" time="0">
<skipped>
</skipped>
</testcase>
<testcase name="Magic UI Components @smoke @ui › Reduced Motion Support › should show reduced motion indicator when active" classname="magic-ui-components.spec.ts" time="0">
<skipped>
</skipped>
</testcase>
<testcase name="Magic UI Components @smoke @ui › Reduced Motion Support › should allow manual override of reduced motion" classname="magic-ui-components.spec.ts" time="0">
<skipped>
</skipped>
</testcase>
<testcase name="Magic UI Components @smoke @ui › Additional Magic UI Components › should render NeonGradientCard correctly" classname="magic-ui-components.spec.ts" time="0">
<skipped>
</skipped>
</testcase>
<testcase name="Magic UI Components @smoke @ui › Additional Magic UI Components › should render NumberTicker with animations" classname="magic-ui-components.spec.ts" time="0">
<skipped>
</skipped>
</testcase>
<testcase name="Magic UI Components @smoke @ui › Additional Magic UI Components › should render ShimmerButton with effect" classname="magic-ui-components.spec.ts" time="0">
<skipped>
</skipped>
</testcase>
<testcase name="Magic UI Components @smoke @ui › Additional Magic UI Components › should render PulsatingButton correctly" classname="magic-ui-components.spec.ts" time="0">
<skipped>
</skipped>
</testcase>
</testsuite>
<testsuite name="magic-ui-ux.spec.ts" timestamp="2026-01-31T09:54:13.067Z" hostname="firefox" tests="17" failures="0" skipped="17" time="0" errors="0">
<testcase name="BorderBeam Visual Tests @smoke › user sees BorderBeam on proxy connect" classname="magic-ui-ux.spec.ts" time="0">
<skipped>
</skipped>
</testcase>
<testcase name="BorderBeam Visual Tests @smoke › BorderBeam animation is smooth" classname="magic-ui-ux.spec.ts" time="0">
<skipped>
</skipped>
</testcase>
<testcase name="Activity Log Animation Tests › activity log animates smoothly" classname="magic-ui-ux.spec.ts" time="0">
<skipped>
</skipped>
</testcase>
<testcase name="Activity Log Animation Tests › new log entries animate in from top" classname="magic-ui-ux.spec.ts" time="0">
<skipped>
</skipped>
</testcase>
<testcase name="Confetti Animation Tests › confetti shows on automation success" classname="magic-ui-ux.spec.ts" time="0">
<skipped>
</skipped>
</testcase>
<testcase name="Confetti Animation Tests › confetti cleanup after animation" classname="magic-ui-ux.spec.ts" time="0">
<skipped>
</skipped>
</testcase>
<testcase name="Animation Settings Tests › animations can be disabled in settings" classname="magic-ui-ux.spec.ts" time="0">
<skipped>
</skipped>
</testcase>
<testcase name="Animation Settings Tests › prefers-reduced-motion is respected" classname="magic-ui-ux.spec.ts" time="0">
<skipped>
</skipped>
</testcase>
<testcase name="Animation Settings Tests › animations resume when reduced-motion disabled" classname="magic-ui-ux.spec.ts" time="0">
<skipped>
</skipped>
</testcase>
<testcase name="NeonGradientCard Visual Tests › neon gradient card renders with glow effect" classname="magic-ui-ux.spec.ts" time="0">
<skipped>
</skipped>
</testcase>
<testcase name="Particles Background Tests › particles render in dashboard background" classname="magic-ui-ux.spec.ts" time="0">
<skipped>
</skipped>
</testcase>
<testcase name="Particles Background Tests › particles do not interfere with UI interactions" classname="magic-ui-ux.spec.ts" time="0">
<skipped>
</skipped>
</testcase>
<testcase name="Animation Performance Tests › page maintains responsive interactions with animations" classname="magic-ui-ux.spec.ts" time="0">
<skipped>
</skipped>
</testcase>
<testcase name="Animation Performance Tests › animations do not cause layout shifts" classname="magic-ui-ux.spec.ts" time="0">
<skipped>
</skipped>
</testcase>
<testcase name="Animation Accessibility Tests @a11y › animated elements have appropriate ARIA attributes" classname="magic-ui-ux.spec.ts" time="0">
<skipped>
</skipped>
</testcase>
<testcase name="Animation Accessibility Tests @a11y › page is navigable with keyboard during animations" classname="magic-ui-ux.spec.ts" time="0">
<skipped>
</skipped>
</testcase>
<testcase name="Visual Regression Tests › capture baseline screenshots" classname="magic-ui-ux.spec.ts" time="0">
<properties>
<property name="skip" value="">
</property>
</properties>
<skipped>
</skipped>
</testcase>
</testsuite>
<testsuite name="navigation.spec.ts" timestamp="2026-01-31T09:54:13.067Z" hostname="firefox" tests="10" failures="0" skipped="10" time="0" errors="0">
<testcase name="Navigation &amp; UI › should display main UI elements" classname="navigation.spec.ts" time="0">
<skipped>
</skipped>
</testcase>
<testcase name="Navigation &amp; UI › should display all toolbar buttons" classname="navigation.spec.ts" time="0">
<skipped>
</skipped>
</testcase>
<testcase name="Navigation &amp; UI › should switch between panels" classname="navigation.spec.ts" time="0">
<skipped>
</skipped>
</testcase>
<testcase name="Navigation &amp; UI › should open activity log panel" classname="navigation.spec.ts" time="0">
<skipped>
</skipped>
</testcase>
<testcase name="Navigation &amp; UI › should open stats panel" classname="navigation.spec.ts" time="0">
<skipped>
</skipped>
</testcase>
<testcase name="Navigation &amp; UI › should open settings panel" classname="navigation.spec.ts" time="0">
<skipped>
</skipped>
</testcase>
<testcase name="Navigation &amp; UI › should close panel when clicking same button" classname="navigation.spec.ts" time="0">
<skipped>
</skipped>
</testcase>
<testcase name="Navigation &amp; UI › should show navigation controls" classname="navigation.spec.ts" time="0">
<skipped>
</skipped>
</testcase>
<testcase name="Navigation &amp; UI › should display proxy status indicator" classname="navigation.spec.ts" time="0">
<skipped>
</skipped>
</testcase>
<testcase name="Navigation &amp; UI › should display tab bar with new tab button" classname="navigation.spec.ts" time="0">
<skipped>
</skipped>
</testcase>
</testsuite>
<testsuite name="performance-benchmarks.spec.ts" timestamp="2026-01-31T09:54:13.067Z" hostname="firefox" tests="16" failures="0" skipped="16" time="0" errors="0">
<testcase name="Performance Benchmarks @performance › Application Load Performance › should load application within threshold" classname="performance-benchmarks.spec.ts" time="0">
<skipped>
</skipped>
</testcase>
<testcase name="Performance Benchmarks @performance › Application Load Performance › should achieve DOMContentLoaded within 3 seconds" classname="performance-benchmarks.spec.ts" time="0">
<skipped>
</skipped>
</testcase>
<testcase name="Performance Benchmarks @performance › Application Load Performance › should have no long tasks blocking main thread" classname="performance-benchmarks.spec.ts" time="0">
<skipped>
</skipped>
</testcase>
<testcase name="Performance Benchmarks @performance › Database Query Performance › should load proxy list within threshold" classname="performance-benchmarks.spec.ts" time="0">
<skipped>
</skipped>
</testcase>
<testcase name="Performance Benchmarks @performance › Database Query Performance › should load activity log within threshold" classname="performance-benchmarks.spec.ts" time="0">
<skipped>
</skipped>
</testcase>
<testcase name="Performance Benchmarks @performance › Database Query Performance › should handle stats panel queries efficiently" classname="performance-benchmarks.spec.ts" time="0">
<skipped>
</skipped>
</testcase>
<testcase name="Performance Benchmarks @performance › Database Query Performance › should maintain performance with multiple panel switches" classname="performance-benchmarks.spec.ts" time="0">
<skipped>
</skipped>
</testcase>
<testcase name="Performance Benchmarks @performance › UI Animation Performance › should maintain 30+ FPS during animations" classname="performance-benchmarks.spec.ts" time="0">
<skipped>
</skipped>
</testcase>
<testcase name="Performance Benchmarks @performance › UI Animation Performance › should not cause layout thrashing" classname="performance-benchmarks.spec.ts" time="0">
<skipped>
</skipped>
</testcase>
<testcase name="Performance Benchmarks @performance › UI Animation Performance › should handle reduced motion efficiently" classname="performance-benchmarks.spec.ts" time="0">
<skipped>
</skipped>
</testcase>
<testcase name="Performance Benchmarks @performance › Proxy Rotation Performance › should handle rotation strategy changes quickly" classname="performance-benchmarks.spec.ts" time="0">
<skipped>
</skipped>
</testcase>
<testcase name="Performance Benchmarks @performance › Proxy Rotation Performance › should load proxy stats efficiently" classname="performance-benchmarks.spec.ts" time="0">
<skipped>
</skipped>
</testcase>
<testcase name="Performance Benchmarks @performance › Memory Usage › should stay within memory threshold" classname="performance-benchmarks.spec.ts" time="0">
<skipped>
</skipped>
</testcase>
<testcase name="Performance Benchmarks @performance › Memory Usage › should not leak memory on panel navigation" classname="performance-benchmarks.spec.ts" time="0">
<skipped>
</skipped>
</testcase>
<testcase name="Performance Benchmarks @performance › Bundle Performance › should load critical resources quickly" classname="performance-benchmarks.spec.ts" time="0">
<skipped>
</skipped>
</testcase>
<testcase name="Performance Benchmarks @performance › Bundle Performance › should have efficient first paint" classname="performance-benchmarks.spec.ts" time="0">
<skipped>
</skipped>
</testcase>
</testsuite>
<testsuite name="privacy-protection.spec.ts" timestamp="2026-01-31T09:54:13.067Z" hostname="firefox" tests="14" failures="0" skipped="14" time="0" errors="0">
<testcase name="Privacy Protection › should display privacy panel" classname="privacy-protection.spec.ts" time="0">
<skipped>
</skipped>
</testcase>
<testcase name="Privacy Protection › should show all privacy sections" classname="privacy-protection.spec.ts" time="0">
<skipped>
</skipped>
</testcase>
<testcase name="Privacy Protection › should toggle canvas fingerprint protection" classname="privacy-protection.spec.ts" time="0">
<skipped>
</skipped>
</testcase>
<testcase name="Privacy Protection › should toggle WebGL fingerprint protection" classname="privacy-protection.spec.ts" time="0">
<skipped>
</skipped>
</testcase>
<testcase name="Privacy Protection › should toggle audio fingerprint protection" classname="privacy-protection.spec.ts" time="0">
<skipped>
</skipped>
</testcase>
<testcase name="Privacy Protection › should toggle navigator spoofing" classname="privacy-protection.spec.ts" time="0">
<skipped>
</skipped>
</testcase>
<testcase name="Privacy Protection › should toggle WebRTC leak protection" classname="privacy-protection.spec.ts" time="0">
<skipped>
</skipped>
</testcase>
<testcase name="Privacy Protection › should toggle tracker blocking" classname="privacy-protection.spec.ts" time="0">
<skipped>
</skipped>
</testcase>
<testcase name="Privacy Protection › should toggle timezone spoofing" classname="privacy-protection.spec.ts" time="0">
<skipped>
</skipped>
</testcase>
<testcase name="Privacy Protection › should show all fingerprint options" classname="privacy-protection.spec.ts" time="0">
<skipped>
</skipped>
</testcase>
<testcase name="Privacy Protection › should show WebRTC and tracker options" classname="privacy-protection.spec.ts" time="0">
<skipped>
</skipped>
</testcase>
<testcase name="Privacy Protection › should show timezone spoofing option" classname="privacy-protection.spec.ts" time="0">
<skipped>
</skipped>
</testcase>
<testcase name="Privacy Protection › should be able to enable all protections" classname="privacy-protection.spec.ts" time="0">
<skipped>
</skipped>
</testcase>
<testcase name="Privacy Protection › should be able to disable all protections" classname="privacy-protection.spec.ts" time="0">
<skipped>
</skipped>
</testcase>
</testsuite>
<testsuite name="privacy-verification.spec.ts" timestamp="2026-01-31T09:54:13.067Z" hostname="firefox" tests="6" failures="0" skipped="6" time="0" errors="0">
<testcase name="Privacy Verification › should enable fingerprint spoofing and verify settings persist" classname="privacy-verification.spec.ts" time="0">
<skipped>
</skipped>
</testcase>
<testcase name="Privacy Verification › should verify WebRTC leak prevention is configurable" classname="privacy-verification.spec.ts" time="0">
<skipped>
</skipped>
</testcase>
<testcase name="Privacy Verification › should verify tracker blocking functionality" classname="privacy-verification.spec.ts" time="0">
<skipped>
</skipped>
</testcase>
<testcase name="Privacy Verification › should enable all privacy protections simultaneously" classname="privacy-verification.spec.ts" time="0">
<skipped>
</skipped>
</testcase>
<testcase name="Privacy Verification › should toggle individual protections without affecting others" classname="privacy-verification.spec.ts" time="0">
<skipped>
</skipped>
</testcase>
<testcase name="Privacy Verification › should display privacy protection status indicators" classname="privacy-verification.spec.ts" time="0">
<skipped>
</skipped>
</testcase>
</testsuite>
<testsuite name="proxy-management.spec.ts" timestamp="2026-01-31T09:54:13.067Z" hostname="firefox" tests="7" failures="0" skipped="7" time="0" errors="0">
<testcase name="Proxy Management › should display proxy panel" classname="proxy-management.spec.ts" time="0">
<skipped>
</skipped>
</testcase>
<testcase name="Proxy Management › should display add proxy button" classname="proxy-management.spec.ts" time="0">
<skipped>
</skipped>
</testcase>
<testcase name="Proxy Management › should display proxy list or empty state" classname="proxy-management.spec.ts" time="0">
<skipped>
</skipped>
</testcase>
<testcase name="Proxy Management › should show proxy statistics" classname="proxy-management.spec.ts" time="0">
<skipped>
</skipped>
</testcase>
<testcase name="Proxy Management › should change rotation strategy" classname="proxy-management.spec.ts" time="0">
<skipped>
</skipped>
</testcase>
<testcase name="Proxy Management › should toggle proxy panel visibility" classname="proxy-management.spec.ts" time="0">
<skipped>
</skipped>
</testcase>
<testcase name="Proxy Management › should display all rotation strategy options" classname="proxy-management.spec.ts" time="0">
<skipped>
</skipped>
</testcase>
</testsuite>
<testsuite name="proxy-rotation.spec.ts" timestamp="2026-01-31T09:54:13.067Z" hostname="firefox" tests="12" failures="0" skipped="12" time="0" errors="0">
<testcase name="Proxy Rotation › should display rotation strategy selector" classname="proxy-rotation.spec.ts" time="0">
<skipped>
</skipped>
</testcase>
<testcase name="Proxy Rotation › should have all rotation strategy options available" classname="proxy-rotation.spec.ts" time="0">
<skipped>
</skipped>
</testcase>
<testcase name="Proxy Rotation › should change to Round Robin strategy" classname="proxy-rotation.spec.ts" time="0">
<skipped>
</skipped>
</testcase>
<testcase name="Proxy Rotation › should change to Random strategy" classname="proxy-rotation.spec.ts" time="0">
<skipped>
</skipped>
</testcase>
<testcase name="Proxy Rotation › should change to Least Used strategy" classname="proxy-rotation.spec.ts" time="0">
<skipped>
</skipped>
</testcase>
<testcase name="Proxy Rotation › should change to Fastest strategy" classname="proxy-rotation.spec.ts" time="0">
<skipped>
</skipped>
</testcase>
<testcase name="Proxy Rotation › should change to Failure Aware strategy" classname="proxy-rotation.spec.ts" time="0">
<skipped>
</skipped>
</testcase>
<testcase name="Proxy Rotation › should change to Weighted strategy" classname="proxy-rotation.spec.ts" time="0">
<skipped>
</skipped>
</testcase>
<testcase name="Proxy Rotation › should cycle through all rotation strategies" classname="proxy-rotation.spec.ts" time="0">
<skipped>
</skipped>
</testcase>
<testcase name="Proxy Rotation › should maintain rotation strategy after panel toggle" classname="proxy-rotation.spec.ts" time="0">
<skipped>
</skipped>
</testcase>
<testcase name="Proxy Rotation › should display proxy statistics relevant to rotation" classname="proxy-rotation.spec.ts" time="0">
<skipped>
</skipped>
</testcase>
<testcase name="Proxy Rotation › should display Add Proxy button for expanding rotation pool" classname="proxy-rotation.spec.ts" time="0">
<skipped>
</skipped>
</testcase>
</testsuite>
<testsuite name="scheduling-system.spec.ts" timestamp="2026-01-31T09:54:13.067Z" hostname="firefox" tests="10" failures="0" skipped="10" time="0" errors="0">
<testcase name="Scheduling System › should display automation panel for scheduling" classname="scheduling-system.spec.ts" time="0">
<skipped>
</skipped>
</testcase>
<testcase name="Scheduling System › should setup automation task that can be scheduled" classname="scheduling-system.spec.ts" time="0">
<skipped>
</skipped>
</testcase>
<testcase name="Scheduling System › should configure search engine for scheduled task" classname="scheduling-system.spec.ts" time="0">
<skipped>
</skipped>
</testcase>
<testcase name="Scheduling System › should display task counts for scheduling overview" classname="scheduling-system.spec.ts" time="0">
<skipped>
</skipped>
</testcase>
<testcase name="Scheduling System › should support multiple target domains for scheduled execution" classname="scheduling-system.spec.ts" time="0">
<skipped>
</skipped>
</testcase>
<testcase name="Scheduling System › should have start button for immediate execution" classname="scheduling-system.spec.ts" time="0">
<skipped>
</skipped>
</testcase>
<testcase name="Scheduling System › should display automation controls for schedule management" classname="scheduling-system.spec.ts" time="0">
<skipped>
</skipped>
</testcase>
<testcase name="Scheduling System › should allow removal of scheduled keywords" classname="scheduling-system.spec.ts" time="0">
<skipped>
</skipped>
</testcase>
<testcase name="Scheduling System › should allow removal of scheduled domains" classname="scheduling-system.spec.ts" time="0">
<skipped>
</skipped>
</testcase>
<testcase name="Scheduling System › should maintain schedule configuration across panel switches" classname="scheduling-system.spec.ts" time="0">
<skipped>
</skipped>
</testcase>
</testsuite>
<testsuite name="security-fixes-validation.spec.ts" timestamp="2026-01-31T09:54:13.067Z" hostname="firefox" tests="17" failures="0" skipped="17" time="0" errors="0">
<testcase name="Security Fixes Validation @smoke @security › WebRTC Protection (IP Leak Prevention) › should block WebRTC by default" classname="security-fixes-validation.spec.ts" time="0">
<skipped>
</skipped>
</testcase>
<testcase name="Security Fixes Validation @smoke @security › WebRTC Protection (IP Leak Prevention) › should prevent RTCPeerConnection IP leaks" classname="security-fixes-validation.spec.ts" time="0">
<skipped>
</skipped>
</testcase>
<testcase name="Security Fixes Validation @smoke @security › WebRTC Protection (IP Leak Prevention) › should block getUserMedia to prevent device fingerprinting" classname="security-fixes-validation.spec.ts" time="0">
<skipped>
</skipped>
</testcase>
<testcase name="Security Fixes Validation @smoke @security › WebRTC Protection (IP Leak Prevention) › should prevent enumerateDevices fingerprinting" classname="security-fixes-validation.spec.ts" time="0">
<skipped>
</skipped>
</testcase>
<testcase name="Security Fixes Validation @smoke @security › Tracker Blocker (ReDoS Prevention) › should block trackers without ReDoS vulnerability" classname="security-fixes-validation.spec.ts" time="0">
<skipped>
</skipped>
</testcase>
<testcase name="Security Fixes Validation @smoke @security › Tracker Blocker (ReDoS Prevention) › should handle malicious URLs without hanging" classname="security-fixes-validation.spec.ts" time="0">
<skipped>
</skipped>
</testcase>
<testcase name="Security Fixes Validation @smoke @security › Tracker Blocker (ReDoS Prevention) › should handle exponential backtracking patterns safely" classname="security-fixes-validation.spec.ts" time="0">
<skipped>
</skipped>
</testcase>
<testcase name="Security Fixes Validation @smoke @security › Session URL Validation (SSRF Prevention) › should reject internal network URLs" classname="security-fixes-validation.spec.ts" time="0">
<skipped>
</skipped>
</testcase>
<testcase name="Security Fixes Validation @smoke @security › Session URL Validation (SSRF Prevention) › should reject file:// protocol URLs" classname="security-fixes-validation.spec.ts" time="0">
<skipped>
</skipped>
</testcase>
<testcase name="Security Fixes Validation @smoke @security › Session URL Validation (SSRF Prevention) › should reject DNS rebinding attempts" classname="security-fixes-validation.spec.ts" time="0">
<skipped>
</skipped>
</testcase>
<testcase name="Security Fixes Validation @smoke @security › Credential Encryption (safeStorage) › should use secure credential storage" classname="security-fixes-validation.spec.ts" time="0">
<skipped>
</skipped>
</testcase>
<testcase name="Security Fixes Validation @smoke @security › Credential Encryption (safeStorage) › should not expose credentials in DOM" classname="security-fixes-validation.spec.ts" time="0">
<skipped>
</skipped>
</testcase>
<testcase name="Security Fixes Validation @smoke @security › Credential Encryption (safeStorage) › should mask passwords in proxy configuration" classname="security-fixes-validation.spec.ts" time="0">
<skipped>
</skipped>
</testcase>
<testcase name="Security Fixes Validation @smoke @security › Credential Encryption (safeStorage) › should clear sensitive data on logout/close" classname="security-fixes-validation.spec.ts" time="0">
<skipped>
</skipped>
</testcase>
<testcase name="Security Fixes Validation @smoke @security › Additional Security Checks › should set secure HTTP headers" classname="security-fixes-validation.spec.ts" time="0">
<skipped>
</skipped>
</testcase>
<testcase name="Security Fixes Validation @smoke @security › Additional Security Checks › should sanitize user input" classname="security-fixes-validation.spec.ts" time="0">
<skipped>
</skipped>
</testcase>
<testcase name="Security Fixes Validation @smoke @security › Additional Security Checks › should prevent prototype pollution" classname="security-fixes-validation.spec.ts" time="0">
<skipped>
</skipped>
</testcase>
</testsuite>
<testsuite name="session-isolation.spec.ts" timestamp="2026-01-31T09:54:13.067Z" hostname="firefox" tests="10" failures="0" skipped="10" time="0" errors="0">
<testcase name="Session Isolation › should display tab bar with initial tab" classname="session-isolation.spec.ts" time="0">
<skipped>
</skipped>
</testcase>
<testcase name="Session Isolation › should have new tab button functional" classname="session-isolation.spec.ts" time="0">
<skipped>
</skipped>
</testcase>
<testcase name="Session Isolation › should display proxy status for current session" classname="session-isolation.spec.ts" time="0">
<skipped>
</skipped>
</testcase>
<testcase name="Session Isolation › should be able to configure proxy for session" classname="session-isolation.spec.ts" time="0">
<skipped>
</skipped>
</testcase>
<testcase name="Session Isolation › should verify session panel can be toggled" classname="session-isolation.spec.ts" time="0">
<skipped>
</skipped>
</testcase>
<testcase name="Session Isolation › should display session statistics" classname="session-isolation.spec.ts" time="0">
<skipped>
</skipped>
</testcase>
<testcase name="Session Isolation › should maintain UI state across panel switches" classname="session-isolation.spec.ts" time="0">
<skipped>
</skipped>
</testcase>
<testcase name="Session Isolation › should display address bar for navigation" classname="session-isolation.spec.ts" time="0">
<skipped>
</skipped>
</testcase>
<testcase name="Session Isolation › should have navigation controls for session" classname="session-isolation.spec.ts" time="0">
<skipped>
</skipped>
</testcase>
<testcase name="Session Isolation › should support multiple rotation strategies for session isolation" classname="session-isolation.spec.ts" time="0">
<skipped>
</skipped>
</testcase>
</testsuite>
<testsuite name="stats-panel.spec.ts" timestamp="2026-01-31T09:54:13.067Z" hostname="firefox" tests="13" failures="0" skipped="13" time="0" errors="0">
<testcase name="Stats Panel › should open stats panel" classname="stats-panel.spec.ts" time="0">
<skipped>
</skipped>
</testcase>
<testcase name="Stats Panel › should display stats panel via toolbar" classname="stats-panel.spec.ts" time="0">
<skipped>
</skipped>
</testcase>
<testcase name="Stats Panel › should toggle stats panel visibility" classname="stats-panel.spec.ts" time="0">
<skipped>
</skipped>
</testcase>
<testcase name="Stats Panel › should display statistics content" classname="stats-panel.spec.ts" time="0">
<skipped>
</skipped>
</testcase>
<testcase name="Stats Panel › should display numeric statistics" classname="stats-panel.spec.ts" time="0">
<skipped>
</skipped>
</testcase>
<testcase name="Stats Panel › should display proxy-related statistics" classname="stats-panel.spec.ts" time="0">
<skipped>
</skipped>
</testcase>
<testcase name="Stats Panel › should display automation-related statistics" classname="stats-panel.spec.ts" time="0">
<skipped>
</skipped>
</testcase>
<testcase name="Stats Panel › should render charts if present" classname="stats-panel.spec.ts" time="0">
<skipped>
</skipped>
</testcase>
<testcase name="Stats Panel › should have refresh capability" classname="stats-panel.spec.ts" time="0">
<skipped>
</skipped>
</testcase>
<testcase name="Stats Panel Sections › should display session statistics section" classname="stats-panel.spec.ts" time="0">
<skipped>
</skipped>
</testcase>
<testcase name="Stats Panel Sections › should display privacy statistics section" classname="stats-panel.spec.ts" time="0">
<skipped>
</skipped>
</testcase>
<testcase name="Stats Panel Sections › should display time-based metrics" classname="stats-panel.spec.ts" time="0">
<skipped>
</skipped>
</testcase>
<testcase name="Stats Panel Sections › should maintain stats after panel switching" classname="stats-panel.spec.ts" time="0">
<skipped>
</skipped>
</testcase>
</testsuite>
<testsuite name="tab-management.spec.ts" timestamp="2026-01-31T09:54:13.067Z" hostname="firefox" tests="15" failures="0" skipped="15" time="0" errors="0">
<testcase name="Tab Management › should display tab bar with initial tab" classname="tab-management.spec.ts" time="0">
<skipped>
</skipped>
</testcase>
<testcase name="Tab Management › should display new tab button" classname="tab-management.spec.ts" time="0">
<skipped>
</skipped>
</testcase>
<testcase name="Tab Management › should create new tab when clicking new tab button" classname="tab-management.spec.ts" time="0">
<skipped>
</skipped>
</testcase>
<testcase name="Tab Management › should create multiple tabs" classname="tab-management.spec.ts" time="0">
<skipped>
</skipped>
</testcase>
<testcase name="Tab Management › should switch to tab when clicking on it" classname="tab-management.spec.ts" time="0">
<skipped>
</skipped>
</testcase>
<testcase name="Tab Management › should display close button on tabs" classname="tab-management.spec.ts" time="0">
<skipped>
</skipped>
</testcase>
<testcase name="Tab Management › should close tab when clicking close button" classname="tab-management.spec.ts" time="0">
<skipped>
</skipped>
</testcase>
<testcase name="Tab Management › should not close last remaining tab" classname="tab-management.spec.ts" time="0">
<skipped>
</skipped>
</testcase>
<testcase name="Tab Management › should display tab title" classname="tab-management.spec.ts" time="0">
<skipped>
</skipped>
</testcase>
<testcase name="Tab Management › should show proxy status for each tab session" classname="tab-management.spec.ts" time="0">
<skipped>
</skipped>
</testcase>
<testcase name="Tab Management › should maintain tab state when switching panels" classname="tab-management.spec.ts" time="0">
<skipped>
</skipped>
</testcase>
<testcase name="Tab Isolation › should display proxy configuration per tab" classname="tab-management.spec.ts" time="0">
<skipped>
</skipped>
</testcase>
<testcase name="Tab Isolation › should support different rotation strategies for session isolation" classname="tab-management.spec.ts" time="0">
<skipped>
</skipped>
</testcase>
<testcase name="Tab Isolation › should display address bar for tab navigation" classname="tab-management.spec.ts" time="0">
<skipped>
</skipped>
</testcase>
<testcase name="Tab Isolation › should have navigation controls for tab browsing" classname="tab-management.spec.ts" time="0">
<skipped>
</skipped>
</testcase>
</testsuite>
<testsuite name="activity-log.spec.ts" timestamp="2026-01-31T09:54:13.067Z" hostname="webkit" tests="14" failures="0" skipped="14" time="0" errors="0">
<testcase name="Activity Log Panel › should open activity log panel" classname="activity-log.spec.ts" time="0">
<skipped>
</skipped>
</testcase>
<testcase name="Activity Log Panel › should display activity log panel via toolbar" classname="activity-log.spec.ts" time="0">
<skipped>
</skipped>
</testcase>
<testcase name="Activity Log Panel › should toggle activity panel visibility" classname="activity-log.spec.ts" time="0">
<skipped>
</skipped>
</testcase>
<testcase name="Activity Log Panel › should display log entries or empty state" classname="activity-log.spec.ts" time="0">
<skipped>
</skipped>
</testcase>
<testcase name="Activity Log Panel › should display level filter" classname="activity-log.spec.ts" time="0">
<skipped>
</skipped>
</testcase>
<testcase name="Activity Log Panel › should display category filter" classname="activity-log.spec.ts" time="0">
<skipped>
</skipped>
</testcase>
<testcase name="Activity Log Panel › should have refresh functionality" classname="activity-log.spec.ts" time="0">
<skipped>
</skipped>
</testcase>
<testcase name="Activity Log Panel › should display log entry details" classname="activity-log.spec.ts" time="0">
<skipped>
</skipped>
</testcase>
<testcase name="Activity Log Panel › should support pagination when many logs exist" classname="activity-log.spec.ts" time="0">
<skipped>
</skipped>
</testcase>
<testcase name="Activity Log Filtering › should filter logs by error level" classname="activity-log.spec.ts" time="0">
<skipped>
</skipped>
</testcase>
<testcase name="Activity Log Filtering › should filter logs by info level" classname="activity-log.spec.ts" time="0">
<skipped>
</skipped>
</testcase>
<testcase name="Activity Log Filtering › should filter logs by proxy category" classname="activity-log.spec.ts" time="0">
<skipped>
</skipped>
</testcase>
<testcase name="Activity Log Filtering › should filter logs by automation category" classname="activity-log.spec.ts" time="0">
<skipped>
</skipped>
</testcase>
<testcase name="Activity Log Filtering › should show all logs when filter is cleared" classname="activity-log.spec.ts" time="0">
<skipped>
</skipped>
</testcase>
</testsuite>
<testsuite name="automation.spec.ts" timestamp="2026-01-31T09:54:13.067Z" hostname="webkit" tests="12" failures="0" skipped="12" time="0" errors="0">
<testcase name="Automation › should display automation panel" classname="automation.spec.ts" time="0">
<skipped>
</skipped>
</testcase>
<testcase name="Automation › should show search engine selector with all options" classname="automation.spec.ts" time="0">
<skipped>
</skipped>
</testcase>
<testcase name="Automation › should add keyword using button" classname="automation.spec.ts" time="0">
<skipped>
</skipped>
</testcase>
<testcase name="Automation › should add keyword using Enter key" classname="automation.spec.ts" time="0">
<skipped>
</skipped>
</testcase>
<testcase name="Automation › should add target domain using button" classname="automation.spec.ts" time="0">
<skipped>
</skipped>
</testcase>
<testcase name="Automation › should add target domain using Enter key" classname="automation.spec.ts" time="0">
<skipped>
</skipped>
</testcase>
<testcase name="Automation › should show start button" classname="automation.spec.ts" time="0">
<skipped>
</skipped>
</testcase>
<testcase name="Automation › should disable start button when no keywords" classname="automation.spec.ts" time="0">
<skipped>
</skipped>
</testcase>
<testcase name="Automation › should enable start button when keywords added" classname="automation.spec.ts" time="0">
<skipped>
</skipped>
</testcase>
<testcase name="Automation › should change search engine" classname="automation.spec.ts" time="0">
<skipped>
</skipped>
</testcase>
<testcase name="Automation › should display keyword count" classname="automation.spec.ts" time="0">
<skipped>
</skipped>
</testcase>
<testcase name="Automation › should display domain count" classname="automation.spec.ts" time="0">
<skipped>
</skipped>
</testcase>
</testsuite>
<testsuite name="captcha-detection.spec.ts" timestamp="2026-01-31T09:54:13.067Z" hostname="webkit" tests="10" failures="0" skipped="10" time="0" errors="0">
<testcase name="Captcha Detection › should display automation panel for captcha-aware automation" classname="captcha-detection.spec.ts" time="0">
<skipped>
</skipped>
</testcase>
<testcase name="Captcha Detection › should allow search engine selection for captcha handling" classname="captcha-detection.spec.ts" time="0">
<skipped>
</skipped>
</testcase>
<testcase name="Captcha Detection › should setup automation that may encounter captchas" classname="captcha-detection.spec.ts" time="0">
<skipped>
</skipped>
</testcase>
<testcase name="Captcha Detection › should have start/stop controls for captcha-interrupted automation" classname="captcha-detection.spec.ts" time="0">
<skipped>
</skipped>
</testcase>
<testcase name="Captcha Detection › should display keyword list that may trigger captchas" classname="captcha-detection.spec.ts" time="0">
<skipped>
</skipped>
</testcase>
<testcase name="Captcha Detection › should support domain targeting for captcha avoidance" classname="captcha-detection.spec.ts" time="0">
<skipped>
</skipped>
</testcase>
<testcase name="Captcha Detection › should verify automation panel has all required elements" classname="captcha-detection.spec.ts" time="0">
<skipped>
</skipped>
</testcase>
<testcase name="Captcha Detection › should allow keyword removal for captcha rate management" classname="captcha-detection.spec.ts" time="0">
<skipped>
</skipped>
</testcase>
<testcase name="Captcha Detection › should display address bar for manual captcha solving navigation" classname="captcha-detection.spec.ts" time="0">
<skipped>
</skipped>
</testcase>
<testcase name="Captcha Detection › should have navigation controls for captcha page handling" classname="captcha-detection.spec.ts" time="0">
<skipped>
</skipped>
</testcase>
</testsuite>
<testsuite name="circuit-breaker.spec.ts" timestamp="2026-01-31T09:54:13.067Z" hostname="webkit" tests="10" failures="0" skipped="10" time="0" errors="0">
<testcase name="Circuit Breaker › should display proxy failure statistics" classname="circuit-breaker.spec.ts" time="0">
<skipped>
</skipped>
</testcase>
<testcase name="Circuit Breaker › should display active proxy count for circuit breaker decisions" classname="circuit-breaker.spec.ts" time="0">
<skipped>
</skipped>
</testcase>
<testcase name="Circuit Breaker › should have failure-aware rotation strategy for circuit breaker" classname="circuit-breaker.spec.ts" time="0">
<skipped>
</skipped>
</testcase>
<testcase name="Circuit Breaker › should display proxy list with status indicators" classname="circuit-breaker.spec.ts" time="0">
<skipped>
</skipped>
</testcase>
<testcase name="Circuit Breaker › should display total proxy count for circuit breaker pool" classname="circuit-breaker.spec.ts" time="0">
<skipped>
</skipped>
</testcase>
<testcase name="Circuit Breaker › should allow adding proxies to circuit breaker pool" classname="circuit-breaker.spec.ts" time="0">
<skipped>
</skipped>
</testcase>
<testcase name="Circuit Breaker › should display all three status categories for circuit breaker" classname="circuit-breaker.spec.ts" time="0">
<skipped>
</skipped>
</testcase>
<testcase name="Circuit Breaker › should support switching between rotation strategies for resilience" classname="circuit-breaker.spec.ts" time="0">
<skipped>
</skipped>
</testcase>
<testcase name="Circuit Breaker › should maintain circuit breaker configuration after panel toggle" classname="circuit-breaker.spec.ts" time="0">
<skipped>
</skipped>
</testcase>
<testcase name="Circuit Breaker › should display empty state when no proxies in circuit breaker pool" classname="circuit-breaker.spec.ts" time="0">
<skipped>
</skipped>
</testcase>
</testsuite>
<testsuite name="creator-support.spec.ts" timestamp="2026-01-31T09:54:13.067Z" hostname="webkit" tests="7" failures="0" skipped="7" time="0" errors="0">
<testcase name="Creator Support Flow › should be able to add creator URL as target domain" classname="creator-support.spec.ts" time="0">
<skipped>
</skipped>
</testcase>
<testcase name="Creator Support Flow › should be able to add multiple creator domains" classname="creator-support.spec.ts" time="0">
<skipped>
</skipped>
</testcase>
<testcase name="Creator Support Flow › should setup automation for creator support" classname="creator-support.spec.ts" time="0">
<skipped>
</skipped>
</testcase>
<testcase name="Creator Support Flow › should be able to start creator support automation" classname="creator-support.spec.ts" time="0">
<skipped>
</skipped>
</testcase>
<testcase name="Creator Support Flow › should validate creator domain format" classname="creator-support.spec.ts" time="0">
<skipped>
</skipped>
</testcase>
<testcase name="Creator Support Flow › should display creator support statistics after setup" classname="creator-support.spec.ts" time="0">
<skipped>
</skipped>
</testcase>
<testcase name="Creator Support Flow › should be able to remove creator from list" classname="creator-support.spec.ts" time="0">
<skipped>
</skipped>
</testcase>
</testsuite>
<testsuite name="database-migration-004.spec.ts" timestamp="2026-01-31T09:54:13.067Z" hostname="webkit" tests="14" failures="0" skipped="14" time="0" errors="0">
<testcase name="Database Migration 004 @smoke @database › Migration Execution › should start app successfully with migration 004 applied" classname="database-migration-004.spec.ts" time="0">
<skipped>
</skipped>
</testcase>
<testcase name="Database Migration 004 @smoke @database › Migration Execution › should execute migration without blocking UI" classname="database-migration-004.spec.ts" time="0">
<skipped>
</skipped>
</testcase>
<testcase name="Database Migration 004 @smoke @database › Migration Execution › should handle concurrent migrations gracefully" classname="database-migration-004.spec.ts" time="0">
<skipped>
</skipped>
</testcase>
<testcase name="Database Migration 004 @smoke @database › Index Verification › should load proxy list efficiently with idx_search_tasks_proxy_id" classname="database-migration-004.spec.ts" time="0">
<skipped>
</skipped>
</testcase>
<testcase name="Database Migration 004 @smoke @database › Index Verification › should load usage stats efficiently with idx_proxy_usage_composite" classname="database-migration-004.spec.ts" time="0">
<skipped>
</skipped>
</testcase>
<testcase name="Database Migration 004 @smoke @database › Index Verification › should load activity logs efficiently with idx_activity_logs_composite" classname="database-migration-004.spec.ts" time="0">
<skipped>
</skipped>
</testcase>
<testcase name="Database Migration 004 @smoke @database › Index Verification › should handle rotation events with idx_rotation_events_composite" classname="database-migration-004.spec.ts" time="0">
<skipped>
</skipped>
</testcase>
<testcase name="Database Migration 004 @smoke @database › Index Verification › should perform sticky session lookups efficiently" classname="database-migration-004.spec.ts" time="0">
<skipped>
</skipped>
</testcase>
<testcase name="Database Migration 004 @smoke @database › Data Integrity › should preserve proxy data after migration" classname="database-migration-004.spec.ts" time="0">
<skipped>
</skipped>
</testcase>
<testcase name="Database Migration 004 @smoke @database › Data Integrity › should preserve automation tasks after migration" classname="database-migration-004.spec.ts" time="0">
<skipped>
</skipped>
</testcase>
<testcase name="Database Migration 004 @smoke @database › Data Integrity › should preserve activity logs after migration" classname="database-migration-004.spec.ts" time="0">
<skipped>
</skipped>
</testcase>
<testcase name="Database Migration 004 @smoke @database › Data Integrity › should maintain referential integrity across tables" classname="database-migration-004.spec.ts" time="0">
<skipped>
</skipped>
</testcase>
<testcase name="Database Migration 004 @smoke @database › Rollback Safety › should handle database operations without crashes" classname="database-migration-004.spec.ts" time="0">
<skipped>
</skipped>
</testcase>
<testcase name="Database Migration 004 @smoke @database › Rollback Safety › should recover gracefully from simulated failures" classname="database-migration-004.spec.ts" time="0">
<skipped>
</skipped>
</testcase>
</testsuite>
<testsuite name="encryption-migration.spec.ts" timestamp="2026-01-31T09:54:13.067Z" hostname="webkit" tests="11" failures="0" skipped="11" time="0" errors="0">
<testcase name="Encryption Migration @smoke @security › Automatic Encryption Migration › should display encryption status indicator on dashboard" classname="encryption-migration.spec.ts" time="0">
<skipped>
</skipped>
</testcase>
<testcase name="Encryption Migration @smoke @security › Automatic Encryption Migration › should initialize encryption service on app start" classname="encryption-migration.spec.ts" time="0">
<skipped>
</skipped>
</testcase>
<testcase name="Encryption Migration @smoke @security › Automatic Encryption Migration › should handle encryption migration transparently" classname="encryption-migration.spec.ts" time="0">
<skipped>
</skipped>
</testcase>
<testcase name="Encryption Migration @smoke @security › Credential Accessibility › should access proxy credentials after migration" classname="encryption-migration.spec.ts" time="0">
<skipped>
</skipped>
</testcase>
<testcase name="Encryption Migration @smoke @security › Credential Accessibility › should encrypt new credentials using AES-256-GCM" classname="encryption-migration.spec.ts" time="0">
<skipped>
</skipped>
</testcase>
<testcase name="Encryption Migration @smoke @security › Credential Accessibility › should maintain credential integrity across sessions" classname="encryption-migration.spec.ts" time="0">
<skipped>
</skipped>
</testcase>
<testcase name="Encryption Migration @smoke @security › Fallback Encryption › should handle encryption gracefully when safeStorage unavailable" classname="encryption-migration.spec.ts" time="0">
<skipped>
</skipped>
</testcase>
<testcase name="Encryption Migration @smoke @security › Fallback Encryption › should use fallback encryption on unsupported platforms" classname="encryption-migration.spec.ts" time="0">
<skipped>
</skipped>
</testcase>
<testcase name="Encryption Migration @smoke @security › Security Event Logging › should log encryption-related security events" classname="encryption-migration.spec.ts" time="0">
<skipped>
</skipped>
</testcase>
<testcase name="Encryption Migration @smoke @security › Security Event Logging › should not expose sensitive data in logs" classname="encryption-migration.spec.ts" time="0">
<skipped>
</skipped>
</testcase>
<testcase name="Encryption Migration @smoke @security › Security Event Logging › should log migration events on upgrade" classname="encryption-migration.spec.ts" time="0">
<skipped>
</skipped>
</testcase>
</testsuite>
<testsuite name="error-handling.spec.ts" timestamp="2026-01-31T09:54:13.067Z" hostname="webkit" tests="16" failures="0" skipped="16" time="0" errors="0">
<testcase name="Input Validation › should not add empty keyword" classname="error-handling.spec.ts" time="0">
<skipped>
</skipped>
</testcase>
<testcase name="Input Validation › should not add empty domain" classname="error-handling.spec.ts" time="0">
<skipped>
</skipped>
</testcase>
<testcase name="Input Validation › should trim whitespace from keyword input" classname="error-handling.spec.ts" time="0">
<skipped>
</skipped>
</testcase>
<testcase name="Input Validation › should handle special characters in keyword" classname="error-handling.spec.ts" time="0">
<skipped>
</skipped>
</testcase>
<testcase name="Input Validation › should validate domain format" classname="error-handling.spec.ts" time="0">
<skipped>
</skipped>
</testcase>
<testcase name="Empty States › should display empty state when no proxies configured" classname="error-handling.spec.ts" time="0">
<skipped>
</skipped>
</testcase>
<testcase name="Empty States › should display empty keywords state" classname="error-handling.spec.ts" time="0">
<skipped>
</skipped>
</testcase>
<testcase name="Empty States › should display empty domains state" classname="error-handling.spec.ts" time="0">
<skipped>
</skipped>
</testcase>
<testcase name="Button States › should disable start button when no keywords" classname="error-handling.spec.ts" time="0">
<skipped>
</skipped>
</testcase>
<testcase name="Button States › should enable start button when keywords added" classname="error-handling.spec.ts" time="0">
<skipped>
</skipped>
</testcase>
<testcase name="Button States › should disable start button when all keywords removed" classname="error-handling.spec.ts" time="0">
<skipped>
</skipped>
</testcase>
<testcase name="State Persistence › should maintain privacy settings after panel toggle" classname="error-handling.spec.ts" time="0">
<skipped>
</skipped>
</testcase>
<testcase name="State Persistence › should maintain proxy strategy after panel switch" classname="error-handling.spec.ts" time="0">
<skipped>
</skipped>
</testcase>
<testcase name="State Persistence › should maintain automation config after panel switch" classname="error-handling.spec.ts" time="0">
<skipped>
</skipped>
</testcase>
<testcase name="UI Recovery › should recover from rapid panel switching" classname="error-handling.spec.ts" time="0">
<skipped>
</skipped>
</testcase>
<testcase name="UI Recovery › should handle rapid add/remove operations" classname="error-handling.spec.ts" time="0">
<skipped>
</skipped>
</testcase>
</testsuite>
<testsuite name="magic-ui-components.spec.ts" timestamp="2026-01-31T09:54:13.067Z" hostname="webkit" tests="22" failures="0" skipped="22" time="0" errors="0">
<testcase name="Magic UI Components @smoke @ui › Particles Background › should render particles canvas on dashboard" classname="magic-ui-components.spec.ts" time="0">
<skipped>
</skipped>
</testcase>
<testcase name="Magic UI Components @smoke @ui › Particles Background › should have working canvas context" classname="magic-ui-components.spec.ts" time="0">
<skipped>
</skipped>
</testcase>
<testcase name="Magic UI Components @smoke @ui › Particles Background › should animate particles smoothly" classname="magic-ui-components.spec.ts" time="0">
<skipped>
</skipped>
</testcase>
<testcase name="Magic UI Components @smoke @ui › BorderBeam Component › should display BorderBeam on active proxy card" classname="magic-ui-components.spec.ts" time="0">
<skipped>
</skipped>
</testcase>
<testcase name="Magic UI Components @smoke @ui › BorderBeam Component › should animate BorderBeam continuously" classname="magic-ui-components.spec.ts" time="0">
<skipped>
</skipped>
</testcase>
<testcase name="Magic UI Components @smoke @ui › Confetti Component › should trigger confetti on automation success" classname="magic-ui-components.spec.ts" time="0">
<skipped>
</skipped>
</testcase>
<testcase name="Magic UI Components @smoke @ui › Confetti Component › should render confetti particles correctly" classname="magic-ui-components.spec.ts" time="0">
<skipped>
</skipped>
</testcase>
<testcase name="Magic UI Components @smoke @ui › AnimatedList Component › should render AnimatedList in activity log" classname="magic-ui-components.spec.ts" time="0">
<skipped>
</skipped>
</testcase>
<testcase name="Magic UI Components @smoke @ui › AnimatedList Component › should animate list items on entry" classname="magic-ui-components.spec.ts" time="0">
<skipped>
</skipped>
</testcase>
<testcase name="Magic UI Components @smoke @ui › AnimatedList Component › should support smooth scrolling in lists" classname="magic-ui-components.spec.ts" time="0">
<skipped>
</skipped>
</testcase>
<testcase name="Magic UI Components @smoke @ui › Animation Settings Panel › should display animation settings in settings panel" classname="magic-ui-components.spec.ts" time="0">
<skipped>
</skipped>
</testcase>
<testcase name="Magic UI Components @smoke @ui › Animation Settings Panel › should toggle animations on/off" classname="magic-ui-components.spec.ts" time="0">
<skipped>
</skipped>
</testcase>
<testcase name="Magic UI Components @smoke @ui › Animation Settings Panel › should persist animation preferences" classname="magic-ui-components.spec.ts" time="0">
<skipped>
</skipped>
</testcase>
<testcase name="Magic UI Components @smoke @ui › Animation Settings Panel › should have individual component toggles" classname="magic-ui-components.spec.ts" time="0">
<skipped>
</skipped>
</testcase>
<testcase name="Magic UI Components @smoke @ui › Reduced Motion Support › should respect prefers-reduced-motion" classname="magic-ui-components.spec.ts" time="0">
<skipped>
</skipped>
</testcase>
<testcase name="Magic UI Components @smoke @ui › Reduced Motion Support › should disable particles when reduced motion is set" classname="magic-ui-components.spec.ts" time="0">
<skipped>
</skipped>
</testcase>
<testcase name="Magic UI Components @smoke @ui › Reduced Motion Support › should show reduced motion indicator when active" classname="magic-ui-components.spec.ts" time="0">
<skipped>
</skipped>
</testcase>
<testcase name="Magic UI Components @smoke @ui › Reduced Motion Support › should allow manual override of reduced motion" classname="magic-ui-components.spec.ts" time="0">
<skipped>
</skipped>
</testcase>
<testcase name="Magic UI Components @smoke @ui › Additional Magic UI Components › should render NeonGradientCard correctly" classname="magic-ui-components.spec.ts" time="0">
<skipped>
</skipped>
</testcase>
<testcase name="Magic UI Components @smoke @ui › Additional Magic UI Components › should render NumberTicker with animations" classname="magic-ui-components.spec.ts" time="0">
<skipped>
</skipped>
</testcase>
<testcase name="Magic UI Components @smoke @ui › Additional Magic UI Components › should render ShimmerButton with effect" classname="magic-ui-components.spec.ts" time="0">
<skipped>
</skipped>
</testcase>
<testcase name="Magic UI Components @smoke @ui › Additional Magic UI Components › should render PulsatingButton correctly" classname="magic-ui-components.spec.ts" time="0">
<skipped>
</skipped>
</testcase>
</testsuite>
<testsuite name="magic-ui-ux.spec.ts" timestamp="2026-01-31T09:54:13.067Z" hostname="webkit" tests="17" failures="0" skipped="17" time="0" errors="0">
<testcase name="BorderBeam Visual Tests @smoke › user sees BorderBeam on proxy connect" classname="magic-ui-ux.spec.ts" time="0">
<skipped>
</skipped>
</testcase>
<testcase name="BorderBeam Visual Tests @smoke › BorderBeam animation is smooth" classname="magic-ui-ux.spec.ts" time="0">
<skipped>
</skipped>
</testcase>
<testcase name="Activity Log Animation Tests › activity log animates smoothly" classname="magic-ui-ux.spec.ts" time="0">
<skipped>
</skipped>
</testcase>
<testcase name="Activity Log Animation Tests › new log entries animate in from top" classname="magic-ui-ux.spec.ts" time="0">
<skipped>
</skipped>
</testcase>
<testcase name="Confetti Animation Tests › confetti shows on automation success" classname="magic-ui-ux.spec.ts" time="0">
<skipped>
</skipped>
</testcase>
<testcase name="Confetti Animation Tests › confetti cleanup after animation" classname="magic-ui-ux.spec.ts" time="0">
<skipped>
</skipped>
</testcase>
<testcase name="Animation Settings Tests › animations can be disabled in settings" classname="magic-ui-ux.spec.ts" time="0">
<skipped>
</skipped>
</testcase>
<testcase name="Animation Settings Tests › prefers-reduced-motion is respected" classname="magic-ui-ux.spec.ts" time="0">
<skipped>
</skipped>
</testcase>
<testcase name="Animation Settings Tests › animations resume when reduced-motion disabled" classname="magic-ui-ux.spec.ts" time="0">
<skipped>
</skipped>
</testcase>
<testcase name="NeonGradientCard Visual Tests › neon gradient card renders with glow effect" classname="magic-ui-ux.spec.ts" time="0">
<skipped>
</skipped>
</testcase>
<testcase name="Particles Background Tests › particles render in dashboard background" classname="magic-ui-ux.spec.ts" time="0">
<skipped>
</skipped>
</testcase>
<testcase name="Particles Background Tests › particles do not interfere with UI interactions" classname="magic-ui-ux.spec.ts" time="0">
<skipped>
</skipped>
</testcase>
<testcase name="Animation Performance Tests › page maintains responsive interactions with animations" classname="magic-ui-ux.spec.ts" time="0">
<skipped>
</skipped>
</testcase>
<testcase name="Animation Performance Tests › animations do not cause layout shifts" classname="magic-ui-ux.spec.ts" time="0">
<skipped>
</skipped>
</testcase>
<testcase name="Animation Accessibility Tests @a11y › animated elements have appropriate ARIA attributes" classname="magic-ui-ux.spec.ts" time="0">
<skipped>
</skipped>
</testcase>
<testcase name="Animation Accessibility Tests @a11y › page is navigable with keyboard during animations" classname="magic-ui-ux.spec.ts" time="0">
<skipped>
</skipped>
</testcase>
<testcase name="Visual Regression Tests › capture baseline screenshots" classname="magic-ui-ux.spec.ts" time="0">
<properties>
<property name="skip" value="">
</property>
</properties>
<skipped>
</skipped>
</testcase>
</testsuite>
<testsuite name="navigation.spec.ts" timestamp="2026-01-31T09:54:13.067Z" hostname="webkit" tests="10" failures="0" skipped="10" time="0" errors="0">
<testcase name="Navigation &amp; UI › should display main UI elements" classname="navigation.spec.ts" time="0">
<skipped>
</skipped>
</testcase>
<testcase name="Navigation &amp; UI › should display all toolbar buttons" classname="navigation.spec.ts" time="0">
<skipped>
</skipped>
</testcase>
<testcase name="Navigation &amp; UI › should switch between panels" classname="navigation.spec.ts" time="0">
<skipped>
</skipped>
</testcase>
<testcase name="Navigation &amp; UI › should open activity log panel" classname="navigation.spec.ts" time="0">
<skipped>
</skipped>
</testcase>
<testcase name="Navigation &amp; UI › should open stats panel" classname="navigation.spec.ts" time="0">
<skipped>
</skipped>
</testcase>
<testcase name="Navigation &amp; UI › should open settings panel" classname="navigation.spec.ts" time="0">
<skipped>
</skipped>
</testcase>
<testcase name="Navigation &amp; UI › should close panel when clicking same button" classname="navigation.spec.ts" time="0">
<skipped>
</skipped>
</testcase>
<testcase name="Navigation &amp; UI › should show navigation controls" classname="navigation.spec.ts" time="0">
<skipped>
</skipped>
</testcase>
<testcase name="Navigation &amp; UI › should display proxy status indicator" classname="navigation.spec.ts" time="0">
<skipped>
</skipped>
</testcase>
<testcase name="Navigation &amp; UI › should display tab bar with new tab button" classname="navigation.spec.ts" time="0">
<skipped>
</skipped>
</testcase>
</testsuite>
<testsuite name="performance-benchmarks.spec.ts" timestamp="2026-01-31T09:54:13.067Z" hostname="webkit" tests="16" failures="0" skipped="16" time="0" errors="0">
<testcase name="Performance Benchmarks @performance › Application Load Performance › should load application within threshold" classname="performance-benchmarks.spec.ts" time="0">
<skipped>
</skipped>
</testcase>
<testcase name="Performance Benchmarks @performance › Application Load Performance › should achieve DOMContentLoaded within 3 seconds" classname="performance-benchmarks.spec.ts" time="0">
<skipped>
</skipped>
</testcase>
<testcase name="Performance Benchmarks @performance › Application Load Performance › should have no long tasks blocking main thread" classname="performance-benchmarks.spec.ts" time="0">
<skipped>
</skipped>
</testcase>
<testcase name="Performance Benchmarks @performance › Database Query Performance › should load proxy list within threshold" classname="performance-benchmarks.spec.ts" time="0">
<skipped>
</skipped>
</testcase>
<testcase name="Performance Benchmarks @performance › Database Query Performance › should load activity log within threshold" classname="performance-benchmarks.spec.ts" time="0">
<skipped>
</skipped>
</testcase>
<testcase name="Performance Benchmarks @performance › Database Query Performance › should handle stats panel queries efficiently" classname="performance-benchmarks.spec.ts" time="0">
<skipped>
</skipped>
</testcase>
<testcase name="Performance Benchmarks @performance › Database Query Performance › should maintain performance with multiple panel switches" classname="performance-benchmarks.spec.ts" time="0">
<skipped>
</skipped>
</testcase>
<testcase name="Performance Benchmarks @performance › UI Animation Performance › should maintain 30+ FPS during animations" classname="performance-benchmarks.spec.ts" time="0">
<skipped>
</skipped>
</testcase>
<testcase name="Performance Benchmarks @performance › UI Animation Performance › should not cause layout thrashing" classname="performance-benchmarks.spec.ts" time="0">
<skipped>
</skipped>
</testcase>
<testcase name="Performance Benchmarks @performance › UI Animation Performance › should handle reduced motion efficiently" classname="performance-benchmarks.spec.ts" time="0">
<skipped>
</skipped>
</testcase>
<testcase name="Performance Benchmarks @performance › Proxy Rotation Performance › should handle rotation strategy changes quickly" classname="performance-benchmarks.spec.ts" time="0">
<skipped>
</skipped>
</testcase>
<testcase name="Performance Benchmarks @performance › Proxy Rotation Performance › should load proxy stats efficiently" classname="performance-benchmarks.spec.ts" time="0">
<skipped>
</skipped>
</testcase>
<testcase name="Performance Benchmarks @performance › Memory Usage › should stay within memory threshold" classname="performance-benchmarks.spec.ts" time="0">
<skipped>
</skipped>
</testcase>
<testcase name="Performance Benchmarks @performance › Memory Usage › should not leak memory on panel navigation" classname="performance-benchmarks.spec.ts" time="0">
<skipped>
</skipped>
</testcase>
<testcase name="Performance Benchmarks @performance › Bundle Performance › should load critical resources quickly" classname="performance-benchmarks.spec.ts" time="0">
<skipped>
</skipped>
</testcase>
<testcase name="Performance Benchmarks @performance › Bundle Performance › should have efficient first paint" classname="performance-benchmarks.spec.ts" time="0">
<skipped>
</skipped>
</testcase>
</testsuite>
<testsuite name="privacy-protection.spec.ts" timestamp="2026-01-31T09:54:13.067Z" hostname="webkit" tests="14" failures="0" skipped="14" time="0" errors="0">
<testcase name="Privacy Protection › should display privacy panel" classname="privacy-protection.spec.ts" time="0">
<skipped>
</skipped>
</testcase>
<testcase name="Privacy Protection › should show all privacy sections" classname="privacy-protection.spec.ts" time="0">
<skipped>
</skipped>
</testcase>
<testcase name="Privacy Protection › should toggle canvas fingerprint protection" classname="privacy-protection.spec.ts" time="0">
<skipped>
</skipped>
</testcase>
<testcase name="Privacy Protection › should toggle WebGL fingerprint protection" classname="privacy-protection.spec.ts" time="0">
<skipped>
</skipped>
</testcase>
<testcase name="Privacy Protection › should toggle audio fingerprint protection" classname="privacy-protection.spec.ts" time="0">
<skipped>
</skipped>
</testcase>
<testcase name="Privacy Protection › should toggle navigator spoofing" classname="privacy-protection.spec.ts" time="0">
<skipped>
</skipped>
</testcase>
<testcase name="Privacy Protection › should toggle WebRTC leak protection" classname="privacy-protection.spec.ts" time="0">
<skipped>
</skipped>
</testcase>
<testcase name="Privacy Protection › should toggle tracker blocking" classname="privacy-protection.spec.ts" time="0">
<skipped>
</skipped>
</testcase>
<testcase name="Privacy Protection › should toggle timezone spoofing" classname="privacy-protection.spec.ts" time="0">
<skipped>
</skipped>
</testcase>
<testcase name="Privacy Protection › should show all fingerprint options" classname="privacy-protection.spec.ts" time="0">
<skipped>
</skipped>
</testcase>
<testcase name="Privacy Protection › should show WebRTC and tracker options" classname="privacy-protection.spec.ts" time="0">
<skipped>
</skipped>
</testcase>
<testcase name="Privacy Protection › should show timezone spoofing option" classname="privacy-protection.spec.ts" time="0">
<skipped>
</skipped>
</testcase>
<testcase name="Privacy Protection › should be able to enable all protections" classname="privacy-protection.spec.ts" time="0">
<skipped>
</skipped>
</testcase>
<testcase name="Privacy Protection › should be able to disable all protections" classname="privacy-protection.spec.ts" time="0">
<skipped>
</skipped>
</testcase>
</testsuite>
<testsuite name="privacy-verification.spec.ts" timestamp="2026-01-31T09:54:13.067Z" hostname="webkit" tests="6" failures="0" skipped="6" time="0" errors="0">
<testcase name="Privacy Verification › should enable fingerprint spoofing and verify settings persist" classname="privacy-verification.spec.ts" time="0">
<skipped>
</skipped>
</testcase>
<testcase name="Privacy Verification › should verify WebRTC leak prevention is configurable" classname="privacy-verification.spec.ts" time="0">
<skipped>
</skipped>
</testcase>
<testcase name="Privacy Verification › should verify tracker blocking functionality" classname="privacy-verification.spec.ts" time="0">
<skipped>
</skipped>
</testcase>
<testcase name="Privacy Verification › should enable all privacy protections simultaneously" classname="privacy-verification.spec.ts" time="0">
<skipped>
</skipped>
</testcase>
<testcase name="Privacy Verification › should toggle individual protections without affecting others" classname="privacy-verification.spec.ts" time="0">
<skipped>
</skipped>
</testcase>
<testcase name="Privacy Verification › should display privacy protection status indicators" classname="privacy-verification.spec.ts" time="0">
<skipped>
</skipped>
</testcase>
</testsuite>
<testsuite name="proxy-management.spec.ts" timestamp="2026-01-31T09:54:13.067Z" hostname="webkit" tests="7" failures="0" skipped="7" time="0" errors="0">
<testcase name="Proxy Management › should display proxy panel" classname="proxy-management.spec.ts" time="0">
<skipped>
</skipped>
</testcase>
<testcase name="Proxy Management › should display add proxy button" classname="proxy-management.spec.ts" time="0">
<skipped>
</skipped>
</testcase>
<testcase name="Proxy Management › should display proxy list or empty state" classname="proxy-management.spec.ts" time="0">
<skipped>
</skipped>
</testcase>
<testcase name="Proxy Management › should show proxy statistics" classname="proxy-management.spec.ts" time="0">
<skipped>
</skipped>
</testcase>
<testcase name="Proxy Management › should change rotation strategy" classname="proxy-management.spec.ts" time="0">
<skipped>
</skipped>
</testcase>
<testcase name="Proxy Management › should toggle proxy panel visibility" classname="proxy-management.spec.ts" time="0">
<skipped>
</skipped>
</testcase>
<testcase name="Proxy Management › should display all rotation strategy options" classname="proxy-management.spec.ts" time="0">
<skipped>
</skipped>
</testcase>
</testsuite>
<testsuite name="proxy-rotation.spec.ts" timestamp="2026-01-31T09:54:13.067Z" hostname="webkit" tests="12" failures="0" skipped="12" time="0" errors="0">
<testcase name="Proxy Rotation › should display rotation strategy selector" classname="proxy-rotation.spec.ts" time="0">
<skipped>
</skipped>
</testcase>
<testcase name="Proxy Rotation › should have all rotation strategy options available" classname="proxy-rotation.spec.ts" time="0">
<skipped>
</skipped>
</testcase>
<testcase name="Proxy Rotation › should change to Round Robin strategy" classname="proxy-rotation.spec.ts" time="0">
<skipped>
</skipped>
</testcase>
<testcase name="Proxy Rotation › should change to Random strategy" classname="proxy-rotation.spec.ts" time="0">
<skipped>
</skipped>
</testcase>
<testcase name="Proxy Rotation › should change to Least Used strategy" classname="proxy-rotation.spec.ts" time="0">
<skipped>
</skipped>
</testcase>
<testcase name="Proxy Rotation › should change to Fastest strategy" classname="proxy-rotation.spec.ts" time="0">
<skipped>
</skipped>
</testcase>
<testcase name="Proxy Rotation › should change to Failure Aware strategy" classname="proxy-rotation.spec.ts" time="0">
<skipped>
</skipped>
</testcase>
<testcase name="Proxy Rotation › should change to Weighted strategy" classname="proxy-rotation.spec.ts" time="0">
<skipped>
</skipped>
</testcase>
<testcase name="Proxy Rotation › should cycle through all rotation strategies" classname="proxy-rotation.spec.ts" time="0">
<skipped>
</skipped>
</testcase>
<testcase name="Proxy Rotation › should maintain rotation strategy after panel toggle" classname="proxy-rotation.spec.ts" time="0">
<skipped>
</skipped>
</testcase>
<testcase name="Proxy Rotation › should display proxy statistics relevant to rotation" classname="proxy-rotation.spec.ts" time="0">
<skipped>
</skipped>
</testcase>
<testcase name="Proxy Rotation › should display Add Proxy button for expanding rotation pool" classname="proxy-rotation.spec.ts" time="0">
<skipped>
</skipped>
</testcase>
</testsuite>
<testsuite name="scheduling-system.spec.ts" timestamp="2026-01-31T09:54:13.067Z" hostname="webkit" tests="10" failures="0" skipped="10" time="0" errors="0">
<testcase name="Scheduling System › should display automation panel for scheduling" classname="scheduling-system.spec.ts" time="0">
<skipped>
</skipped>
</testcase>
<testcase name="Scheduling System › should setup automation task that can be scheduled" classname="scheduling-system.spec.ts" time="0">
<skipped>
</skipped>
</testcase>
<testcase name="Scheduling System › should configure search engine for scheduled task" classname="scheduling-system.spec.ts" time="0">
<skipped>
</skipped>
</testcase>
<testcase name="Scheduling System › should display task counts for scheduling overview" classname="scheduling-system.spec.ts" time="0">
<skipped>
</skipped>
</testcase>
<testcase name="Scheduling System › should support multiple target domains for scheduled execution" classname="scheduling-system.spec.ts" time="0">
<skipped>
</skipped>
</testcase>
<testcase name="Scheduling System › should have start button for immediate execution" classname="scheduling-system.spec.ts" time="0">
<skipped>
</skipped>
</testcase>
<testcase name="Scheduling System › should display automation controls for schedule management" classname="scheduling-system.spec.ts" time="0">
<skipped>
</skipped>
</testcase>
<testcase name="Scheduling System › should allow removal of scheduled keywords" classname="scheduling-system.spec.ts" time="0">
<skipped>
</skipped>
</testcase>
<testcase name="Scheduling System › should allow removal of scheduled domains" classname="scheduling-system.spec.ts" time="0">
<skipped>
</skipped>
</testcase>
<testcase name="Scheduling System › should maintain schedule configuration across panel switches" classname="scheduling-system.spec.ts" time="0">
<skipped>
</skipped>
</testcase>
</testsuite>
<testsuite name="security-fixes-validation.spec.ts" timestamp="2026-01-31T09:54:13.067Z" hostname="webkit" tests="17" failures="0" skipped="17" time="0" errors="0">
<testcase name="Security Fixes Validation @smoke @security › WebRTC Protection (IP Leak Prevention) › should block WebRTC by default" classname="security-fixes-validation.spec.ts" time="0">
<skipped>
</skipped>
</testcase>
<testcase name="Security Fixes Validation @smoke @security › WebRTC Protection (IP Leak Prevention) › should prevent RTCPeerConnection IP leaks" classname="security-fixes-validation.spec.ts" time="0">
<skipped>
</skipped>
</testcase>
<testcase name="Security Fixes Validation @smoke @security › WebRTC Protection (IP Leak Prevention) › should block getUserMedia to prevent device fingerprinting" classname="security-fixes-validation.spec.ts" time="0">
<skipped>
</skipped>
</testcase>
<testcase name="Security Fixes Validation @smoke @security › WebRTC Protection (IP Leak Prevention) › should prevent enumerateDevices fingerprinting" classname="security-fixes-validation.spec.ts" time="0">
<skipped>
</skipped>
</testcase>
<testcase name="Security Fixes Validation @smoke @security › Tracker Blocker (ReDoS Prevention) › should block trackers without ReDoS vulnerability" classname="security-fixes-validation.spec.ts" time="0">
<skipped>
</skipped>
</testcase>
<testcase name="Security Fixes Validation @smoke @security › Tracker Blocker (ReDoS Prevention) › should handle malicious URLs without hanging" classname="security-fixes-validation.spec.ts" time="0">
<skipped>
</skipped>
</testcase>
<testcase name="Security Fixes Validation @smoke @security › Tracker Blocker (ReDoS Prevention) › should handle exponential backtracking patterns safely" classname="security-fixes-validation.spec.ts" time="0">
<skipped>
</skipped>
</testcase>
<testcase name="Security Fixes Validation @smoke @security › Session URL Validation (SSRF Prevention) › should reject internal network URLs" classname="security-fixes-validation.spec.ts" time="0">
<skipped>
</skipped>
</testcase>
<testcase name="Security Fixes Validation @smoke @security › Session URL Validation (SSRF Prevention) › should reject file:// protocol URLs" classname="security-fixes-validation.spec.ts" time="0">
<skipped>
</skipped>
</testcase>
<testcase name="Security Fixes Validation @smoke @security › Session URL Validation (SSRF Prevention) › should reject DNS rebinding attempts" classname="security-fixes-validation.spec.ts" time="0">
<skipped>
</skipped>
</testcase>
<testcase name="Security Fixes Validation @smoke @security › Credential Encryption (safeStorage) › should use secure credential storage" classname="security-fixes-validation.spec.ts" time="0">
<skipped>
</skipped>
</testcase>
<testcase name="Security Fixes Validation @smoke @security › Credential Encryption (safeStorage) › should not expose credentials in DOM" classname="security-fixes-validation.spec.ts" time="0">
<skipped>
</skipped>
</testcase>
<testcase name="Security Fixes Validation @smoke @security › Credential Encryption (safeStorage) › should mask passwords in proxy configuration" classname="security-fixes-validation.spec.ts" time="0">
<skipped>
</skipped>
</testcase>
<testcase name="Security Fixes Validation @smoke @security › Credential Encryption (safeStorage) › should clear sensitive data on logout/close" classname="security-fixes-validation.spec.ts" time="0">
<skipped>
</skipped>
</testcase>
<testcase name="Security Fixes Validation @smoke @security › Additional Security Checks › should set secure HTTP headers" classname="security-fixes-validation.spec.ts" time="0">
<skipped>
</skipped>
</testcase>
<testcase name="Security Fixes Validation @smoke @security › Additional Security Checks › should sanitize user input" classname="security-fixes-validation.spec.ts" time="0">
<skipped>
</skipped>
</testcase>
<testcase name="Security Fixes Validation @smoke @security › Additional Security Checks › should prevent prototype pollution" classname="security-fixes-validation.spec.ts" time="0">
<skipped>
</skipped>
</testcase>
</testsuite>
<testsuite name="session-isolation.spec.ts" timestamp="2026-01-31T09:54:13.067Z" hostname="webkit" tests="10" failures="0" skipped="10" time="0" errors="0">
<testcase name="Session Isolation › should display tab bar with initial tab" classname="session-isolation.spec.ts" time="0">
<skipped>
</skipped>
</testcase>
<testcase name="Session Isolation › should have new tab button functional" classname="session-isolation.spec.ts" time="0">
<skipped>
</skipped>
</testcase>
<testcase name="Session Isolation › should display proxy status for current session" classname="session-isolation.spec.ts" time="0">
<skipped>
</skipped>
</testcase>
<testcase name="Session Isolation › should be able to configure proxy for session" classname="session-isolation.spec.ts" time="0">
<skipped>
</skipped>
</testcase>
<testcase name="Session Isolation › should verify session panel can be toggled" classname="session-isolation.spec.ts" time="0">
<skipped>
</skipped>
</testcase>
<testcase name="Session Isolation › should display session statistics" classname="session-isolation.spec.ts" time="0">
<skipped>
</skipped>
</testcase>
<testcase name="Session Isolation › should maintain UI state across panel switches" classname="session-isolation.spec.ts" time="0">
<skipped>
</skipped>
</testcase>
<testcase name="Session Isolation › should display address bar for navigation" classname="session-isolation.spec.ts" time="0">
<skipped>
</skipped>
</testcase>
<testcase name="Session Isolation › should have navigation controls for session" classname="session-isolation.spec.ts" time="0">
<skipped>
</skipped>
</testcase>
<testcase name="Session Isolation › should support multiple rotation strategies for session isolation" classname="session-isolation.spec.ts" time="0">
<skipped>
</skipped>
</testcase>
</testsuite>
<testsuite name="stats-panel.spec.ts" timestamp="2026-01-31T09:54:13.067Z" hostname="webkit" tests="13" failures="0" skipped="13" time="0" errors="0">
<testcase name="Stats Panel › should open stats panel" classname="stats-panel.spec.ts" time="0">
<skipped>
</skipped>
</testcase>
<testcase name="Stats Panel › should display stats panel via toolbar" classname="stats-panel.spec.ts" time="0">
<skipped>
</skipped>
</testcase>
<testcase name="Stats Panel › should toggle stats panel visibility" classname="stats-panel.spec.ts" time="0">
<skipped>
</skipped>
</testcase>
<testcase name="Stats Panel › should display statistics content" classname="stats-panel.spec.ts" time="0">
<skipped>
</skipped>
</testcase>
<testcase name="Stats Panel › should display numeric statistics" classname="stats-panel.spec.ts" time="0">
<skipped>
</skipped>
</testcase>
<testcase name="Stats Panel › should display proxy-related statistics" classname="stats-panel.spec.ts" time="0">
<skipped>
</skipped>
</testcase>
<testcase name="Stats Panel › should display automation-related statistics" classname="stats-panel.spec.ts" time="0">
<skipped>
</skipped>
</testcase>
<testcase name="Stats Panel › should render charts if present" classname="stats-panel.spec.ts" time="0">
<skipped>
</skipped>
</testcase>
<testcase name="Stats Panel › should have refresh capability" classname="stats-panel.spec.ts" time="0">
<skipped>
</skipped>
</testcase>
<testcase name="Stats Panel Sections › should display session statistics section" classname="stats-panel.spec.ts" time="0">
<skipped>
</skipped>
</testcase>
<testcase name="Stats Panel Sections › should display privacy statistics section" classname="stats-panel.spec.ts" time="0">
<skipped>
</skipped>
</testcase>
<testcase name="Stats Panel Sections › should display time-based metrics" classname="stats-panel.spec.ts" time="0">
<skipped>
</skipped>
</testcase>
<testcase name="Stats Panel Sections › should maintain stats after panel switching" classname="stats-panel.spec.ts" time="0">
<skipped>
</skipped>
</testcase>
</testsuite>
<testsuite name="tab-management.spec.ts" timestamp="2026-01-31T09:54:13.067Z" hostname="webkit" tests="15" failures="0" skipped="15" time="0" errors="0">
<testcase name="Tab Management › should display tab bar with initial tab" classname="tab-management.spec.ts" time="0">
<skipped>
</skipped>
</testcase>
<testcase name="Tab Management › should display new tab button" classname="tab-management.spec.ts" time="0">
<skipped>
</skipped>
</testcase>
<testcase name="Tab Management › should create new tab when clicking new tab button" classname="tab-management.spec.ts" time="0">
<skipped>
</skipped>
</testcase>
<testcase name="Tab Management › should create multiple tabs" classname="tab-management.spec.ts" time="0">
<skipped>
</skipped>
</testcase>
<testcase name="Tab Management › should switch to tab when clicking on it" classname="tab-management.spec.ts" time="0">
<skipped>
</skipped>
</testcase>
<testcase name="Tab Management › should display close button on tabs" classname="tab-management.spec.ts" time="0">
<skipped>
</skipped>
</testcase>
<testcase name="Tab Management › should close tab when clicking close button" classname="tab-management.spec.ts" time="0">
<skipped>
</skipped>
</testcase>
<testcase name="Tab Management › should not close last remaining tab" classname="tab-management.spec.ts" time="0">
<skipped>
</skipped>
</testcase>
<testcase name="Tab Management › should display tab title" classname="tab-management.spec.ts" time="0">
<skipped>
</skipped>
</testcase>
<testcase name="Tab Management › should show proxy status for each tab session" classname="tab-management.spec.ts" time="0">
<skipped>
</skipped>
</testcase>
<testcase name="Tab Management › should maintain tab state when switching panels" classname="tab-management.spec.ts" time="0">
<skipped>
</skipped>
</testcase>
<testcase name="Tab Isolation › should display proxy configuration per tab" classname="tab-management.spec.ts" time="0">
<skipped>
</skipped>
</testcase>
<testcase name="Tab Isolation › should support different rotation strategies for session isolation" classname="tab-management.spec.ts" time="0">
<skipped>
</skipped>
</testcase>
<testcase name="Tab Isolation › should display address bar for tab navigation" classname="tab-management.spec.ts" time="0">
<skipped>
</skipped>
</testcase>
<testcase name="Tab Isolation › should have navigation controls for tab browsing" classname="tab-management.spec.ts" time="0">
<skipped>
</skipped>
</testcase>
</testsuite>
<testsuite name="automation.spec.ts" timestamp="2026-01-31T09:54:13.067Z" hostname="smoke" tests="1" failures="0" skipped="1" time="0" errors="0">
<testcase name="Automation › should display automation panel" classname="automation.spec.ts" time="0">
<skipped>
</skipped>
</testcase>
</testsuite>
<testsuite name="database-migration-004.spec.ts" timestamp="2026-01-31T09:54:13.067Z" hostname="smoke" tests="14" failures="0" skipped="14" time="0" errors="0">
<testcase name="Database Migration 004 @smoke @database › Migration Execution › should start app successfully with migration 004 applied" classname="database-migration-004.spec.ts" time="0">
<skipped>
</skipped>
</testcase>
<testcase name="Database Migration 004 @smoke @database › Migration Execution › should execute migration without blocking UI" classname="database-migration-004.spec.ts" time="0">
<skipped>
</skipped>
</testcase>
<testcase name="Database Migration 004 @smoke @database › Migration Execution › should handle concurrent migrations gracefully" classname="database-migration-004.spec.ts" time="0">
<skipped>
</skipped>
</testcase>
<testcase name="Database Migration 004 @smoke @database › Index Verification › should load proxy list efficiently with idx_search_tasks_proxy_id" classname="database-migration-004.spec.ts" time="0">
<skipped>
</skipped>
</testcase>
<testcase name="Database Migration 004 @smoke @database › Index Verification › should load usage stats efficiently with idx_proxy_usage_composite" classname="database-migration-004.spec.ts" time="0">
<skipped>
</skipped>
</testcase>
<testcase name="Database Migration 004 @smoke @database › Index Verification › should load activity logs efficiently with idx_activity_logs_composite" classname="database-migration-004.spec.ts" time="0">
<skipped>
</skipped>
</testcase>
<testcase name="Database Migration 004 @smoke @database › Index Verification › should handle rotation events with idx_rotation_events_composite" classname="database-migration-004.spec.ts" time="0">
<skipped>
</skipped>
</testcase>
<testcase name="Database Migration 004 @smoke @database › Index Verification › should perform sticky session lookups efficiently" classname="database-migration-004.spec.ts" time="0">
<skipped>
</skipped>
</testcase>
<testcase name="Database Migration 004 @smoke @database › Data Integrity › should preserve proxy data after migration" classname="database-migration-004.spec.ts" time="0">
<skipped>
</skipped>
</testcase>
<testcase name="Database Migration 004 @smoke @database › Data Integrity › should preserve automation tasks after migration" classname="database-migration-004.spec.ts" time="0">
<skipped>
</skipped>
</testcase>
<testcase name="Database Migration 004 @smoke @database › Data Integrity › should preserve activity logs after migration" classname="database-migration-004.spec.ts" time="0">
<skipped>
</skipped>
</testcase>
<testcase name="Database Migration 004 @smoke @database › Data Integrity › should maintain referential integrity across tables" classname="database-migration-004.spec.ts" time="0">
<skipped>
</skipped>
</testcase>
<testcase name="Database Migration 004 @smoke @database › Rollback Safety › should handle database operations without crashes" classname="database-migration-004.spec.ts" time="0">
<skipped>
</skipped>
</testcase>
<testcase name="Database Migration 004 @smoke @database › Rollback Safety › should recover gracefully from simulated failures" classname="database-migration-004.spec.ts" time="0">
<skipped>
</skipped>
</testcase>
</testsuite>
<testsuite name="encryption-migration.spec.ts" timestamp="2026-01-31T09:54:13.067Z" hostname="smoke" tests="11" failures="0" skipped="11" time="0" errors="0">
<testcase name="Encryption Migration @smoke @security › Automatic Encryption Migration › should display encryption status indicator on dashboard" classname="encryption-migration.spec.ts" time="0">
<skipped>
</skipped>
</testcase>
<testcase name="Encryption Migration @smoke @security › Automatic Encryption Migration › should initialize encryption service on app start" classname="encryption-migration.spec.ts" time="0">
<skipped>
</skipped>
</testcase>
<testcase name="Encryption Migration @smoke @security › Automatic Encryption Migration › should handle encryption migration transparently" classname="encryption-migration.spec.ts" time="0">
<skipped>
</skipped>
</testcase>
<testcase name="Encryption Migration @smoke @security › Credential Accessibility › should access proxy credentials after migration" classname="encryption-migration.spec.ts" time="0">
<skipped>
</skipped>
</testcase>
<testcase name="Encryption Migration @smoke @security › Credential Accessibility › should encrypt new credentials using AES-256-GCM" classname="encryption-migration.spec.ts" time="0">
<skipped>
</skipped>
</testcase>
<testcase name="Encryption Migration @smoke @security › Credential Accessibility › should maintain credential integrity across sessions" classname="encryption-migration.spec.ts" time="0">
<skipped>
</skipped>
</testcase>
<testcase name="Encryption Migration @smoke @security › Fallback Encryption › should handle encryption gracefully when safeStorage unavailable" classname="encryption-migration.spec.ts" time="0">
<skipped>
</skipped>
</testcase>
<testcase name="Encryption Migration @smoke @security › Fallback Encryption › should use fallback encryption on unsupported platforms" classname="encryption-migration.spec.ts" time="0">
<skipped>
</skipped>
</testcase>
<testcase name="Encryption Migration @smoke @security › Security Event Logging › should log encryption-related security events" classname="encryption-migration.spec.ts" time="0">
<skipped>
</skipped>
</testcase>
<testcase name="Encryption Migration @smoke @security › Security Event Logging › should not expose sensitive data in logs" classname="encryption-migration.spec.ts" time="0">
<skipped>
</skipped>
</testcase>
<testcase name="Encryption Migration @smoke @security › Security Event Logging › should log migration events on upgrade" classname="encryption-migration.spec.ts" time="0">
<skipped>
</skipped>
</testcase>
</testsuite>
<testsuite name="magic-ui-components.spec.ts" timestamp="2026-01-31T09:54:13.067Z" hostname="smoke" tests="22" failures="0" skipped="22" time="0" errors="0">
<testcase name="Magic UI Components @smoke @ui › Particles Background › should render particles canvas on dashboard" classname="magic-ui-components.spec.ts" time="0">
<skipped>
</skipped>
</testcase>
<testcase name="Magic UI Components @smoke @ui › Particles Background › should have working canvas context" classname="magic-ui-components.spec.ts" time="0">
<skipped>
</skipped>
</testcase>
<testcase name="Magic UI Components @smoke @ui › Particles Background › should animate particles smoothly" classname="magic-ui-components.spec.ts" time="0">
<skipped>
</skipped>
</testcase>
<testcase name="Magic UI Components @smoke @ui › BorderBeam Component › should display BorderBeam on active proxy card" classname="magic-ui-components.spec.ts" time="0">
<skipped>
</skipped>
</testcase>
<testcase name="Magic UI Components @smoke @ui › BorderBeam Component › should animate BorderBeam continuously" classname="magic-ui-components.spec.ts" time="0">
<skipped>
</skipped>
</testcase>
<testcase name="Magic UI Components @smoke @ui › Confetti Component › should trigger confetti on automation success" classname="magic-ui-components.spec.ts" time="0">
<skipped>
</skipped>
</testcase>
<testcase name="Magic UI Components @smoke @ui › Confetti Component › should render confetti particles correctly" classname="magic-ui-components.spec.ts" time="0">
<skipped>
</skipped>
</testcase>
<testcase name="Magic UI Components @smoke @ui › AnimatedList Component › should render AnimatedList in activity log" classname="magic-ui-components.spec.ts" time="0">
<skipped>
</skipped>
</testcase>
<testcase name="Magic UI Components @smoke @ui › AnimatedList Component › should animate list items on entry" classname="magic-ui-components.spec.ts" time="0">
<skipped>
</skipped>
</testcase>
<testcase name="Magic UI Components @smoke @ui › AnimatedList Component › should support smooth scrolling in lists" classname="magic-ui-components.spec.ts" time="0">
<skipped>
</skipped>
</testcase>
<testcase name="Magic UI Components @smoke @ui › Animation Settings Panel › should display animation settings in settings panel" classname="magic-ui-components.spec.ts" time="0">
<skipped>
</skipped>
</testcase>
<testcase name="Magic UI Components @smoke @ui › Animation Settings Panel › should toggle animations on/off" classname="magic-ui-components.spec.ts" time="0">
<skipped>
</skipped>
</testcase>
<testcase name="Magic UI Components @smoke @ui › Animation Settings Panel › should persist animation preferences" classname="magic-ui-components.spec.ts" time="0">
<skipped>
</skipped>
</testcase>
<testcase name="Magic UI Components @smoke @ui › Animation Settings Panel › should have individual component toggles" classname="magic-ui-components.spec.ts" time="0">
<skipped>
</skipped>
</testcase>
<testcase name="Magic UI Components @smoke @ui › Reduced Motion Support › should respect prefers-reduced-motion" classname="magic-ui-components.spec.ts" time="0">
<skipped>
</skipped>
</testcase>
<testcase name="Magic UI Components @smoke @ui › Reduced Motion Support › should disable particles when reduced motion is set" classname="magic-ui-components.spec.ts" time="0">
<skipped>
</skipped>
</testcase>
<testcase name="Magic UI Components @smoke @ui › Reduced Motion Support › should show reduced motion indicator when active" classname="magic-ui-components.spec.ts" time="0">
<skipped>
</skipped>
</testcase>
<testcase name="Magic UI Components @smoke @ui › Reduced Motion Support › should allow manual override of reduced motion" classname="magic-ui-components.spec.ts" time="0">
<skipped>
</skipped>
</testcase>
<testcase name="Magic UI Components @smoke @ui › Additional Magic UI Components › should render NeonGradientCard correctly" classname="magic-ui-components.spec.ts" time="0">
<skipped>
</skipped>
</testcase>
<testcase name="Magic UI Components @smoke @ui › Additional Magic UI Components › should render NumberTicker with animations" classname="magic-ui-components.spec.ts" time="0">
<skipped>
</skipped>
</testcase>
<testcase name="Magic UI Components @smoke @ui › Additional Magic UI Components › should render ShimmerButton with effect" classname="magic-ui-components.spec.ts" time="0">
<skipped>
</skipped>
</testcase>
<testcase name="Magic UI Components @smoke @ui › Additional Magic UI Components › should render PulsatingButton correctly" classname="magic-ui-components.spec.ts" time="0">
<skipped>
</skipped>
</testcase>
</testsuite>
<testsuite name="magic-ui-ux.spec.ts" timestamp="2026-01-31T09:54:13.067Z" hostname="smoke" tests="2" failures="0" skipped="2" time="0" errors="0">
<testcase name="BorderBeam Visual Tests @smoke › user sees BorderBeam on proxy connect" classname="magic-ui-ux.spec.ts" time="0">
<skipped>
</skipped>
</testcase>
<testcase name="BorderBeam Visual Tests @smoke › BorderBeam animation is smooth" classname="magic-ui-ux.spec.ts" time="0">
<skipped>
</skipped>
</testcase>
</testsuite>
<testsuite name="navigation.spec.ts" timestamp="2026-01-31T09:54:13.067Z" hostname="smoke" tests="1" failures="0" skipped="1" time="0" errors="0">
<testcase name="Navigation &amp; UI › should display main UI elements" classname="navigation.spec.ts" time="0">
<skipped>
</skipped>
</testcase>
</testsuite>
<testsuite name="privacy-protection.spec.ts" timestamp="2026-01-31T09:54:13.067Z" hostname="smoke" tests="1" failures="0" skipped="1" time="0" errors="0">
<testcase name="Privacy Protection › should display privacy panel" classname="privacy-protection.spec.ts" time="0">
<skipped>
</skipped>
</testcase>
</testsuite>
<testsuite name="proxy-management.spec.ts" timestamp="2026-01-31T09:54:13.067Z" hostname="smoke" tests="1" failures="0" skipped="1" time="0" errors="0">
<testcase name="Proxy Management › should display proxy panel" classname="proxy-management.spec.ts" time="0">
<skipped>
</skipped>
</testcase>
</testsuite>
<testsuite name="security-fixes-validation.spec.ts" timestamp="2026-01-31T09:54:13.067Z" hostname="smoke" tests="17" failures="0" skipped="17" time="0" errors="0">
<testcase name="Security Fixes Validation @smoke @security › WebRTC Protection (IP Leak Prevention) › should block WebRTC by default" classname="security-fixes-validation.spec.ts" time="0">
<skipped>
</skipped>
</testcase>
<testcase name="Security Fixes Validation @smoke @security › WebRTC Protection (IP Leak Prevention) › should prevent RTCPeerConnection IP leaks" classname="security-fixes-validation.spec.ts" time="0">
<skipped>
</skipped>
</testcase>
<testcase name="Security Fixes Validation @smoke @security › WebRTC Protection (IP Leak Prevention) › should block getUserMedia to prevent device fingerprinting" classname="security-fixes-validation.spec.ts" time="0">
<skipped>
</skipped>
</testcase>
<testcase name="Security Fixes Validation @smoke @security › WebRTC Protection (IP Leak Prevention) › should prevent enumerateDevices fingerprinting" classname="security-fixes-validation.spec.ts" time="0">
<skipped>
</skipped>
</testcase>
<testcase name="Security Fixes Validation @smoke @security › Tracker Blocker (ReDoS Prevention) › should block trackers without ReDoS vulnerability" classname="security-fixes-validation.spec.ts" time="0">
<skipped>
</skipped>
</testcase>
<testcase name="Security Fixes Validation @smoke @security › Tracker Blocker (ReDoS Prevention) › should handle malicious URLs without hanging" classname="security-fixes-validation.spec.ts" time="0">
<skipped>
</skipped>
</testcase>
<testcase name="Security Fixes Validation @smoke @security › Tracker Blocker (ReDoS Prevention) › should handle exponential backtracking patterns safely" classname="security-fixes-validation.spec.ts" time="0">
<skipped>
</skipped>
</testcase>
<testcase name="Security Fixes Validation @smoke @security › Session URL Validation (SSRF Prevention) › should reject internal network URLs" classname="security-fixes-validation.spec.ts" time="0">
<skipped>
</skipped>
</testcase>
<testcase name="Security Fixes Validation @smoke @security › Session URL Validation (SSRF Prevention) › should reject file:// protocol URLs" classname="security-fixes-validation.spec.ts" time="0">
<skipped>
</skipped>
</testcase>
<testcase name="Security Fixes Validation @smoke @security › Session URL Validation (SSRF Prevention) › should reject DNS rebinding attempts" classname="security-fixes-validation.spec.ts" time="0">
<skipped>
</skipped>
</testcase>
<testcase name="Security Fixes Validation @smoke @security › Credential Encryption (safeStorage) › should use secure credential storage" classname="security-fixes-validation.spec.ts" time="0">
<skipped>
</skipped>
</testcase>
<testcase name="Security Fixes Validation @smoke @security › Credential Encryption (safeStorage) › should not expose credentials in DOM" classname="security-fixes-validation.spec.ts" time="0">
<skipped>
</skipped>
</testcase>
<testcase name="Security Fixes Validation @smoke @security › Credential Encryption (safeStorage) › should mask passwords in proxy configuration" classname="security-fixes-validation.spec.ts" time="0">
<skipped>
</skipped>
</testcase>
<testcase name="Security Fixes Validation @smoke @security › Credential Encryption (safeStorage) › should clear sensitive data on logout/close" classname="security-fixes-validation.spec.ts" time="0">
<skipped>
</skipped>
</testcase>
<testcase name="Security Fixes Validation @smoke @security › Additional Security Checks › should set secure HTTP headers" classname="security-fixes-validation.spec.ts" time="0">
<skipped>
</skipped>
</testcase>
<testcase name="Security Fixes Validation @smoke @security › Additional Security Checks › should sanitize user input" classname="security-fixes-validation.spec.ts" time="0">
<skipped>
</skipped>
</testcase>
<testcase name="Security Fixes Validation @smoke @security › Additional Security Checks › should prevent prototype pollution" classname="security-fixes-validation.spec.ts" time="0">
<skipped>
</skipped>
</testcase>
</testsuite>
<testsuite name="tab-management.spec.ts" timestamp="2026-01-31T09:54:13.067Z" hostname="smoke" tests="1" failures="0" skipped="1" time="0" errors="0">
<testcase name="Tab Management › should display tab bar with initial tab" classname="tab-management.spec.ts" time="0">
<skipped>
</skipped>
</testcase>
</testsuite>
<testsuite name="activity-log.spec.ts" timestamp="2026-01-31T09:54:13.067Z" hostname="mobile-chrome" tests="14" failures="0" skipped="14" time="0" errors="0">
<testcase name="Activity Log Panel › should open activity log panel" classname="activity-log.spec.ts" time="0">
<skipped>
</skipped>
</testcase>
<testcase name="Activity Log Panel › should display activity log panel via toolbar" classname="activity-log.spec.ts" time="0">
<skipped>
</skipped>
</testcase>
<testcase name="Activity Log Panel › should toggle activity panel visibility" classname="activity-log.spec.ts" time="0">
<skipped>
</skipped>
</testcase>
<testcase name="Activity Log Panel › should display log entries or empty state" classname="activity-log.spec.ts" time="0">
<skipped>
</skipped>
</testcase>
<testcase name="Activity Log Panel › should display level filter" classname="activity-log.spec.ts" time="0">
<skipped>
</skipped>
</testcase>
<testcase name="Activity Log Panel › should display category filter" classname="activity-log.spec.ts" time="0">
<skipped>
</skipped>
</testcase>
<testcase name="Activity Log Panel › should have refresh functionality" classname="activity-log.spec.ts" time="0">
<skipped>
</skipped>
</testcase>
<testcase name="Activity Log Panel › should display log entry details" classname="activity-log.spec.ts" time="0">
<skipped>
</skipped>
</testcase>
<testcase name="Activity Log Panel › should support pagination when many logs exist" classname="activity-log.spec.ts" time="0">
<skipped>
</skipped>
</testcase>
<testcase name="Activity Log Filtering › should filter logs by error level" classname="activity-log.spec.ts" time="0">
<skipped>
</skipped>
</testcase>
<testcase name="Activity Log Filtering › should filter logs by info level" classname="activity-log.spec.ts" time="0">
<skipped>
</skipped>
</testcase>
<testcase name="Activity Log Filtering › should filter logs by proxy category" classname="activity-log.spec.ts" time="0">
<skipped>
</skipped>
</testcase>
<testcase name="Activity Log Filtering › should filter logs by automation category" classname="activity-log.spec.ts" time="0">
<skipped>
</skipped>
</testcase>
<testcase name="Activity Log Filtering › should show all logs when filter is cleared" classname="activity-log.spec.ts" time="0">
<skipped>
</skipped>
</testcase>
</testsuite>
<testsuite name="automation.spec.ts" timestamp="2026-01-31T09:54:13.067Z" hostname="mobile-chrome" tests="12" failures="0" skipped="12" time="0" errors="0">
<testcase name="Automation › should display automation panel" classname="automation.spec.ts" time="0">
<skipped>
</skipped>
</testcase>
<testcase name="Automation › should show search engine selector with all options" classname="automation.spec.ts" time="0">
<skipped>
</skipped>
</testcase>
<testcase name="Automation › should add keyword using button" classname="automation.spec.ts" time="0">
<skipped>
</skipped>
</testcase>
<testcase name="Automation › should add keyword using Enter key" classname="automation.spec.ts" time="0">
<skipped>
</skipped>
</testcase>
<testcase name="Automation › should add target domain using button" classname="automation.spec.ts" time="0">
<skipped>
</skipped>
</testcase>
<testcase name="Automation › should add target domain using Enter key" classname="automation.spec.ts" time="0">
<skipped>
</skipped>
</testcase>
<testcase name="Automation › should show start button" classname="automation.spec.ts" time="0">
<skipped>
</skipped>
</testcase>
<testcase name="Automation › should disable start button when no keywords" classname="automation.spec.ts" time="0">
<skipped>
</skipped>
</testcase>
<testcase name="Automation › should enable start button when keywords added" classname="automation.spec.ts" time="0">
<skipped>
</skipped>
</testcase>
<testcase name="Automation › should change search engine" classname="automation.spec.ts" time="0">
<skipped>
</skipped>
</testcase>
<testcase name="Automation › should display keyword count" classname="automation.spec.ts" time="0">
<skipped>
</skipped>
</testcase>
<testcase name="Automation › should display domain count" classname="automation.spec.ts" time="0">
<skipped>
</skipped>
</testcase>
</testsuite>
<testsuite name="captcha-detection.spec.ts" timestamp="2026-01-31T09:54:13.067Z" hostname="mobile-chrome" tests="10" failures="0" skipped="10" time="0" errors="0">
<testcase name="Captcha Detection › should display automation panel for captcha-aware automation" classname="captcha-detection.spec.ts" time="0">
<skipped>
</skipped>
</testcase>
<testcase name="Captcha Detection › should allow search engine selection for captcha handling" classname="captcha-detection.spec.ts" time="0">
<skipped>
</skipped>
</testcase>
<testcase name="Captcha Detection › should setup automation that may encounter captchas" classname="captcha-detection.spec.ts" time="0">
<skipped>
</skipped>
</testcase>
<testcase name="Captcha Detection › should have start/stop controls for captcha-interrupted automation" classname="captcha-detection.spec.ts" time="0">
<skipped>
</skipped>
</testcase>
<testcase name="Captcha Detection › should display keyword list that may trigger captchas" classname="captcha-detection.spec.ts" time="0">
<skipped>
</skipped>
</testcase>
<testcase name="Captcha Detection › should support domain targeting for captcha avoidance" classname="captcha-detection.spec.ts" time="0">
<skipped>
</skipped>
</testcase>
<testcase name="Captcha Detection › should verify automation panel has all required elements" classname="captcha-detection.spec.ts" time="0">
<skipped>
</skipped>
</testcase>
<testcase name="Captcha Detection › should allow keyword removal for captcha rate management" classname="captcha-detection.spec.ts" time="0">
<skipped>
</skipped>
</testcase>
<testcase name="Captcha Detection › should display address bar for manual captcha solving navigation" classname="captcha-detection.spec.ts" time="0">
<skipped>
</skipped>
</testcase>
<testcase name="Captcha Detection › should have navigation controls for captcha page handling" classname="captcha-detection.spec.ts" time="0">
<skipped>
</skipped>
</testcase>
</testsuite>
<testsuite name="circuit-breaker.spec.ts" timestamp="2026-01-31T09:54:13.067Z" hostname="mobile-chrome" tests="10" failures="0" skipped="10" time="0" errors="0">
<testcase name="Circuit Breaker › should display proxy failure statistics" classname="circuit-breaker.spec.ts" time="0">
<skipped>
</skipped>
</testcase>
<testcase name="Circuit Breaker › should display active proxy count for circuit breaker decisions" classname="circuit-breaker.spec.ts" time="0">
<skipped>
</skipped>
</testcase>
<testcase name="Circuit Breaker › should have failure-aware rotation strategy for circuit breaker" classname="circuit-breaker.spec.ts" time="0">
<skipped>
</skipped>
</testcase>
<testcase name="Circuit Breaker › should display proxy list with status indicators" classname="circuit-breaker.spec.ts" time="0">
<skipped>
</skipped>
</testcase>
<testcase name="Circuit Breaker › should display total proxy count for circuit breaker pool" classname="circuit-breaker.spec.ts" time="0">
<skipped>
</skipped>
</testcase>
<testcase name="Circuit Breaker › should allow adding proxies to circuit breaker pool" classname="circuit-breaker.spec.ts" time="0">
<skipped>
</skipped>
</testcase>
<testcase name="Circuit Breaker › should display all three status categories for circuit breaker" classname="circuit-breaker.spec.ts" time="0">
<skipped>
</skipped>
</testcase>
<testcase name="Circuit Breaker › should support switching between rotation strategies for resilience" classname="circuit-breaker.spec.ts" time="0">
<skipped>
</skipped>
</testcase>
<testcase name="Circuit Breaker › should maintain circuit breaker configuration after panel toggle" classname="circuit-breaker.spec.ts" time="0">
<skipped>
</skipped>
</testcase>
<testcase name="Circuit Breaker › should display empty state when no proxies in circuit breaker pool" classname="circuit-breaker.spec.ts" time="0">
<skipped>
</skipped>
</testcase>
</testsuite>
<testsuite name="creator-support.spec.ts" timestamp="2026-01-31T09:54:13.067Z" hostname="mobile-chrome" tests="7" failures="0" skipped="7" time="0" errors="0">
<testcase name="Creator Support Flow › should be able to add creator URL as target domain" classname="creator-support.spec.ts" time="0">
<skipped>
</skipped>
</testcase>
<testcase name="Creator Support Flow › should be able to add multiple creator domains" classname="creator-support.spec.ts" time="0">
<skipped>
</skipped>
</testcase>
<testcase name="Creator Support Flow › should setup automation for creator support" classname="creator-support.spec.ts" time="0">
<skipped>
</skipped>
</testcase>
<testcase name="Creator Support Flow › should be able to start creator support automation" classname="creator-support.spec.ts" time="0">
<skipped>
</skipped>
</testcase>
<testcase name="Creator Support Flow › should validate creator domain format" classname="creator-support.spec.ts" time="0">
<skipped>
</skipped>
</testcase>
<testcase name="Creator Support Flow › should display creator support statistics after setup" classname="creator-support.spec.ts" time="0">
<skipped>
</skipped>
</testcase>
<testcase name="Creator Support Flow › should be able to remove creator from list" classname="creator-support.spec.ts" time="0">
<skipped>
</skipped>
</testcase>
</testsuite>
<testsuite name="database-migration-004.spec.ts" timestamp="2026-01-31T09:54:13.067Z" hostname="mobile-chrome" tests="14" failures="0" skipped="14" time="0" errors="0">
<testcase name="Database Migration 004 @smoke @database › Migration Execution › should start app successfully with migration 004 applied" classname="database-migration-004.spec.ts" time="0">
<skipped>
</skipped>
</testcase>
<testcase name="Database Migration 004 @smoke @database › Migration Execution › should execute migration without blocking UI" classname="database-migration-004.spec.ts" time="0">
<skipped>
</skipped>
</testcase>
<testcase name="Database Migration 004 @smoke @database › Migration Execution › should handle concurrent migrations gracefully" classname="database-migration-004.spec.ts" time="0">
<skipped>
</skipped>
</testcase>
<testcase name="Database Migration 004 @smoke @database › Index Verification › should load proxy list efficiently with idx_search_tasks_proxy_id" classname="database-migration-004.spec.ts" time="0">
<skipped>
</skipped>
</testcase>
<testcase name="Database Migration 004 @smoke @database › Index Verification › should load usage stats efficiently with idx_proxy_usage_composite" classname="database-migration-004.spec.ts" time="0">
<skipped>
</skipped>
</testcase>
<testcase name="Database Migration 004 @smoke @database › Index Verification › should load activity logs efficiently with idx_activity_logs_composite" classname="database-migration-004.spec.ts" time="0">
<skipped>
</skipped>
</testcase>
<testcase name="Database Migration 004 @smoke @database › Index Verification › should handle rotation events with idx_rotation_events_composite" classname="database-migration-004.spec.ts" time="0">
<skipped>
</skipped>
</testcase>
<testcase name="Database Migration 004 @smoke @database › Index Verification › should perform sticky session lookups efficiently" classname="database-migration-004.spec.ts" time="0">
<skipped>
</skipped>
</testcase>
<testcase name="Database Migration 004 @smoke @database › Data Integrity › should preserve proxy data after migration" classname="database-migration-004.spec.ts" time="0">
<skipped>
</skipped>
</testcase>
<testcase name="Database Migration 004 @smoke @database › Data Integrity › should preserve automation tasks after migration" classname="database-migration-004.spec.ts" time="0">
<skipped>
</skipped>
</testcase>
<testcase name="Database Migration 004 @smoke @database › Data Integrity › should preserve activity logs after migration" classname="database-migration-004.spec.ts" time="0">
<skipped>
</skipped>
</testcase>
<testcase name="Database Migration 004 @smoke @database › Data Integrity › should maintain referential integrity across tables" classname="database-migration-004.spec.ts" time="0">
<skipped>
</skipped>
</testcase>
<testcase name="Database Migration 004 @smoke @database › Rollback Safety › should handle database operations without crashes" classname="database-migration-004.spec.ts" time="0">
<skipped>
</skipped>
</testcase>
<testcase name="Database Migration 004 @smoke @database › Rollback Safety › should recover gracefully from simulated failures" classname="database-migration-004.spec.ts" time="0">
<skipped>
</skipped>
</testcase>
</testsuite>
<testsuite name="encryption-migration.spec.ts" timestamp="2026-01-31T09:54:13.067Z" hostname="mobile-chrome" tests="11" failures="0" skipped="11" time="0" errors="0">
<testcase name="Encryption Migration @smoke @security › Automatic Encryption Migration › should display encryption status indicator on dashboard" classname="encryption-migration.spec.ts" time="0">
<skipped>
</skipped>
</testcase>
<testcase name="Encryption Migration @smoke @security › Automatic Encryption Migration › should initialize encryption service on app start" classname="encryption-migration.spec.ts" time="0">
<skipped>
</skipped>
</testcase>
<testcase name="Encryption Migration @smoke @security › Automatic Encryption Migration › should handle encryption migration transparently" classname="encryption-migration.spec.ts" time="0">
<skipped>
</skipped>
</testcase>
<testcase name="Encryption Migration @smoke @security › Credential Accessibility › should access proxy credentials after migration" classname="encryption-migration.spec.ts" time="0">
<skipped>
</skipped>
</testcase>
<testcase name="Encryption Migration @smoke @security › Credential Accessibility › should encrypt new credentials using AES-256-GCM" classname="encryption-migration.spec.ts" time="0">
<skipped>
</skipped>
</testcase>
<testcase name="Encryption Migration @smoke @security › Credential Accessibility › should maintain credential integrity across sessions" classname="encryption-migration.spec.ts" time="0">
<skipped>
</skipped>
</testcase>
<testcase name="Encryption Migration @smoke @security › Fallback Encryption › should handle encryption gracefully when safeStorage unavailable" classname="encryption-migration.spec.ts" time="0">
<skipped>
</skipped>
</testcase>
<testcase name="Encryption Migration @smoke @security › Fallback Encryption › should use fallback encryption on unsupported platforms" classname="encryption-migration.spec.ts" time="0">
<skipped>
</skipped>
</testcase>
<testcase name="Encryption Migration @smoke @security › Security Event Logging › should log encryption-related security events" classname="encryption-migration.spec.ts" time="0">
<skipped>
</skipped>
</testcase>
<testcase name="Encryption Migration @smoke @security › Security Event Logging › should not expose sensitive data in logs" classname="encryption-migration.spec.ts" time="0">
<skipped>
</skipped>
</testcase>
<testcase name="Encryption Migration @smoke @security › Security Event Logging › should log migration events on upgrade" classname="encryption-migration.spec.ts" time="0">
<skipped>
</skipped>
</testcase>
</testsuite>
<testsuite name="error-handling.spec.ts" timestamp="2026-01-31T09:54:13.067Z" hostname="mobile-chrome" tests="16" failures="0" skipped="16" time="0" errors="0">
<testcase name="Input Validation › should not add empty keyword" classname="error-handling.spec.ts" time="0">
<skipped>
</skipped>
</testcase>
<testcase name="Input Validation › should not add empty domain" classname="error-handling.spec.ts" time="0">
<skipped>
</skipped>
</testcase>
<testcase name="Input Validation › should trim whitespace from keyword input" classname="error-handling.spec.ts" time="0">
<skipped>
</skipped>
</testcase>
<testcase name="Input Validation › should handle special characters in keyword" classname="error-handling.spec.ts" time="0">
<skipped>
</skipped>
</testcase>
<testcase name="Input Validation › should validate domain format" classname="error-handling.spec.ts" time="0">
<skipped>
</skipped>
</testcase>
<testcase name="Empty States › should display empty state when no proxies configured" classname="error-handling.spec.ts" time="0">
<skipped>
</skipped>
</testcase>
<testcase name="Empty States › should display empty keywords state" classname="error-handling.spec.ts" time="0">
<skipped>
</skipped>
</testcase>
<testcase name="Empty States › should display empty domains state" classname="error-handling.spec.ts" time="0">
<skipped>
</skipped>
</testcase>
<testcase name="Button States › should disable start button when no keywords" classname="error-handling.spec.ts" time="0">
<skipped>
</skipped>
</testcase>
<testcase name="Button States › should enable start button when keywords added" classname="error-handling.spec.ts" time="0">
<skipped>
</skipped>
</testcase>
<testcase name="Button States › should disable start button when all keywords removed" classname="error-handling.spec.ts" time="0">
<skipped>
</skipped>
</testcase>
<testcase name="State Persistence › should maintain privacy settings after panel toggle" classname="error-handling.spec.ts" time="0">
<skipped>
</skipped>
</testcase>
<testcase name="State Persistence › should maintain proxy strategy after panel switch" classname="error-handling.spec.ts" time="0">
<skipped>
</skipped>
</testcase>
<testcase name="State Persistence › should maintain automation config after panel switch" classname="error-handling.spec.ts" time="0">
<skipped>
</skipped>
</testcase>
<testcase name="UI Recovery › should recover from rapid panel switching" classname="error-handling.spec.ts" time="0">
<skipped>
</skipped>
</testcase>
<testcase name="UI Recovery › should handle rapid add/remove operations" classname="error-handling.spec.ts" time="0">
<skipped>
</skipped>
</testcase>
</testsuite>
<testsuite name="magic-ui-components.spec.ts" timestamp="2026-01-31T09:54:13.067Z" hostname="mobile-chrome" tests="22" failures="0" skipped="22" time="0" errors="0">
<testcase name="Magic UI Components @smoke @ui › Particles Background › should render particles canvas on dashboard" classname="magic-ui-components.spec.ts" time="0">
<skipped>
</skipped>
</testcase>
<testcase name="Magic UI Components @smoke @ui › Particles Background › should have working canvas context" classname="magic-ui-components.spec.ts" time="0">
<skipped>
</skipped>
</testcase>
<testcase name="Magic UI Components @smoke @ui › Particles Background › should animate particles smoothly" classname="magic-ui-components.spec.ts" time="0">
<skipped>
</skipped>
</testcase>
<testcase name="Magic UI Components @smoke @ui › BorderBeam Component › should display BorderBeam on active proxy card" classname="magic-ui-components.spec.ts" time="0">
<skipped>
</skipped>
</testcase>
<testcase name="Magic UI Components @smoke @ui › BorderBeam Component › should animate BorderBeam continuously" classname="magic-ui-components.spec.ts" time="0">
<skipped>
</skipped>
</testcase>
<testcase name="Magic UI Components @smoke @ui › Confetti Component › should trigger confetti on automation success" classname="magic-ui-components.spec.ts" time="0">
<skipped>
</skipped>
</testcase>
<testcase name="Magic UI Components @smoke @ui › Confetti Component › should render confetti particles correctly" classname="magic-ui-components.spec.ts" time="0">
<skipped>
</skipped>
</testcase>
<testcase name="Magic UI Components @smoke @ui › AnimatedList Component › should render AnimatedList in activity log" classname="magic-ui-components.spec.ts" time="0">
<skipped>
</skipped>
</testcase>
<testcase name="Magic UI Components @smoke @ui › AnimatedList Component › should animate list items on entry" classname="magic-ui-components.spec.ts" time="0">
<skipped>
</skipped>
</testcase>
<testcase name="Magic UI Components @smoke @ui › AnimatedList Component › should support smooth scrolling in lists" classname="magic-ui-components.spec.ts" time="0">
<skipped>
</skipped>
</testcase>
<testcase name="Magic UI Components @smoke @ui › Animation Settings Panel › should display animation settings in settings panel" classname="magic-ui-components.spec.ts" time="0">
<skipped>
</skipped>
</testcase>
<testcase name="Magic UI Components @smoke @ui › Animation Settings Panel › should toggle animations on/off" classname="magic-ui-components.spec.ts" time="0">
<skipped>
</skipped>
</testcase>
<testcase name="Magic UI Components @smoke @ui › Animation Settings Panel › should persist animation preferences" classname="magic-ui-components.spec.ts" time="0">
<skipped>
</skipped>
</testcase>
<testcase name="Magic UI Components @smoke @ui › Animation Settings Panel › should have individual component toggles" classname="magic-ui-components.spec.ts" time="0">
<skipped>
</skipped>
</testcase>
<testcase name="Magic UI Components @smoke @ui › Reduced Motion Support › should respect prefers-reduced-motion" classname="magic-ui-components.spec.ts" time="0">
<skipped>
</skipped>
</testcase>
<testcase name="Magic UI Components @smoke @ui › Reduced Motion Support › should disable particles when reduced motion is set" classname="magic-ui-components.spec.ts" time="0">
<skipped>
</skipped>
</testcase>
<testcase name="Magic UI Components @smoke @ui › Reduced Motion Support › should show reduced motion indicator when active" classname="magic-ui-components.spec.ts" time="0">
<skipped>
</skipped>
</testcase>
<testcase name="Magic UI Components @smoke @ui › Reduced Motion Support › should allow manual override of reduced motion" classname="magic-ui-components.spec.ts" time="0">
<skipped>
</skipped>
</testcase>
<testcase name="Magic UI Components @smoke @ui › Additional Magic UI Components › should render NeonGradientCard correctly" classname="magic-ui-components.spec.ts" time="0">
<skipped>
</skipped>
</testcase>
<testcase name="Magic UI Components @smoke @ui › Additional Magic UI Components › should render NumberTicker with animations" classname="magic-ui-components.spec.ts" time="0">
<skipped>
</skipped>
</testcase>
<testcase name="Magic UI Components @smoke @ui › Additional Magic UI Components › should render ShimmerButton with effect" classname="magic-ui-components.spec.ts" time="0">
<skipped>
</skipped>
</testcase>
<testcase name="Magic UI Components @smoke @ui › Additional Magic UI Components › should render PulsatingButton correctly" classname="magic-ui-components.spec.ts" time="0">
<skipped>
</skipped>
</testcase>
</testsuite>
<testsuite name="magic-ui-ux.spec.ts" timestamp="2026-01-31T09:54:13.067Z" hostname="mobile-chrome" tests="17" failures="0" skipped="17" time="0" errors="0">
<testcase name="BorderBeam Visual Tests @smoke › user sees BorderBeam on proxy connect" classname="magic-ui-ux.spec.ts" time="0">
<skipped>
</skipped>
</testcase>
<testcase name="BorderBeam Visual Tests @smoke › BorderBeam animation is smooth" classname="magic-ui-ux.spec.ts" time="0">
<skipped>
</skipped>
</testcase>
<testcase name="Activity Log Animation Tests › activity log animates smoothly" classname="magic-ui-ux.spec.ts" time="0">
<skipped>
</skipped>
</testcase>
<testcase name="Activity Log Animation Tests › new log entries animate in from top" classname="magic-ui-ux.spec.ts" time="0">
<skipped>
</skipped>
</testcase>
<testcase name="Confetti Animation Tests › confetti shows on automation success" classname="magic-ui-ux.spec.ts" time="0">
<skipped>
</skipped>
</testcase>
<testcase name="Confetti Animation Tests › confetti cleanup after animation" classname="magic-ui-ux.spec.ts" time="0">
<skipped>
</skipped>
</testcase>
<testcase name="Animation Settings Tests › animations can be disabled in settings" classname="magic-ui-ux.spec.ts" time="0">
<skipped>
</skipped>
</testcase>
<testcase name="Animation Settings Tests › prefers-reduced-motion is respected" classname="magic-ui-ux.spec.ts" time="0">
<skipped>
</skipped>
</testcase>
<testcase name="Animation Settings Tests › animations resume when reduced-motion disabled" classname="magic-ui-ux.spec.ts" time="0">
<skipped>
</skipped>
</testcase>
<testcase name="NeonGradientCard Visual Tests › neon gradient card renders with glow effect" classname="magic-ui-ux.spec.ts" time="0">
<skipped>
</skipped>
</testcase>
<testcase name="Particles Background Tests › particles render in dashboard background" classname="magic-ui-ux.spec.ts" time="0">
<skipped>
</skipped>
</testcase>
<testcase name="Particles Background Tests › particles do not interfere with UI interactions" classname="magic-ui-ux.spec.ts" time="0">
<skipped>
</skipped>
</testcase>
<testcase name="Animation Performance Tests › page maintains responsive interactions with animations" classname="magic-ui-ux.spec.ts" time="0">
<skipped>
</skipped>
</testcase>
<testcase name="Animation Performance Tests › animations do not cause layout shifts" classname="magic-ui-ux.spec.ts" time="0">
<skipped>
</skipped>
</testcase>
<testcase name="Animation Accessibility Tests @a11y › animated elements have appropriate ARIA attributes" classname="magic-ui-ux.spec.ts" time="0">
<skipped>
</skipped>
</testcase>
<testcase name="Animation Accessibility Tests @a11y › page is navigable with keyboard during animations" classname="magic-ui-ux.spec.ts" time="0">
<skipped>
</skipped>
</testcase>
<testcase name="Visual Regression Tests › capture baseline screenshots" classname="magic-ui-ux.spec.ts" time="0">
<properties>
<property name="skip" value="">
</property>
</properties>
<skipped>
</skipped>
</testcase>
</testsuite>
<testsuite name="navigation.spec.ts" timestamp="2026-01-31T09:54:13.067Z" hostname="mobile-chrome" tests="10" failures="0" skipped="10" time="0" errors="0">
<testcase name="Navigation &amp; UI › should display main UI elements" classname="navigation.spec.ts" time="0">
<skipped>
</skipped>
</testcase>
<testcase name="Navigation &amp; UI › should display all toolbar buttons" classname="navigation.spec.ts" time="0">
<skipped>
</skipped>
</testcase>
<testcase name="Navigation &amp; UI › should switch between panels" classname="navigation.spec.ts" time="0">
<skipped>
</skipped>
</testcase>
<testcase name="Navigation &amp; UI › should open activity log panel" classname="navigation.spec.ts" time="0">
<skipped>
</skipped>
</testcase>
<testcase name="Navigation &amp; UI › should open stats panel" classname="navigation.spec.ts" time="0">
<skipped>
</skipped>
</testcase>
<testcase name="Navigation &amp; UI › should open settings panel" classname="navigation.spec.ts" time="0">
<skipped>
</skipped>
</testcase>
<testcase name="Navigation &amp; UI › should close panel when clicking same button" classname="navigation.spec.ts" time="0">
<skipped>
</skipped>
</testcase>
<testcase name="Navigation &amp; UI › should show navigation controls" classname="navigation.spec.ts" time="0">
<skipped>
</skipped>
</testcase>
<testcase name="Navigation &amp; UI › should display proxy status indicator" classname="navigation.spec.ts" time="0">
<skipped>
</skipped>
</testcase>
<testcase name="Navigation &amp; UI › should display tab bar with new tab button" classname="navigation.spec.ts" time="0">
<skipped>
</skipped>
</testcase>
</testsuite>
<testsuite name="performance-benchmarks.spec.ts" timestamp="2026-01-31T09:54:13.067Z" hostname="mobile-chrome" tests="16" failures="0" skipped="16" time="0" errors="0">
<testcase name="Performance Benchmarks @performance › Application Load Performance › should load application within threshold" classname="performance-benchmarks.spec.ts" time="0">
<skipped>
</skipped>
</testcase>
<testcase name="Performance Benchmarks @performance › Application Load Performance › should achieve DOMContentLoaded within 3 seconds" classname="performance-benchmarks.spec.ts" time="0">
<skipped>
</skipped>
</testcase>
<testcase name="Performance Benchmarks @performance › Application Load Performance › should have no long tasks blocking main thread" classname="performance-benchmarks.spec.ts" time="0">
<skipped>
</skipped>
</testcase>
<testcase name="Performance Benchmarks @performance › Database Query Performance › should load proxy list within threshold" classname="performance-benchmarks.spec.ts" time="0">
<skipped>
</skipped>
</testcase>
<testcase name="Performance Benchmarks @performance › Database Query Performance › should load activity log within threshold" classname="performance-benchmarks.spec.ts" time="0">
<skipped>
</skipped>
</testcase>
<testcase name="Performance Benchmarks @performance › Database Query Performance › should handle stats panel queries efficiently" classname="performance-benchmarks.spec.ts" time="0">
<skipped>
</skipped>
</testcase>
<testcase name="Performance Benchmarks @performance › Database Query Performance › should maintain performance with multiple panel switches" classname="performance-benchmarks.spec.ts" time="0">
<skipped>
</skipped>
</testcase>
<testcase name="Performance Benchmarks @performance › UI Animation Performance › should maintain 30+ FPS during animations" classname="performance-benchmarks.spec.ts" time="0">
<skipped>
</skipped>
</testcase>
<testcase name="Performance Benchmarks @performance › UI Animation Performance › should not cause layout thrashing" classname="performance-benchmarks.spec.ts" time="0">
<skipped>
</skipped>
</testcase>
<testcase name="Performance Benchmarks @performance › UI Animation Performance › should handle reduced motion efficiently" classname="performance-benchmarks.spec.ts" time="0">
<skipped>
</skipped>
</testcase>
<testcase name="Performance Benchmarks @performance › Proxy Rotation Performance › should handle rotation strategy changes quickly" classname="performance-benchmarks.spec.ts" time="0">
<skipped>
</skipped>
</testcase>
<testcase name="Performance Benchmarks @performance › Proxy Rotation Performance › should load proxy stats efficiently" classname="performance-benchmarks.spec.ts" time="0">
<skipped>
</skipped>
</testcase>
<testcase name="Performance Benchmarks @performance › Memory Usage › should stay within memory threshold" classname="performance-benchmarks.spec.ts" time="0">
<skipped>
</skipped>
</testcase>
<testcase name="Performance Benchmarks @performance › Memory Usage › should not leak memory on panel navigation" classname="performance-benchmarks.spec.ts" time="0">
<skipped>
</skipped>
</testcase>
<testcase name="Performance Benchmarks @performance › Bundle Performance › should load critical resources quickly" classname="performance-benchmarks.spec.ts" time="0">
<skipped>
</skipped>
</testcase>
<testcase name="Performance Benchmarks @performance › Bundle Performance › should have efficient first paint" classname="performance-benchmarks.spec.ts" time="0">
<skipped>
</skipped>
</testcase>
</testsuite>
<testsuite name="privacy-protection.spec.ts" timestamp="2026-01-31T09:54:13.067Z" hostname="mobile-chrome" tests="14" failures="0" skipped="14" time="0" errors="0">
<testcase name="Privacy Protection › should display privacy panel" classname="privacy-protection.spec.ts" time="0">
<skipped>
</skipped>
</testcase>
<testcase name="Privacy Protection › should show all privacy sections" classname="privacy-protection.spec.ts" time="0">
<skipped>
</skipped>
</testcase>
<testcase name="Privacy Protection › should toggle canvas fingerprint protection" classname="privacy-protection.spec.ts" time="0">
<skipped>
</skipped>
</testcase>
<testcase name="Privacy Protection › should toggle WebGL fingerprint protection" classname="privacy-protection.spec.ts" time="0">
<skipped>
</skipped>
</testcase>
<testcase name="Privacy Protection › should toggle audio fingerprint protection" classname="privacy-protection.spec.ts" time="0">
<skipped>
</skipped>
</testcase>
<testcase name="Privacy Protection › should toggle navigator spoofing" classname="privacy-protection.spec.ts" time="0">
<skipped>
</skipped>
</testcase>
<testcase name="Privacy Protection › should toggle WebRTC leak protection" classname="privacy-protection.spec.ts" time="0">
<skipped>
</skipped>
</testcase>
<testcase name="Privacy Protection › should toggle tracker blocking" classname="privacy-protection.spec.ts" time="0">
<skipped>
</skipped>
</testcase>
<testcase name="Privacy Protection › should toggle timezone spoofing" classname="privacy-protection.spec.ts" time="0">
<skipped>
</skipped>
</testcase>
<testcase name="Privacy Protection › should show all fingerprint options" classname="privacy-protection.spec.ts" time="0">
<skipped>
</skipped>
</testcase>
<testcase name="Privacy Protection › should show WebRTC and tracker options" classname="privacy-protection.spec.ts" time="0">
<skipped>
</skipped>
</testcase>
<testcase name="Privacy Protection › should show timezone spoofing option" classname="privacy-protection.spec.ts" time="0">
<skipped>
</skipped>
</testcase>
<testcase name="Privacy Protection › should be able to enable all protections" classname="privacy-protection.spec.ts" time="0">
<skipped>
</skipped>
</testcase>
<testcase name="Privacy Protection › should be able to disable all protections" classname="privacy-protection.spec.ts" time="0">
<skipped>
</skipped>
</testcase>
</testsuite>
<testsuite name="privacy-verification.spec.ts" timestamp="2026-01-31T09:54:13.067Z" hostname="mobile-chrome" tests="6" failures="0" skipped="6" time="0" errors="0">
<testcase name="Privacy Verification › should enable fingerprint spoofing and verify settings persist" classname="privacy-verification.spec.ts" time="0">
<skipped>
</skipped>
</testcase>
<testcase name="Privacy Verification › should verify WebRTC leak prevention is configurable" classname="privacy-verification.spec.ts" time="0">
<skipped>
</skipped>
</testcase>
<testcase name="Privacy Verification › should verify tracker blocking functionality" classname="privacy-verification.spec.ts" time="0">
<skipped>
</skipped>
</testcase>
<testcase name="Privacy Verification › should enable all privacy protections simultaneously" classname="privacy-verification.spec.ts" time="0">
<skipped>
</skipped>
</testcase>
<testcase name="Privacy Verification › should toggle individual protections without affecting others" classname="privacy-verification.spec.ts" time="0">
<skipped>
</skipped>
</testcase>
<testcase name="Privacy Verification › should display privacy protection status indicators" classname="privacy-verification.spec.ts" time="0">
<skipped>
</skipped>
</testcase>
</testsuite>
<testsuite name="proxy-management.spec.ts" timestamp="2026-01-31T09:54:13.067Z" hostname="mobile-chrome" tests="7" failures="0" skipped="7" time="0" errors="0">
<testcase name="Proxy Management › should display proxy panel" classname="proxy-management.spec.ts" time="0">
<skipped>
</skipped>
</testcase>
<testcase name="Proxy Management › should display add proxy button" classname="proxy-management.spec.ts" time="0">
<skipped>
</skipped>
</testcase>
<testcase name="Proxy Management › should display proxy list or empty state" classname="proxy-management.spec.ts" time="0">
<skipped>
</skipped>
</testcase>
<testcase name="Proxy Management › should show proxy statistics" classname="proxy-management.spec.ts" time="0">
<skipped>
</skipped>
</testcase>
<testcase name="Proxy Management › should change rotation strategy" classname="proxy-management.spec.ts" time="0">
<skipped>
</skipped>
</testcase>
<testcase name="Proxy Management › should toggle proxy panel visibility" classname="proxy-management.spec.ts" time="0">
<skipped>
</skipped>
</testcase>
<testcase name="Proxy Management › should display all rotation strategy options" classname="proxy-management.spec.ts" time="0">
<skipped>
</skipped>
</testcase>
</testsuite>
<testsuite name="proxy-rotation.spec.ts" timestamp="2026-01-31T09:54:13.067Z" hostname="mobile-chrome" tests="12" failures="0" skipped="12" time="0" errors="0">
<testcase name="Proxy Rotation › should display rotation strategy selector" classname="proxy-rotation.spec.ts" time="0">
<skipped>
</skipped>
</testcase>
<testcase name="Proxy Rotation › should have all rotation strategy options available" classname="proxy-rotation.spec.ts" time="0">
<skipped>
</skipped>
</testcase>
<testcase name="Proxy Rotation › should change to Round Robin strategy" classname="proxy-rotation.spec.ts" time="0">
<skipped>
</skipped>
</testcase>
<testcase name="Proxy Rotation › should change to Random strategy" classname="proxy-rotation.spec.ts" time="0">
<skipped>
</skipped>
</testcase>
<testcase name="Proxy Rotation › should change to Least Used strategy" classname="proxy-rotation.spec.ts" time="0">
<skipped>
</skipped>
</testcase>
<testcase name="Proxy Rotation › should change to Fastest strategy" classname="proxy-rotation.spec.ts" time="0">
<skipped>
</skipped>
</testcase>
<testcase name="Proxy Rotation › should change to Failure Aware strategy" classname="proxy-rotation.spec.ts" time="0">
<skipped>
</skipped>
</testcase>
<testcase name="Proxy Rotation › should change to Weighted strategy" classname="proxy-rotation.spec.ts" time="0">
<skipped>
</skipped>
</testcase>
<testcase name="Proxy Rotation › should cycle through all rotation strategies" classname="proxy-rotation.spec.ts" time="0">
<skipped>
</skipped>
</testcase>
<testcase name="Proxy Rotation › should maintain rotation strategy after panel toggle" classname="proxy-rotation.spec.ts" time="0">
<skipped>
</skipped>
</testcase>
<testcase name="Proxy Rotation › should display proxy statistics relevant to rotation" classname="proxy-rotation.spec.ts" time="0">
<skipped>
</skipped>
</testcase>
<testcase name="Proxy Rotation › should display Add Proxy button for expanding rotation pool" classname="proxy-rotation.spec.ts" time="0">
<skipped>
</skipped>
</testcase>
</testsuite>
<testsuite name="scheduling-system.spec.ts" timestamp="2026-01-31T09:54:13.067Z" hostname="mobile-chrome" tests="10" failures="0" skipped="10" time="0" errors="0">
<testcase name="Scheduling System › should display automation panel for scheduling" classname="scheduling-system.spec.ts" time="0">
<skipped>
</skipped>
</testcase>
<testcase name="Scheduling System › should setup automation task that can be scheduled" classname="scheduling-system.spec.ts" time="0">
<skipped>
</skipped>
</testcase>
<testcase name="Scheduling System › should configure search engine for scheduled task" classname="scheduling-system.spec.ts" time="0">
<skipped>
</skipped>
</testcase>
<testcase name="Scheduling System › should display task counts for scheduling overview" classname="scheduling-system.spec.ts" time="0">
<skipped>
</skipped>
</testcase>
<testcase name="Scheduling System › should support multiple target domains for scheduled execution" classname="scheduling-system.spec.ts" time="0">
<skipped>
</skipped>
</testcase>
<testcase name="Scheduling System › should have start button for immediate execution" classname="scheduling-system.spec.ts" time="0">
<skipped>
</skipped>
</testcase>
<testcase name="Scheduling System › should display automation controls for schedule management" classname="scheduling-system.spec.ts" time="0">
<skipped>
</skipped>
</testcase>
<testcase name="Scheduling System › should allow removal of scheduled keywords" classname="scheduling-system.spec.ts" time="0">
<skipped>
</skipped>
</testcase>
<testcase name="Scheduling System › should allow removal of scheduled domains" classname="scheduling-system.spec.ts" time="0">
<skipped>
</skipped>
</testcase>
<testcase name="Scheduling System › should maintain schedule configuration across panel switches" classname="scheduling-system.spec.ts" time="0">
<skipped>
</skipped>
</testcase>
</testsuite>
<testsuite name="security-fixes-validation.spec.ts" timestamp="2026-01-31T09:54:13.067Z" hostname="mobile-chrome" tests="17" failures="0" skipped="17" time="0" errors="0">
<testcase name="Security Fixes Validation @smoke @security › WebRTC Protection (IP Leak Prevention) › should block WebRTC by default" classname="security-fixes-validation.spec.ts" time="0">
<skipped>
</skipped>
</testcase>
<testcase name="Security Fixes Validation @smoke @security › WebRTC Protection (IP Leak Prevention) › should prevent RTCPeerConnection IP leaks" classname="security-fixes-validation.spec.ts" time="0">
<skipped>
</skipped>
</testcase>
<testcase name="Security Fixes Validation @smoke @security › WebRTC Protection (IP Leak Prevention) › should block getUserMedia to prevent device fingerprinting" classname="security-fixes-validation.spec.ts" time="0">
<skipped>
</skipped>
</testcase>
<testcase name="Security Fixes Validation @smoke @security › WebRTC Protection (IP Leak Prevention) › should prevent enumerateDevices fingerprinting" classname="security-fixes-validation.spec.ts" time="0">
<skipped>
</skipped>
</testcase>
<testcase name="Security Fixes Validation @smoke @security › Tracker Blocker (ReDoS Prevention) › should block trackers without ReDoS vulnerability" classname="security-fixes-validation.spec.ts" time="0">
<skipped>
</skipped>
</testcase>
<testcase name="Security Fixes Validation @smoke @security › Tracker Blocker (ReDoS Prevention) › should handle malicious URLs without hanging" classname="security-fixes-validation.spec.ts" time="0">
<skipped>
</skipped>
</testcase>
<testcase name="Security Fixes Validation @smoke @security › Tracker Blocker (ReDoS Prevention) › should handle exponential backtracking patterns safely" classname="security-fixes-validation.spec.ts" time="0">
<skipped>
</skipped>
</testcase>
<testcase name="Security Fixes Validation @smoke @security › Session URL Validation (SSRF Prevention) › should reject internal network URLs" classname="security-fixes-validation.spec.ts" time="0">
<skipped>
</skipped>
</testcase>
<testcase name="Security Fixes Validation @smoke @security › Session URL Validation (SSRF Prevention) › should reject file:// protocol URLs" classname="security-fixes-validation.spec.ts" time="0">
<skipped>
</skipped>
</testcase>
<testcase name="Security Fixes Validation @smoke @security › Session URL Validation (SSRF Prevention) › should reject DNS rebinding attempts" classname="security-fixes-validation.spec.ts" time="0">
<skipped>
</skipped>
</testcase>
<testcase name="Security Fixes Validation @smoke @security › Credential Encryption (safeStorage) › should use secure credential storage" classname="security-fixes-validation.spec.ts" time="0">
<skipped>
</skipped>
</testcase>
<testcase name="Security Fixes Validation @smoke @security › Credential Encryption (safeStorage) › should not expose credentials in DOM" classname="security-fixes-validation.spec.ts" time="0">
<skipped>
</skipped>
</testcase>
<testcase name="Security Fixes Validation @smoke @security › Credential Encryption (safeStorage) › should mask passwords in proxy configuration" classname="security-fixes-validation.spec.ts" time="0">
<skipped>
</skipped>
</testcase>
<testcase name="Security Fixes Validation @smoke @security › Credential Encryption (safeStorage) › should clear sensitive data on logout/close" classname="security-fixes-validation.spec.ts" time="0">
<skipped>
</skipped>
</testcase>
<testcase name="Security Fixes Validation @smoke @security › Additional Security Checks › should set secure HTTP headers" classname="security-fixes-validation.spec.ts" time="0">
<skipped>
</skipped>
</testcase>
<testcase name="Security Fixes Validation @smoke @security › Additional Security Checks › should sanitize user input" classname="security-fixes-validation.spec.ts" time="0">
<skipped>
</skipped>
</testcase>
<testcase name="Security Fixes Validation @smoke @security › Additional Security Checks › should prevent prototype pollution" classname="security-fixes-validation.spec.ts" time="0">
<skipped>
</skipped>
</testcase>
</testsuite>
<testsuite name="session-isolation.spec.ts" timestamp="2026-01-31T09:54:13.067Z" hostname="mobile-chrome" tests="10" failures="0" skipped="10" time="0" errors="0">
<testcase name="Session Isolation › should display tab bar with initial tab" classname="session-isolation.spec.ts" time="0">
<skipped>
</skipped>
</testcase>
<testcase name="Session Isolation › should have new tab button functional" classname="session-isolation.spec.ts" time="0">
<skipped>
</skipped>
</testcase>
<testcase name="Session Isolation › should display proxy status for current session" classname="session-isolation.spec.ts" time="0">
<skipped>
</skipped>
</testcase>
<testcase name="Session Isolation › should be able to configure proxy for session" classname="session-isolation.spec.ts" time="0">
<skipped>
</skipped>
</testcase>
<testcase name="Session Isolation › should verify session panel can be toggled" classname="session-isolation.spec.ts" time="0">
<skipped>
</skipped>
</testcase>
<testcase name="Session Isolation › should display session statistics" classname="session-isolation.spec.ts" time="0">
<skipped>
</skipped>
</testcase>
<testcase name="Session Isolation › should maintain UI state across panel switches" classname="session-isolation.spec.ts" time="0">
<skipped>
</skipped>
</testcase>
<testcase name="Session Isolation › should display address bar for navigation" classname="session-isolation.spec.ts" time="0">
<skipped>
</skipped>
</testcase>
<testcase name="Session Isolation › should have navigation controls for session" classname="session-isolation.spec.ts" time="0">
<skipped>
</skipped>
</testcase>
<testcase name="Session Isolation › should support multiple rotation strategies for session isolation" classname="session-isolation.spec.ts" time="0">
<skipped>
</skipped>
</testcase>
</testsuite>
<testsuite name="stats-panel.spec.ts" timestamp="2026-01-31T09:54:13.067Z" hostname="mobile-chrome" tests="13" failures="0" skipped="13" time="0" errors="0">
<testcase name="Stats Panel › should open stats panel" classname="stats-panel.spec.ts" time="0">
<skipped>
</skipped>
</testcase>
<testcase name="Stats Panel › should display stats panel via toolbar" classname="stats-panel.spec.ts" time="0">
<skipped>
</skipped>
</testcase>
<testcase name="Stats Panel › should toggle stats panel visibility" classname="stats-panel.spec.ts" time="0">
<skipped>
</skipped>
</testcase>
<testcase name="Stats Panel › should display statistics content" classname="stats-panel.spec.ts" time="0">
<skipped>
</skipped>
</testcase>
<testcase name="Stats Panel › should display numeric statistics" classname="stats-panel.spec.ts" time="0">
<skipped>
</skipped>
</testcase>
<testcase name="Stats Panel › should display proxy-related statistics" classname="stats-panel.spec.ts" time="0">
<skipped>
</skipped>
</testcase>
<testcase name="Stats Panel › should display automation-related statistics" classname="stats-panel.spec.ts" time="0">
<skipped>
</skipped>
</testcase>
<testcase name="Stats Panel › should render charts if present" classname="stats-panel.spec.ts" time="0">
<skipped>
</skipped>
</testcase>
<testcase name="Stats Panel › should have refresh capability" classname="stats-panel.spec.ts" time="0">
<skipped>
</skipped>
</testcase>
<testcase name="Stats Panel Sections › should display session statistics section" classname="stats-panel.spec.ts" time="0">
<skipped>
</skipped>
</testcase>
<testcase name="Stats Panel Sections › should display privacy statistics section" classname="stats-panel.spec.ts" time="0">
<skipped>
</skipped>
</testcase>
<testcase name="Stats Panel Sections › should display time-based metrics" classname="stats-panel.spec.ts" time="0">
<skipped>
</skipped>
</testcase>
<testcase name="Stats Panel Sections › should maintain stats after panel switching" classname="stats-panel.spec.ts" time="0">
<skipped>
</skipped>
</testcase>
</testsuite>
<testsuite name="tab-management.spec.ts" timestamp="2026-01-31T09:54:13.067Z" hostname="mobile-chrome" tests="15" failures="0" skipped="15" time="0" errors="0">
<testcase name="Tab Management › should display tab bar with initial tab" classname="tab-management.spec.ts" time="0">
<skipped>
</skipped>
</testcase>
<testcase name="Tab Management › should display new tab button" classname="tab-management.spec.ts" time="0">
<skipped>
</skipped>
</testcase>
<testcase name="Tab Management › should create new tab when clicking new tab button" classname="tab-management.spec.ts" time="0">
<skipped>
</skipped>
</testcase>
<testcase name="Tab Management › should create multiple tabs" classname="tab-management.spec.ts" time="0">
<skipped>
</skipped>
</testcase>
<testcase name="Tab Management › should switch to tab when clicking on it" classname="tab-management.spec.ts" time="0">
<skipped>
</skipped>
</testcase>
<testcase name="Tab Management › should display close button on tabs" classname="tab-management.spec.ts" time="0">
<skipped>
</skipped>
</testcase>
<testcase name="Tab Management › should close tab when clicking close button" classname="tab-management.spec.ts" time="0">
<skipped>
</skipped>
</testcase>
<testcase name="Tab Management › should not close last remaining tab" classname="tab-management.spec.ts" time="0">
<skipped>
</skipped>
</testcase>
<testcase name="Tab Management › should display tab title" classname="tab-management.spec.ts" time="0">
<skipped>
</skipped>
</testcase>
<testcase name="Tab Management › should show proxy status for each tab session" classname="tab-management.spec.ts" time="0">
<skipped>
</skipped>
</testcase>
<testcase name="Tab Management › should maintain tab state when switching panels" classname="tab-management.spec.ts" time="0">
<skipped>
</skipped>
</testcase>
<testcase name="Tab Isolation › should display proxy configuration per tab" classname="tab-management.spec.ts" time="0">
<skipped>
</skipped>
</testcase>
<testcase name="Tab Isolation › should support different rotation strategies for session isolation" classname="tab-management.spec.ts" time="0">
<skipped>
</skipped>
</testcase>
<testcase name="Tab Isolation › should display address bar for tab navigation" classname="tab-management.spec.ts" time="0">
<skipped>
</skipped>
</testcase>
<testcase name="Tab Isolation › should have navigation controls for tab browsing" classname="tab-management.spec.ts" time="0">
<skipped>
</skipped>
</testcase>
</testsuite>
</testsuites>